std2_admin_users_users==a#xpath#//*[@id="users_angular_menu_link"]
add_user_button==button#xpath#//*[@id="new_button"]
USER_First_Name==input#xpath#//*[@id="user_FirstName"]
User_Extension==input#xpath#//*[@id="user_dn_DN"]
save_user==button#xpath#//*[@id="ng_save_button"]
client_user_name==input#xpath#//*[@id="user_GuiLoginName"]
user_Last_Name==input#xpath#//*[@id="user_LastName"]
user_search_box==div#xpath#//div[@id='list']/div/div/div/table/tbody/tr/td/table/tbody/tr/td/div/span[@class='ui-icon search-toggle-icon-normal']
user_search_box_selected==div#xpath#//div[@id='list']/div/div/div/table/tbody/tr/td/table/tbody/tr/td/div/span[@class='ui-icon search-toggle-icon-normal search-toggle-icon-selected']
search_user_first_name==tr#xpath#//tr[contains(@class,'ui-search-toolbar')]/th[2]/div/input[contains(@id,'gs_FirstName')]
Search_Grid_Canvas==div#xpath#//*[@class="ui-jqgrid-bdiv"]/div/table[(@id="list_table")]/tbody
first_row_user_first_name==div#xpath#//*[@class="ui-jqgrid-bdiv"]/div/table[(@id="list_table")]/tbody/tr[2]/td[2]
first_row_user_last_name==div#xpath#//*[@class="ui-jqgrid-bdiv"]/div/table[(@id="list_table")]/tbody/tr[2]/td[3]
first_row_user_extension==div#xpath#//*[@class="ui-jqgrid-bdiv"]/div/table[(@id="list_table")]/tbody/tr[2]/td[4]
user_confirmation_popup==class#xpath#//*[@class="modal"]
OK_confirmation_button==class#xpath#//*[@class="btn-details ng-binding ng-scope"][2]
Delete_std2_user_Button==button#xpath#//*[@id="delete_button"]
std2_admin_users_users_grid==table#xpath#//*[@id="list_table"]
user_did_enable==input#xpath#//*[@id="user_DIDEnabled"]
user_did_range==input#xpath#//*[@id="user_did_range_digits"]
user_did_setting==class#xpath#//*[@id="edit_did_link"]
user_did_setting1==class#xpath#(//*[@id="edit_did_link"])[last()-1]

