call_recording==li#xpath#//*[@id="menu"]/li[4]/div/div[3]/ul/li/a
Phone_system_tab==link#id#phone_system_nav

recent_call==a#xpath#//a[contains(text(),'Recent Calls')]
recent_call_1==li#xpath#/html/body/div[1]/div[22]/div[1]/div[1]/div/div/ul[1]/li[1]/a
custom_search==li#xpath#/html/body/div[1]/div[22]/div[1]/div[1]/div/div/ul[1]/li[2]/a
user_select==li#xpath#/html/body/div[1]/div[17]/div[3]/div[1]/div[1]/ul/li[2]/a


user_data_table==tbody#xpath#//*[@id="grid_users"]/div[2]/table/tbody


table_entry==tr#xpath#//*[@id="grid"]/div[2]/table/tbody/tr[1]




play==li#id#playAudio

play_update==li#xpath#//a[contains(text(),'Play')]
table_list==div#xpath#//*[@id="grid"]
user_account==div#xpath#//*[@id="header"]/div[2]/div[2]/div[1]

user_account_boss==div#xpath#/html/body/div[1]/div[22]/header/div[2]/div[2]
log_off==li#xpath#//*[@id="logoutDiv"]
log_off_boss==a#xpath#//*[@id="logoutDiv"]
yes_log_off==button#xpath#//*[@id="btn_yes"]
boss_log_off==div#xpath#//*[@id="userOptions"]
yes_boss==a#xpath#//*[@id="userMenuItems"]/ul/li[4]/div/a


extension_select==input#xpath#//*[@id="txt_EXTENSION"]
select_ok==button#xpath#//*[@id="btn_cs_ok"]

click_options==li#xpath#//*[@id="current"]
select_date_menu==div#id#optiondateselect
date_option==ul#xpath#//*[@id="OptionDateSelectBoxItOptions"]

select_start_time==text#xpath#//*[@id="CustomStarttime"]
select_end_time==text#xpath#//*[@id="CustomEndtime"]
select_end_time_1==text#id#CustomEndtime

recording_duration_st==text#id#MinimumVal
recording_duration_et==text#id#MaximumVal

CLID_select==input#xpath#//*[@id="txt_CLID"]
dialNumber_select_1==a#xpath#//*[@id="current"]/a
dialNumber_select==a#xpath#//a[contains(text(),'Dialed Number')]
DN_select==ul#xpath#//*[@id="TScustom_tabs"]

dnis_option==input#xpath#//*[@id="textbox_Dailnum"]

create==button#xpath#//*[@id="createpopbtn"]
input_dnis==input#xpath#//*[@id="DNIStxtbox"]
ok==button#xpath#//*[@id="Createpopup_ok"]
dnis_ok==button#xpath#//*[@id="alertmessage_btn"]
dnis_close==button#xpath#//*[@id="Createpopup_cancel"]
select_num==tr#xpath#//*[@id="grid_dailednumbers"]/div[2]/table/tbody/tr
select_num_add==td#xpath#//*[@id="grid_dailednumbers"]/div[2]/table/tbody/tr/td[1]
select_num_rev==td#xpath#//*[@id="selectedgrid_dailednumbers"]/div[2]/table/tbody/tr/td[1]
add_arrow==button#xpath#//*[@id="dailednumbers_add"]
remove_arrow==button#xpath#//*[@id="dailednumbers_remove"]
delete==button#xpath#//*[@id="deletepopbtn"]
delete_yes==button#xpath#//*[@id="DNIS_yes"]
cs_ok==button#xpath#//*[@id="btn_cs_ok"]

tenant_menu==div#id#tenantsDiv
#tenant_menu==span#xpath#//div[@id='tenantsDiv']/span[@class='k-widget k-dropdown k-header']
#tenant_menu===span#xpath#/html/body/div[1]/div[22]/footer/div/table/tbody/tr/td[2]/div/table/tbody/tr/td[1]/div/div[2]/div/span

tenant_options==ul#id#sel_Tenants_listbox

add_user_arrow==button#id#users_add
