phone_system_menu==a#xpath#//*[@id="phone_system_nav"]
add-on_features_submenu==a#xpath#//*[@class="dropdown_2columns "]//ul/li/a[text()="Add-on Features"]
Mobility_Manage==a#xpath#//*[@id="settings_20"]/following-sibling::button/span[contains(text(),"Manage")]
CosmoMobility_Grid==div#id#datagrid_shoreTelCosmoMobilityGrid
CosmoMobility_Add==button#id#shoreTelCosmoMobilityGridbtnAdd
Add_grid==div#id#datagrid_profilesSelectDataGrid
Addgrid_Name==input#id#headerRow_FullName
Addgrid_Next==button#id#selectProfilesWizard_next
Addgrid_Finish==button#id#selectProfilesWizard_finish
Addgrid_checkbox==div#xpath#//*[@id="datagrid_profilesSelectDataGrid"]/div[5]/div/div[1]/div[1]
Requestedby==div#id#RequestedBy
Requestedsources==div#id#RequestSources
Casenumber==input#id#CaseNumber
Summary==div#xpath#//*[@id="tblOverview"]/tbody/tr[2]
Click_Ok==button#id#fnMessageBox_OK
connect_scribe_activate==button#xpath#//*[@id="ui-tabs-1"]/div[2]/ul/li[4]/div/div[2]/button
activate_CosmoScribe_OK==button#id#UpdateShoreTelCosmoScribeForm_OK
Scribe_Manage==a#xpath#//*[@id="settings_23"]/following-sibling::button/span[contains(text(),"Manage")]
CosmoScribeGridbtnAdd==button#id#CosmoScribeGridbtnAdd
user_phone_settings==select#xpath#//*[@id="datagrid_usersDataGrid"]/div[5]/div/div/div[3]/a
App Integrations==a#xpath#//*[text()="App Integrations"]
Exchange_server_name==span#xpath#//*[@id="ExchangeServer"]
Exchange_server_input_box==input#xpath#//*[contains(@name,'value')]
Exchange_save_click==button#xpath#//*[contains(@type,'submit')]
Click_Remove==span#xpath#//*[text()="Remove"]
Exchange_server_popup==div#xpath#//*[@class="ui-dialog ui-widget ui-widget-content ui-corner-all ui-front ui-dialog-buttons ui-draggable"]
Add_On_Feature_Connect_Scribe_Hybrid_Manage==button#xpath#//*[@id="ui-tabs-1"]/div[2]/ul/li[1]/div/div[2]/button[2]/span[2]
Add_On_Feature_Scribe_Add==button#id#connectScribeGridbtnAdd
Add_On_Feature_Scribe_Add_Select_All==input#xpath#//*[@title="Select/Deselect All"]//*[@type="checkbox"]
Add_On_Feature_Scribe_Add_Grid_Input_FullName==input#xpath#//*[@id="datagrid_profilesSelectDataGrid"]//*[@id="headerRow_FullName"]
Add_On_Feature_Scribe_Add_Grid==div#xpath#//*[@id="datagrid_profilesSelectDataGrid"]//*[@class="grid-canvas"]
Add_On_Feature_Scribe_Add_Next==button#id#selectProfilesWizard_next
Add_On_Feature_Scribe_Add_Next_Req_By==select#id#RequestedBy
Add_On_Feature_Scribe_Add_Next_Req_Src==select#id#RequestSources
Add_On_Feature_Scribe_Add_Next_TC_Link==a#id#TCLink
Add_On_Feature_Scribe_Add_Next_TC_Accept==input#id#TCAccept
Add_On_Feature_Scribe_Add_Next_Finish==button#id#selectProfilesWizard_finish
Add_On_Feature_Scribe_Add_Next_Finish_OK==button#id#fnMessageBox_OK
Add_On_Feature_Scribe_Manage_Page==div#id#m5portal_breadcrumb

Add_On_Feature_Fax_Hybrid_Activate==button#xpath#//span[contains(text(), "Activate")]
Add_On_Feature_Fax_Hybrid_OK==button#xpath#//*[@id="UpdateShoreTelFaxForm_OK"]
Add_On_Feature_Fax_Hybrid_Cancel==button#xpath#//*[@id="UpdateShoreTelFaxForm_Cancel"]
Add_On_Feature_Fax_Hybrid_Manage==button#xpath#//*[@id="ui-tabs-1"]/div[2]/ul/li[2]/div/div[2]/button[2]/span[2]
Add_On_Feature_Fax_Hybrid_Add==button#id#shoreTelFaxGridbtnAdd
Add_On_Feature_Fax_Hybrid_Add_Page==span#xpath#//*[@id="ui-id-6" and contains(text(), "Add ShoreTel Fax User")]
Add_On_Feature_Fax_Hybrid_Add_Select_All==input#xpath#//*[@id="slickgrid_397117_checkbox_selector"]/nobr/input
Add_On_Feature_Fax_Hybrid_Add_Grid_Input_FullName==input#xpath#//*[@id="headerRow_Name"]
Add_On_Feature_Fax_Hybrid_Add_Grid==div#xpath#//*[@id="datagrid_faxUsers"]//*[@class="grid-canvas"]
Add_On_Feature_Fax_Hybrid_Add_Next==button#id#AddFaxWizard_next
Add_On_Feature_Fax_Hybrid_Numbers_Select_All==input#xpath#//*[@id="slickgrid_267304_checkbox_selector"]/nobr/input
Add_On_Feature_Fax_Hybrid_Numbers_Grid_Input_Number==input#id#headerRow_Id
Add_On_Feature_Fax_Hybrid_Numbers_Grid==div#xpath#//*[@id="datagrid_faxNumbers"]//*[@class="grid-canvas"]
Add_On_Feature_Fax_Hybrid_Numbers_Next_Req_By==select#id#RequestedBy
Add_On_Feature_Fax_Hybrid_Numbers_Next_Req_Src==select#id#RequestSources
Add_On_Feature_Fax_Hybrid_Numbers_Next_TC_Link==a#id#TCLink
Add_On_Feature_Fax_Hybrid_Numbers_Next_TC_Accept==input#id#TCAccept
Add_On_Feature_Fax_Hybrid_Numbers_Next_Finish==button#id#AddFaxWizard_finish
Add_On_Feature_Fax_Hybrid_Numbers_Next_Finish_OK==button#id#fnMessageBox_OK

Add_On_Feature_ShoreTel_Connect_Hybrid==button#xpath#//*[@id="ui-tabs-1"]//*/li[6]//*/button/*[contains(text(), "Activate")]

Activate_Connect_Archiving==button#xpath#//*[@id="ui-tabs-1"]/div[2]/ul/li[6]/div/div[2]/button
Archive_Settings==a#xpath#//*[@id="selectArchivalSettingWizard"]//li[1]/a
MiCloud_Connect_IM_Archive==input#id#352
MiCloud_Connect_Call_Recording_Archive==input#id#366
MiCloud_Connect_Collaboration_Archive==input#id#367
Select_Archive_Next==button#id#selectArchivalSettingWizard_next
Select_Archive_Finish==button#id#selectArchivalSettingWizard_finish
Activation_Date==input#id#ActivationDate
Archive_Location==select#id#Location
Requested_By==select#id#RequestedBy
Request_Sources==select#id#RequestSources
Case_Number==input#id#CaseNumber

Activate_Connect_Call_Recording==button#xpath#//*[@id="ui-tabs-1"]/div[2]/ul/li[8]//button
Call_Recording_Setting_Page==span#xpath#//*[@id="ui-id-12"]
Update_Call_Recording_OK==button#id#UpdateCosmoCallRecordingsForm_OK

Manage_Instant_Messaging==button#xpath#//*[@id="ui-tabs-1"]/div[2]/ul/li[10]/div/div[2]/button[2]
Instant_Message_User_Add==button#id#UIMUserGridbtnAdd
Add_IM_User_Page==span#xpath#//*[@id="ui-id-4"]
Header_Row_Full_Name==input#id#headerRow_FullName
IM_User_Grid==div#xpath#//*[@id="datagrid_profilesSelectDataGrid"]//div[@class="grid-canvas"]
Profile_Select_Next_Button==button#id#selectProfilesWizard_next

