operations_instances_submenu==div#xpath#//*[@id="operations_div"]/div[2]/ul/li[1]/a
instance_name_search==input#id#headerRow_Name
access_search==input#id#headerRow_AccessNumber
reverse_dial_search==input#id#headerRow_ReverseDialNumber
handover_search==input#id#headerRow_HandoverNumber
instance_grid_row1_name==div#xpath#//*[@id="datagrid_ClusterGrid"]/div[5]/div/div/div[1]/a
global_smr_first_add==button#id#addFirstTimeGlobalSMRSupportBtn
show_configured==a#id#hideOrShowSMRConfiguredGlobalCountriesAnchor
global_smr_add==button#id#SMRGlobalAccessNumberGridAddButton
global_smr_update==button#id#SMRGlobalAccessNumberGridUpdateButton
ddl_global_countries==select#id#ddlGlobalCountries
ddl_global_access_number==select#id#ddlGlobalAccessNumber
ddl_global_reverse_dial_number==select#id#ddlGlobalReverseDialNumber
ddl_global_handover_number==select#id#ddlGlobalHandoverNumber
global_smr_add_modal_save==button#id#SMRGlobalAccessNumberForm_OK
global_smr_grid_country_input==input#id#headerRow_CountryName
global_smr_grid_country_column==div#xpath#//*[@id="datagrid_SMRGlobalAccessNumberGrid"]/div[5]/div[1]/div/div[2]
confirm_ok==button#id#fnMessageBox_OK
global_smr_grid_row1_checkbox==input#xpath#//*[@id="datagrid_SMRGlobalAccessNumberGrid"]/div[5]/div/div[1]/div[1]
global_smr_country_label==div#id#ddlGlobalCountryLabel