#tabs
pi_tab_wrapper==div#xpath#//div[@id="personDetailsTabs"]

#tab selectors
pi_tab_contact_selector==li#xpath#//li[@id="tab-contact"]//a
pi_tab_roles_selector==li#xpath#//li[@id="tab-roles"]//a
pi_tab_notifications_selector==li#xpath#//li[@id="tab-NotificationCategory"]//a

#contact tab
pi_tab_contact==div#xpath#//div[@id="personDetailsTabs"]//div[@id="ui-tabs-1"]
pi_tab_contact_MitelLogIn==legend#xpath#(//div[@id="personGeneralDetails"]//fieldset//legend)[1]
pi_tab_contact_changePasswordButton==button#xpath#//button[@id="changePassword"]
pi_tab_contact_inputError==label#xpath#//label[contains(@class, "input-validation-error")]
pi_tab_contact_username==span#xpath#//span[@id="username"]
pi_tab_contact_username_input==input#xpath#//span[@id="username"]//form//input
pi_tab_contact_username_submit==button#xpath#//span[@id="username"]//form//button[@type="submit"]
pi_tab_contact_username_cancel==button#xpath#//span[@id="username"]//form//button[@type="cancel"]
pi_tab_contact_lastLogin_label==label#xpath#//td[contains(text(),"Last Log In")]
pi_tab_contact_lastLogin_display==text#xpath#(//td[contains(text(),"Last Log In")]/parent::tr//td)[2]
pi_tab_contact_ContactInformation==legend#xpath#(//div[@id="personGeneralDetails"]//fieldset//legend)[2]
pi_tab_contact_firstName==span#xpath#//span[@id="firstName"]
pi_tab_contact_firstName_input==input#xpath#//span[@id="firstName"]//form//input
pi_tab_contact_firstName_submit==button#xpath#//span[@id="firstName"]//form//button[@type="submit"]
pi_tab_contact_firstName_cancel==button#xpath#//span[@id="firstName"]//form//button[@type="cancel"]
pi_tab_contact_lastName==span#xpath#//span[@id="lastName"]
pi_tab_contact_lastName_input==input#xpath#//span[@id="lastName"]//form//input
pi_tab_contact_lastName_submit==button#xpath#//span[@id="lastName"]//form//button[@type="submit"]
pi_tab_contact_lastName_cancel==button#xpath#//span[@id="lastName"]//form//button[@type="cancel"]
pi_tab_contact_title==span#xpath#//span[@id="title"]
pi_tab_contact_title_input==input#xpath#//span[@id="title"]//form//input
pi_tab_contact_title_submit==button#xpath#//span[@id="title"]//form//button[@type="submit"]
pi_tab_contact_title_cancel==button#xpath#//span[@id="title"]//form//button[@type="cancel"]
pi_tab_contact_businessEmail==span#xpath#//span[@id="businessEmail"]
pi_tab_contact_businessEmail_input==input#xpath#//span[@id="businessEmail"]//form//input
pi_tab_contact_businessEmail_submit==button#xpath#//span[@id="businessEmail"]//form//button[@type="submit"]
pi_tab_contact_businessEmail_cancel==button#xpath#//span[@id="businessEmail"]//form//button[@type="cancel"]
pi_tab_contact_personalEmail==span#xpath#//span[@id="personalEmail"]
pi_tab_contact_personalEmail_input==input#xpath#//span[@id="personalEmail"]//form//input
pi_tab_contact_personalEmail_submit==button#xpath#//span[@id="personalEmail"]//form//button[@type="submit"]
pi_tab_contact_personalEmail_cancel==button#xpath#//span[@id="personalEmail"]//form//button[@type="cancel"]
pi_tab_contact_cellPhone==span#xpath#//span[@id="cellPhone"]
pi_tab_contact_cellPhone_input==input#xpath#//span[@id="cellPhone"]//form//input
pi_tab_contact_cellPhone_submit==button#xpath#//span[@id="cellPhone"]//form//button[@type="submit"]
pi_tab_contact_cellPhone_cancel==button#xpath#//span[@id="cellPhone"]//form//button[@type="cancel"]
pi_tab_contact_homePhone==span#xpath#//span[@id="homePhone"]
pi_tab_contact_homePhone_input==input#xpath#//span[@id="homePhone"]//form//input
pi_tab_contact_homePhone_submit==button#xpath#//span[@id="homePhone"]//form//button[@type="submit"]
pi_tab_contact_homePhone_cancel==button#xpath#//span[@id="homePhone"]//form//button[@type="cancel"]
pi_tab_contact_location==span#xpath#//span[@id="personLocation"]
pi_tab_contact_Location==legend#xpath#(//div[@id="personGeneralDetails"]//fieldset//legend)[3]
pi_tab_contact_Location_help==image#xpath#(//div[@id="personGeneralDetails"]//fieldset//legend)[3]/parent::fieldset//img
pi_tab_contact_location_input==select#xpath#//span[@id="personLocation"]//form//select
pi_tab_contact_location_submit==button#xpath#//span[@id="personLocation"]//form//button[@type="submit"]
pi_tab_contact_location_cancel==button#xpath#//span[@id="personLocation"]//form//button[@type="cancel"]
pi_tab_contact_MyServices==legend#xpath#(//div[@id="personGeneralDetails"]//fieldset//legend)[4]
pi_tab_contact_grid_filter_tn==input#xpath#//input[@id="headerRow_FormattedTN"]
pi_tab_contact_grid_filter_serviceType==input#xpath#//input[@id="headerRow_ProductName"]
pi_tab_contact_grid_filter_activationDate==input#xpath#//input[@id="headerRow_DateLive"]
pi_tab_contact_AddFeature==legend#xpath#(//div[@id="personGeneralDetails"]//fieldset//legend)[5]
pi_tab_contact_profile==select#xpath#//select[@id="ProfileId"]
pi_tab_contact_feature==select#xpath#//select[@id="Feature"]
pi_tab_contact_activationDate==input#xpath#//input[@id="DateLive"]
pi_tab_contact_addFeatureButton==button#xpath#//button[@id="addFeatureButton"]
pi_tab_contact_msg_noFeatures==div#xpath#//div[@id="noFeaturesWarning"]
pi_tab_contact_msg_noPackages==div#xpath#//div[@id="noPackages"]

#roles and permissions tab
pi_tab_roles==div#xpath#//div[@id="personDetailsTabs"]//div[@id="ui-tabs-2"]
pi_tab_roles_MitelRoles==legend#xpath#(//div[@id="personDetailsRoles"]//fieldset//legend)[1]
pi_tab_roles_roles==select#xpath#//select[@id="availableRoles"]
pi_tab_roles_roles_dm==select#xpath#//select[@id="availableRoles"]//option[@value="1"]
pi_tab_roles_roles_pm==select#xpath#//select[@id="availableRoles"]//option[@value="2"]
pi_tab_roles_roles_billing==select#xpath#//select[@id="availableRoles"]//option[@value="3"]
pi_tab_roles_roles_emergency==select#xpath#//select[@id="availableRoles"]//option[@value="4"]
pi_tab_roles_roles_partner==select#xpath#//select[@id="availableRoles"]//option[@value="7"]
pi_tab_roles_roles_technical==select#xpath#//select[@id="availableRoles"]//option[@value="8"]
pi_tab_roles_roles_error==div#xpath#//div[@for="availableRoles"][@class="error"]
pi_tab_roles_addRoleButton==button#xpath#//button[@id="roleAdd"]
pi_tab_roles_rolesGrid==grid#xpath#//div[@id="gridContainer_personRolesGrid"]
pi_tab_roles_slickgrid_rows==div#xpath#//div[@id="gridContainer_personRolesGrid"]//div[contains(@class, "slick-row")]
pi_tab_roles_slickgrid_cells==div#xpath#//div[@id="gridContainer_personRolesGrid"]//div[contains(@class, "slick-cell")]
pi_tab_roles_slickgrid_totals==span#xpath#//div[@id="gridContainer_personRolesGrid"]//span[@class="slick-pager-status"]
pi_tab_roles_rolesGrid_B_A==input#xpath#//div[contains(text(),"Billing")]/parent::div//div//input[@class="scopeRadioButton"][@value="A"]
pi_tab_roles_rolesGrid_B_L==input#xpath#//div[contains(text(),"Billing")]/parent::div//div//input[@class="scopeRadioButton"][@value="L"]
pi_tab_roles_rolesGrid_B_L_select==select#xpath#//div[contains(text(),"Billing")]/parent::div//div//select[contains(@class, "scopeSelect")]
pi_tab_roles_rolesGrid_B_delete==input#xpath#//div[contains(text(),"Billing")]/parent::div//div//a[contains(text(),"Delete")]
pi_tab_roles_rolesGrid_DM_A==input#xpath#//div[contains(text(),"Decision Maker")]/parent::div//div//input[@class="scopeRadioButton"][@value="A"]
pi_tab_roles_rolesGrid_DM_L==input#xpath#//div[contains(text(),"Decision Maker")]/parent::div//div//input[@class="scopeRadioButton"][@value="L"]
pi_tab_roles_rolesGrid_DM_L_select==select#xpath#//div[contains(text(),"Decision Maker")]/parent::div//div//select[contains(@class, "scopeSelect")]
pi_tab_roles_rolesGrid_DM_delete==input#xpath#//div[contains(text(),"Decision Maker")]/parent::div//div//a[contains(text(),"Delete")]
pi_tab_roles_rolesGrid_E_A==input#xpath#//div[contains(text(),"Emergency")]/parent::div//div//input[@class="scopeRadioButton"][@value="A"]
pi_tab_roles_rolesGrid_E_L==input#xpath#//div[contains(text(),"Emergency")]/parent::div//div//input[@class="scopeRadioButton"][@value="L"]
pi_tab_roles_rolesGrid_E_L_select==select#xpath#//div[contains(text(),"Emergency")][contains(@class, "slick-cell")]/parent::div//div//select
pi_tab_roles_rolesGrid_E_delete==input#xpath#//div[contains(text(),"Emergency")]/parent::div//div//a[contains(text(),"Delete")]
pi_tab_roles_rolesGrid_P_A==input#xpath#//div[contains(text(),"Partner")]/parent::div//div//input[@class="scopeRadioButton"][@value="A"]
pi_tab_roles_rolesGrid_P_L==input#xpath#//div[contains(text(),"Partner")]/parent::div//div//input[@class="scopeRadioButton"][@value="L"]
pi_tab_roles_rolesGrid_P_L_select==select#xpath#//div[contains(text(),"Partner")]/parent::div//div//select[contains(@class, "scopeSelect")]
pi_tab_roles_rolesGrid_P_delete==input#xpath#//div[contains(text(),"Partner")]/parent::div//div//a[contains(text(),"Delete")]
pi_tab_roles_rolesGrid_PM_A==input#xpath#//div[contains(text(),"Phone Manager")]/parent::div//div//input[@class="scopeRadioButton"][@value="A"]
pi_tab_roles_rolesGrid_PM_L==input#xpath#//div[contains(text(),"Phone Manager")]/parent::div//div//input[@class="scopeRadioButton"][@value="L"]
pi_tab_roles_rolesGrid_PM_L_select==select#xpath#//div[contains(text(),"Phone Manager")]/parent::div//div//select[contains(@class, "scopeSelect")]
pi_tab_roles_rolesGrid_PM_delete==input#xpath#//div[contains(text(),"Phone Manager")]/parent::div//div//a[contains(text(),"Delete")]
pi_tab_roles_rolesGrid_T_A==input#xpath#//div[contains(text(),"Technical")]/parent::div//div//input[@class="scopeRadioButton"][@value="A"]
pi_tab_roles_rolesGrid_T_L==input#xpath#//div[contains(text(),"Technical")]/parent::div//div//input[@class="scopeRadioButton"][@value="L"]
pi_tab_roles_rolesGrid_T_L_select==select#xpath#//div[contains(text(),"Technical")]/parent::div//div//select[contains(@class, "scopeSelect")]
pi_tab_roles_rolesGrid_T_delete==input#xpath#//div[contains(text(),"Technical")]/parent::div//div//a[contains(text(),"Delete")]
pi_tab_roles_MitelPermissions==div#xpath#(//div[@id="personDetailsRoles"]//fieldset//legend)[2]
pi_tab_roles_permissionsTable_rows==tr#xpath#//div[@id="datagrid_container_accountsDataGrid"]//table//tbody//tr
pi_tab_roles_hasViewRPGPermission==input#xpath#//input[@id="PermissionSet_HasViewRPGPermission"]
pi_tab_roles_hasManageRPGPermission==input#xpath#//input[@id="PermissionSet_HasManageRPGPermission"]
pi_tab_roles_hasViewContractsPermission==input#xpath#//input[@id="PermissionSet_HasViewContractsPermission"]
pi_tab_roles_hasViewOrdersPermission==input#xpath#//input[@id="PermissionSet_HasViewOrdersPermission"]
pi_tab_roles_hasCreateOrdersPermission==input#xpath#//input[@id="PermissionSet_HasCreateOrdersPermission"]
pi_tab_roles_hasApproveOrdersPermission==input#xpath#//input[@id="PermissionSet_HasApproveOrdersPermission"]
pi_tab_roles_hasScheduleOrdersPermission==input#xpath#//input[@id="PermissionSet_HasAllowImmediateOrderSchedulingPermission"]
pi_tab_roles_hasViewContactsPermission==input#xpath#//input[@id="PermissionSet_HasViewAuthorizedContactsPermission"]
pi_tab_roles_hasManageContactsPermission==input#xpath#//input[@id="PermissionSet_HasManageAuthorizedContractsPermission"]
pi_tab_roles_hasViewInvoicesPermission==input#xpath#//input[@id="PermissionSet_HasViewInvoicesPermission"]
pi_tab_roles_hasPayInvoicesPermission==input#xpath#//input[@id="PermissionSet_HasPayInvoicesPermission"]
pi_tab_roles_hasViewLogsPermission==input#xpath#//input[@id="PermissionSet_HasViewUsageLogsPermission"]
pi_tab_roles_hasViewRatesPermission==input#xpath#//input[@id="PermissionSet_HasViewRatesPermission"]
pi_tab_roles_hasViewCallFlowPermission==input#xpath#//input[@id="PermissionSet_HasViewCallFlowPermission"]
pi_tab_roles_hasManageCallFlowPermission==input#xpath#//input[@id="PermissionSet_HasManageCallFlowPermission"]
pi_tab_roles_hasViewProfilesPermission==input#xpath#//input[@id="PermissionSet_HasViewProfilesPermission"]
pi_tab_roles_hasManageProfilesPermission==input#xpath#//input[@id="PermissionSet_HasManageProfilesPermission"]
pi_tab_roles_hasViewFeaturesPermission==input#xpath#//input[@id="PermissionSet_HasViewAddonFeaturesPermission"]
pi_tab_roles_hasManageFeaturesPermission==input#xpath#//input[@id="PermissionSet_HasManageAddonFeaturesPermission"]
pi_tab_roles_hasViewE911Permission==input#xpath#//input[@id="PermissionSet_HasViewE911Permission"]
pi_tab_roles_hasManageE911Permission==input#xpath#//input[@id="PermissionSet_HasManageE911Permission"]
pi_tab_roles_hasViewActivityPermission==input#xpath#//input[@id="PermissionSet_HasViewUserActivityPermission"]
pi_tab_roles_hasViewCasesPermission==input#xpath#//input[@id="PermissionSet_HasViewCasesPermission"]

#notifications tab
pi_tab_notifications==div#xpath#//div[@id="personDetailsTabs"]//div[@id="ui-tabs-3"]
pi_tab_notifications_billing==span#xpath#//span[@id="Recurrence15"]
pi_tab_notifications_billing_select==select#xpath#//span[@id="Recurrence15"]//form//select
pi_tab_notifications_billing_select_none==option#xpath#//span[@id="Recurrence15"]//form//select//option[@value="1"]
pi_tab_notifications_billing_select_now==option#xpath#//span[@id="Recurrence15"]//form//select//option[@value="2"]
pi_tab_notifications_billing_select_daily==option#xpath#//span[@id="Recurrence15"]//form//select//option[@value="3"]
pi_tab_notifications_billing_select_weekly==option#xpath#//span[@id="Recurrence15"]//form//select//option[@value="4"]
pi_tab_notifications_billing_submit==button#xpath#//span[@id="Recurrence15"]//form//button[@type="submit"]
pi_tab_notifications_billing_cancel==button#xpath#//span[@id="Recurrence15"]//form//button[@type="cancel"]
pi_tab_notifications_emergencyDialingMe==span#xpath#//span[@id="Recurrence14"]
pi_tab_notifications_emergencyDialingMe_select==select#xpath#//span[@id="Recurrence14"]//form//select
pi_tab_notifications_emergencyDialingMe_select_now==option#xpath#//span[@id="Recurrence14"]//form//select//option[@value="2"]
pi_tab_notifications_emergencyDialingMe_select_daily==option#xpath#//span[@id="Recurrence14"]//form//select//option[@value="3"]
pi_tab_notifications_emergencyDialingMe_select_weekly==option#xpath#//span[@id="Recurrence14"]//form//select//option[@value="4"]
pi_tab_notifications_emergencyDialingMe_submit==button#xpath#//span[@id="Recurrence14"]//form//button[@type="submit"]
pi_tab_notifications_emergencyDialingMe_cancel==button#xpath#//span[@id="Recurrence14"]//form//button[@type="cancel"]
pi_tab_notifications_emergencyDialingOthers==span#xpath#//span[@id="Recurrence13"]
pi_tab_notifications_emergencyDialingOthers_select==select#xpath#//span[@id="Recurrence13"]//form//select
pi_tab_notifications_emergencyDialingOthers_select_none==option#xpath#//span[@id="Recurrence13"]//form//select//option[@value="1"]
pi_tab_notifications_emergencyDialingOthers_select_now==option#xpath#//span[@id="Recurrence13"]//form//select//option[@value="2"]
pi_tab_notifications_emergencyDialingOthers_select_daily==option#xpath#//span[@id="Recurrence13"]//form//select//option[@value="3"]
pi_tab_notifications_emergencyDialingOthers_select_weekly==option#xpath#//span[@id="Recurrence13"]//form//select//option[@value="4"]
pi_tab_notifications_emergencyDialingOthers_submit==button#xpath#//span[@id="Recurrence13"]//form//button[@type="submit"]
pi_tab_notifications_emergencyDialingOthers_cancel==button#xpath#//span[@id="Recurrence13"]//form//button[@type="cancel"]
pi_tab_notifications_tnUpdates==span#xpath#//span[@id="Recurrence21"]
pi_tab_notifications_tnUpdates_select==select#xpath#//span[@id="Recurrence21"]//form//select
pi_tab_notifications_tnUpdates_select_now==option#xpath#//span[@id="Recurrence21"]//form//select//option[@value="2"]
pi_tab_notifications_tnUpdates_submit==button#xpath#//span[@id="Recurrence21"]//form//button[@type="submit"]
pi_tab_notifications_tnUpdates_cancel==button#xpath#//span[@id="Recurrence21"]//form//button[@type="cancel"]
pi_tab_notifications_serviceUpdatesMe==span#xpath#//span[@id="Recurrence9"]
pi_tab_notifications_serviceUpdatesMe_select==select#xpath#//span[@id="Recurrence9"]//form//select
pi_tab_notifications_serviceUpdatesMe_select_now==option#xpath#//span[@id="Recurrence9"]//form//select//option[@value="2"]
pi_tab_notifications_serviceUpdatesMe_select_daily==option#xpath#//span[@id="Recurrence9"]//form//select//option[@value="3"]
pi_tab_notifications_serviceUpdatesMe_select_weekly==option#xpath#//span[@id="Recurrence9"]//form//select//option[@value="4"]
pi_tab_notifications_serviceUpdatesMe_submit==button#xpath#//span[@id="Recurrence9"]//form//button[@type="submit"]
pi_tab_notifications_serviceUpdatesMe_cancel==button#xpath#//span[@id="Recurrence9"]//form//button[@type="cancel"]
pi_tab_notifications_serviceUpdatesAdd==span#xpath#//span[@id="Recurrence5"]
pi_tab_notifications_serviceUpdatesAdd_select==select#xpath#//span[@id="Recurrence5"]//form//select
pi_tab_notifications_serviceUpdatesAdd_select_none==option#xpath#//span[@id="Recurrence5"]//form//select//option[@value="1"]
pi_tab_notifications_serviceUpdatesAdd_select_now==option#xpath#//span[@id="Recurrence5"]//form//select//option[@value="2"]
pi_tab_notifications_serviceUpdatesAdd_select_daily==option#xpath#//span[@id="Recurrence5"]//form//select//option[@value="3"]
pi_tab_notifications_serviceUpdatesAdd_select_weekly==option#xpath#//span[@id="Recurrence5"]//form//select//option[@value="4"]
pi_tab_notifications_serviceUpdatesAdd_submit==button#xpath#//span[@id="Recurrence5"]//form//button[@type="submit"]
pi_tab_notifications_serviceUpdatesAdd_cancel==button#xpath#//span[@id="Recurrence5"]//form//button[@type="cancel"]
pi_tab_notifications_serviceUpdatesChange==span#xpath#//span[@id="Recurrence8"]
pi_tab_notifications_serviceUpdatesChange_select==select#xpath#//span[@id="Recurrence8"]//form//select
pi_tab_notifications_serviceUpdatesChange_select_none==option#xpath#//span[@id="Recurrence8"]//form//select//option[@value="1"]
pi_tab_notifications_serviceUpdatesChange_select_now==option#xpath#//span[@id="Recurrence8"]//form//select//option[@value="2"]
pi_tab_notifications_serviceUpdatesChange_select_daily==option#xpath#//span[@id="Recurrence8"]//form//select//option[@value="3"]
pi_tab_notifications_serviceUpdatesChange_select_weekly==option#xpath#//span[@id="Recurrence8"]//form//select//option[@value="4"]
pi_tab_notifications_serviceUpdatesChange_submit==button#xpath#//span[@id="Recurrence8"]//form//button[@type="submit"]
pi_tab_notifications_serviceUpdatesChange_cancel==button#xpath#//span[@id="Recurrence8"]//form//button[@type="cancel"]
pi_tab_notifications_serviceUpdatesClose==span#xpath#//span[@id="Recurrence7"]
pi_tab_notifications_serviceUpdatesClose_select==select#xpath#//span[@id="Recurrence7"]//form//select
pi_tab_notifications_serviceUpdatesClose_select_none==option#xpath#//span[@id="Recurrence7"]//form//select//option[@value="1"]
pi_tab_notifications_serviceUpdatesClose_select_now==option#xpath#//span[@id="Recurrence7"]//form//select//option[@value="2"]
pi_tab_notifications_serviceUpdatesClose_select_daily==option#xpath#//span[@id="Recurrence7"]//form//select//option[@value="3"]
pi_tab_notifications_serviceUpdatesClose_select_weekly==option#xpath#//span[@id="Recurrence7"]//form//select//option[@value="4"]
pi_tab_notifications_serviceUpdatesClose_submit==button#xpath#//span[@id="Recurrence7"]//form//button[@type="submit"]
pi_tab_notifications_serviceUpdatesClose_cancel==button#xpath#//span[@id="Recurrence7"]//form//button[@type="cancel"]
pi_tab_notifications_serviceUpdatesUpdate==span#xpath#//span[@id="Recurrence6"]
pi_tab_notifications_serviceUpdatesUpdate_select==select#xpath#//span[@id="Recurrence6"]//form//select
pi_tab_notifications_serviceUpdatesUpdate_select_none==option#xpath#//span[@id="Recurrence6"]//form//select//option[@value="1"]
pi_tab_notifications_serviceUpdatesUpdate_select_now==option#xpath#//span[@id="Recurrence6"]//form//select//option[@value="2"]
pi_tab_notifications_serviceUpdatesUpdate_select_daily==option#xpath#//span[@id="Recurrence6"]//form//select//option[@value="3"]
pi_tab_notifications_serviceUpdatesUpdate_select_weekly==option#xpath#//span[@id="Recurrence6"]//form//select//option[@value="4"]
pi_tab_notifications_serviceUpdatesUpdate_submit==button#xpath#//span[@id="Recurrence6"]//form//button[@type="submit"]
pi_tab_notifications_serviceUpdatesUpdate_cancel==button#xpath#//span[@id="Recurrence6"]//form//button[@type="cancel"]
pi_tab_notifications_userUpdatesMe==span#xpath#//span[@id="Recurrence12"]
pi_tab_notifications_userUpdatesMe_select==select#xpath#//span[@id="Recurrence12"]//form//select
pi_tab_notifications_userUpdatesMe_select_now==option#xpath#//span[@id="Recurrence12"]//form//select//option[@value="2"]
pi_tab_notifications_userUpdatesMe_select_daily==option#xpath#//span[@id="Recurrence12"]//form//select//option[@value="3"]
pi_tab_notifications_userUpdatesMe_select_weekly==option#xpath#//span[@id="Recurrence12"]//form//select//option[@value="4"]
pi_tab_notifications_userUpdatesMe_submit==button#xpath#//span[@id="Recurrence12"]//form//button[@type="submit"]
pi_tab_notifications_userUpdatesMe_cancel==button#xpath#//span[@id="Recurrence12"]//form//button[@type="cancel"]
pi_tab_notifications_userUpdatesManagement==span#xpath#//span[@id="Recurrence10"]
pi_tab_notifications_userUpdatesManagement_select==select#xpath#//span[@id="Recurrence10"]//form//select
pi_tab_notifications_userUpdatesManagement_select_none==option#xpath#//span[@id="Recurrence10"]//form//select//option[@value="1"]
pi_tab_notifications_userUpdatesManagement_select_now==option#xpath#//span[@id="Recurrence10"]//form//select//option[@value="2"]
pi_tab_notifications_userUpdatesManagement_select_daily==option#xpath#//span[@id="Recurrence10"]//form//select//option[@value="3"]
pi_tab_notifications_userUpdatesManagement_select_weekly==option#xpath#//span[@id="Recurrence10"]//form//select//option[@value="4"]
pi_tab_notifications_userUpdatesManagement_submit==button#xpath#//span[@id="Recurrence10"]//form//button[@type="submit"]
pi_tab_notifications_userUpdatesManagement_cancel==button#xpath#//span[@id="Recurrence10"]//form//button[@type="cancel"]
pi_tab_notifications_userUpdatesSecurity==span#xpath#//span[@id="Recurrence11"]
pi_tab_notifications_userUpdatesSecurity_select==select#xpath#//span[@id="Recurrence11"]//form//select
pi_tab_notifications_userUpdatesSecurity_select_none==option#xpath#//span[@id="Recurrence11"]//form//select//option[@value="1"]
pi_tab_notifications_userUpdatesSecurity_select_now==option#xpath#//span[@id="Recurrence11"]//form//select//option[@value="2"]
pi_tab_notifications_userUpdatesSecurity_select_daily==option#xpath#//span[@id="Recurrence11"]//form//select//option[@value="3"]
pi_tab_notifications_userUpdatesSecurity_select_weekly==option#xpath#//span[@id="Recurrence11"]//form//select//option[@value="4"]
pi_tab_notifications_userUpdatesSecurity_submit==button#xpath#//span[@id="Recurrence11"]//form//button[@type="submit"]
pi_tab_notifications_userUpdatesSecurity_cancel==button#xpath#//span[@id="Recurrence11"]//form//button[@type="cancel"]