Dialpad_dialpad==st-dialpad#xpath#//st-dialpad/button[contains(@class,'icon icon-dashboard-dialpad')]
Dialpad_num_asterix==button#xpath#//button[contains(@class,'digit') and @value='*']
Dialpad_num_eight_tuv==button#xpath#//button[contains(@class,'digit') and @value='8']/span[contains(text(),'tuv')]
Dialpad_num_eight==button#xpath#//button[contains(@class,'digit') and @value='8']
Dialpad_num_five_jkl==button#xpath#//button[contains(@class,'digit') and @value='5']/span[contains(text(),'jkl')]
Dialpad_num_five==button#xpath#//button[contains(@class,'digit') and @value='5']
Dialpad_num_four_ghi==button#xpath#//button[contains(@class,'digit') and @value='5']/preceding-sibling::button[@value='4']/span[contains(text(),'ghi')]
Dialpad_num_four==button#xpath#//button[contains(@class,'digit') and @value='5']/preceding-sibling::button[@value='4']
Dialpad_num_nine_wxyz==button#xpath#//button[contains(@class,'digit') and @value='8']/following-sibling::button[@value='9']/span[contains(text(),'wxyz')]
Dialpad_num_nine==button#xpath#//button[contains(@class,'digit') and @value='8']/following-sibling::button[@value='9']
Dialpad_num_one==button#xpath#//button[contains(@class,'digit') and @value='1']
Dialpad_num_seven_pqrs==button#xpath#//button[contains(@class,'digit') and @value='8']/preceding-sibling::button[@value='7']/span[contains(text(),'pqrs')]
Dialpad_num_seven==button#xpath#//button[contains(@class,'digit') and @value='8']/preceding-sibling::button[@value='7']
Dialpad_num_six_mno==button#xpath#//button[contains(@class,'digit') and @value='5']/following-sibling::button[@value='6']/span[contains(text(),'mno')]
Dialpad_num_six==button#xpath#//button[contains(@class,'digit') and @value='5']/following-sibling::button[@value='6']
Dialpad_num_three_def==button#xpath#//button[contains(@class,'digit') and @value='2']/following-sibling::button[@value='3']/span[contains(text(),'def')]
Dialpad_num_three==button#xpath#//button[contains(@class,'digit') and @value='2']/following-sibling::button[@value='3']
Dialpad_num_two_abc==button#xpath#//button[contains(@class,'digit') and @value='2']/span[contains(text(),'abc')]
Dialpad_num_two==button#xpath#//button[contains(@class,'digit') and @value='2']
Dialpad_num_zero==button#xpath#//button[contains(@class,'digit') and @value='0']
third_panel_chatBox_Check_xpath==input#xpath#//input[contains(@can-value,'{currentMessage.message}')]
third_panel_chatBox == input#xpath#//input[contains(@can-value,'{currentMessage.message}')]
Dialpad_close == button#xpath#//button[@class="close icon-dialpad-close"]
Dialpad_num_hash == button#xpath#//button[@class="digit icon-dialpad-buttons icon-dialpad-button-hash"]
