Contact_addnumber_icon==span#xpath#//span[contains(@class,'selectedBox')]/input[contains(@can-click,'{addAnotherPhone}')]
default_callee_name==div#xpath#//div[@class='call-connection-state call-state-connected']/following-sibling::div/div/div/div[contains(@class, 'primary-label')]
default_onhold_timer==div#xpath#//div[@class='duration-or-status font-sm']/div[contains(text(),'On Hold')]
default_putyouonhold_timer==div#xpath#//div[@class='duration-or-status font-sm']/div[contains(text(),'put you On Hold')]
default_accept_share==div#xpath#//div[contains(@class, 'icon-maincontrols-accept-screenshare')]
default_reject_share==div#xpath#//div[contains(@class, 'icon-maincontrols-reject-screenshare')]
default_call_canned_resonse_list==div#xpath#//div[contains(@id,'response')]/div/ul/li
default_call_canned_resonse==button#xpath#//div[contains(@class, 'call-action-buttons')]/div[@data-title='Canned Response']
default_call_end_button==div#xpath#//div[contains(@class,'call-cell-buttons')]/button[@can-click='{performCallEnd}']
default_call_hangup_button==div#xpath#//div/button[contains(@data-title,'Hangup')]
default_call_im_response_button==button#xpath#//button[contains(@can-click,'imResponse')]
default_call_im_responses==div#xpath#//div[contains(@id,'im-option')]/ul/li/span
default_call_pane==div#xpath#//div[contains(@class,'count')]
default_call_ringing_button==div#xpath#//div[contains(@class,'dashboard-call-cell-expander-container')]
default_call_section==section#xpath#//section[contains(@class,'calls')]/ul/li
default_call_section1==section#xpath#//section[contains(@class,'calls')]/ul
default_call_users==div#xpath#//ul/li/a/div/div[contains(@class, 'particpants-list-cell-main-block')]/div[contains(@class, 'people')]
default_call1==ul#xpath#//ul[contains(@class,'participants')]/li[1]/a/div
default_call2==ul#xpath#//ul[contains(@class,'participants')]/li[2]/a/div
default_cancelHover==section#xpath#//section[contains(@class,'conversations')]/ul/li/st-dashboard-conversation-cell
default_cancelIM==section#xpath#//section[contains(@class,'conversations')]/ul/li/span
default_canned_response_own_text_done==div#xpath#//div[contains(@id,'sendIm')]
default_canned_response_own_text==div#xpath#//div[contains(@class,'inputMessage')]/input[contains(@id,'messageText')]
default_cannedIM_arrow1==button#xpath#//button[contains(@class,'icon icon-buttons-arrow-down-white im-menu')]
default_cannedIM_arrow==button#xpath#//button[@class='icon icon-dashboard icon-buttons-arrow-down-white im-menu']
default_cannedIM_label==span#xpath#//span[contains(@class,'imOptionName') and contains(text(),'In a meeting but I can talk over IM')]
default_clicktogglecall==div#xpath#//div[contains(@class,'toggle-button-icon icon-dashboard-list')]
default_clicktogglecallclose==div#xpath#//div[contains(@class,'icon-dashboard-profile-open')]
default_clickgroupIM==section#xpath#//section[@class='conversations']/ul/li[1]
default_clickINDIM==section#xpath#//section[@class='conversations']/ul/li[2]
default_callList==ul#xpath#//ul[@class='participants']/li[1]/a
default_clicktogglechat==section#xpath#//section[contains(@class,'conversations')]/ul/li[1]/st-dashboard-conversation-cell/a/div[contains(@class,'participants-list-toggle')]/div
default_groupIM_users==section#xpath#//section[@class='conversations']/ul/li[1]/st-dashboard-conversation-cell/div[@class='participants-wrapper']
default_client_form==div#xpath#//div[contains(@class,'orangebar')]
default_client_login_lock_image==div#xpath#//div[contains(@can-click,'showInsecureConnections')]
default_client_login_logo==div#xpath#//div[contains(@class,'logo')]
default_client_logo==section#xpath#//section[contains(@class,'login-forms')]/div[contains(@class,'login-logo image image-shoretel-logo')]
default_client_pane_call1==ul#xpath#//ul[contains(@class,'calls-list')]/li[1]
default_client_pane_call2==ul#xpath#//ul[contains(@class,'calls-list')]/li[2]
#default_client_pane_color1==ul#xpath#//ul[contains(@class,'calls-list')]/li[1]/st-dashboard-consult-call/st-dashboard-call-cell/a/div/div[contains(@class,'main-block main-block-no-disconnected')]/div[contains(@class,'title font-m')]
default_client_pane_color1==div#xpath#//div[contains(@class,'primary-label font-m')]
#default_client_pane_color2==ul#xpath#//ul[contains(@class,'calls-list')]/li[2]/st-dashboard-call-cell/a/div[contains(@class,'dashboard-call-cell-container')]/div[contains(@class,'main-block main-block-no-disconnected')]/div[contains(@class,'title font-m')]
default_client_pane_color2==ul#xpath#//ul[contains(@class,'calls-list')]/li[2]/st-dashboard-consult-call/st-dashboard-call-cell/a/div/div[contains(@class,'main-block main-block-no-disconnected')]/div[contains(@class,'title font-m')]
default_client_pane_color3==div#xpath#//div[@class='conversation-item']/span[2]
default_client_pane_end_button==div#xpath#//div[contains(@class,'call-cell-buttons')]/button[contains(@class,'icon icon-maincontrols-end active icon-dashboard end')]
default_client_pane_end_call==div#xpath#//div[contains(@class, 'call-cell-buttons')]/button[@data-title='Hangup']
default_client_pane_hold_button==div#xpath#//div[contains(@class,'call-cell-buttons')]/button[contains(@class,'icon icon-maincontrols-hold icon-dashboard hold')]
default_client_pane_unhold_button2==ul#xpath#//ul/li[2]//button[@class='icon icon-maincontrols-answer icon-dashboard hold']
default_client_pane_unhold_button1==ul#xpath#//ul/li[1]//button[@class='icon icon-maincontrols-answer icon-dashboard hold']
default_IM==div#xpath#//div[@class='conversation-item']
default_client_pane_no_of_call==section#xpath#//section[contains(@class,'calls')]/st-header/div/div[contains(@class,'count')]
default_client_pane_on_call==div#xpath#//div[contains(@class,'dashboard-call-container connected')]
default_client_pane_on_hold==span#xpath#//span[contains(@class,'icon icon-indicators-hold')]
default_client_pane_timer==div#xpath#//div[@class='timer font-sm']
default_client_pane_timerconsult==div#xpath#//ul/li[1]/st-dashboard-call-cell/a/div/div/div[contains(@class,'duration-or-status font-sm')]
default_client_pane_user==div#xpath#//div[contains(@class,'primary-label font-m')]
default_client_pane_userconsult==div#xpath#//ul/li[1]/st-dashboard-call-cell/a/div/div/div[contains(@class,'title font-m')]
default_client_pane_completetransfer==button#xpath#//button[@class='icon icon-maincontrols-transfer complete-consult']
default_client_pane_user1==div#xpath#//div[contains(@class,'dashboard-call-container connected')]
default_client_pane_user2==div#xpath#//div[contains(@class,'dashboard-call-cell-expander-container')]
default_close_direct_search==button#xpath#//button[contains(@class,'icon icon-buttons-close close-panel')]
default_conference_merge==button#xpath#//button[contains(@class,'icon icon-maincontrols-merge icon-dashboard merge')]
default_contact_draft==section#xpath#//section[contains(@class,'drafts')]
default_contact_draftClose==list#xpath#//section[contains(@class,'drafts')]/st-draftlist/div/ul/li/div/button[contains(@class,'destroy icon icon-buttons-close')]
default_contact_draftNames==div#xpath#//div[contains(@class,'drafts-title font-m')]
default_conversation_singlechat==section#xpath#//section[contains(@class,'conversations')]/ul/li[2]/st-dashboard-conversation-cell/a/div/span[contains(@class,'name font-m')]/span[contains(@class,'icon icon_im_presence_online')]
default_conversation_usersgroupchat==st-dashboard-conversation-cell#xpath#//st-dashboard-conversation-cell
default_delete_draft==button#xpath#//button[contains(@class,'destroy icon icon-buttons-close')]
default_direct_search==a#xpath#//a[contains(@class,'search-button')]
default_draft_list==div#xpath#//div[contains(@class,'drafts-title font-m')]
default_draft_notify_count==div#xpath#//section[contains(@class,'drafts')]/h2/small
default_draft_notify_name==div#xpath#//div[contains(@class,'drafts-title font-m')]
default_draft_notify==st-draftlist#xpath#//st-draftlist[@draftcount]/ul/li
default_draft_scroll_label==div#xpath#//div[contains(@class,'scrollable')]
default_end_transfer_call==button#xpath#//button[contains(@class,'any-contact-action icon icon-maincontrols-end end')]
default_event_IM1==st-attendee#xpath#//st-attendee
default_event_IM==st-attendee#xpath#//st-attendees
default_events_tab==span#xpath#//span[contains(@class,'icon icon-dashboard-events')]
default_favourite_star==div#xpath#//div[contains(@class,'contact-item searchResultListColorSelected')]/a/div[@class='details']/div[@class='contactName font-m']/span[@class='first-name']
default_GC_Participant==div#xpath#//ul/li[1]/st-dashboard-conversation-cell/a/div[@class='conversation-items']
default_GC_Participants==div#xpath#//ul/li[2]/st-dashboard-conversation-cell/a/div
default_group_call_icon==span#xpath#//span[contains(@class,'icon icon-indicators-group')]
default_GroupChat_Icon==div#xpath#//div[contains(@class,'conversation-items')]/div[contains(@class,'icon icon-group-30')]
default_hold_call==button#xpath#//button[contains(@class,'icon icon-maincontrols-hold hold')]
default_IM_chat1==st-dashboard-conversation-cell#xpath#//st-dashboard-conversation-cell/a/div[@class='conversation-item']/span[@class='name font-m']
default_IM_chatclose==section#xpath#//section[contains(@class,'conversations')]/ul/li/span
default_IM_chatclose1==span#xpath#//a[contains(@class, 'font-m  main-conversation-anchor ')]/div/div/span[contains(@class,'destroy icon icon-buttons-close')]
default_IM_chatmessage==p#xpath#//p[contains(text(),'hello8')]
default_IM_chatt==section#xpath#//section[contains(@class,'conversations')]/ul/li/st-dashboard-conversation-cell/a/div/span
default_IM_color==span#xpath#//span[contains(@class,'availbilityText font-normal')]
default_IM_notification_close==div#xpath#//div[contains(@class,'cf type-im')]/span[contains(@class,'destroy icon icon-buttons-close-inverted')]
default_IM_notification_hover==div#xpath#//div[@class='icon icon-dashboard icon-maincontrols-messaging im-notification']
default_im_notification==div#xpath#//div[@class='icon icon-dashboard icon-maincontrols-messaging im-notification']
default_im_pane_user==div#xpath#//div[contains(@class,'primary-label')]
default_im_user_close_conversation==span#xpath#//a[@class='font-m  main-conversation-anchor multiple-participants']/div/div/div/span[contains(@class,'destroy icon icon-buttons-close')]
default_im_user_close_conversation1==st-dashboard-conversation-cell#xpath#//ul/li[1]/st-dashboard-conversation-cell/a/div/div/span[@class='destroy icon icon-buttons-close']
default_im_user_close_conversation2==st-dashboard-conversation-cell#xpath#//ul/li[2]/st-dashboard-conversation-cell/a/div/div/span[@class='destroy icon icon-buttons-close']
default_im_username==a#xpath#//a[contains(@class,'font-m  main-conversation-anchor ')]
default_im_users==section#xpath#//section[contains(@class,'conversations')]/ul/li/st-dashboard-conversation-cell/a/div/span[2]
default_im_users1==section#xpath#//section[contains(@class,'conversations')]/ul/li/st-dashboard-conversation-cell/a/div/div/div[contains(@class,'participant-names font-m')]
default_im_users2==section#xpath#//section[contains(@class,'conversations')]/ul/li/st-dashboard-conversation-cell/a/div
default_im_usersup==section#xpath#//section[contains(@class,'conversations')]/ul/li/st-dashboard-conversation-cell/a/div/span[1]
default_im_usersup1==section#xpath#//section[contains(@class,'conversations')]/ul/li[1]/st-dashboard-conversation-cell/a/div/div[@class='conversation-items-inner']/div[@class='participant-names font-m']
default_im_usersupm==section#xpath#//section[contains(@class,'conversations')]/ul/li/st-dashboard-conversation-cell/a/div/div/div[@class='cellbutton']/span[@class='destroy icon icon-buttons-close']
default_incoming_call_notification==div#xpath#//div[contains(text(),'Incoming Call...')]
default_incoming_caller_name==section#xpath#//section/ul/li[1]/st-notification/div[contains(@class,'dashboard-notification-container call-container  ui-draggable ui-droppable')]
default_Menu_button==div#xpath#//div[contains(@class,'menu')]
default_name_number_search==a#xpath#//a[contains(@id,'dashboardSearch')]
default_notification==section#xpath#//section/ul/li/st-notification[contains(@notification,'{.}')]
default_notificationdown==section#xpath#//section[contains(@class,'conversations')]/ul/li[2]
default_notificationm==section#xpath#//section[contains(@class,'notifications')]
default_notificationup==section#xpath#//section[contains(@class,'conversations')]/ul/li[1]
default_OK==button#xpath#//button[contains(@id,'btnOk')]
default_ongoing_call_old==ul#xpath#//ul[contains(@class,'calls-list')]/li/st-dashboard-call-cell/a
default_ongoing_call==ul#xpath#//ul[contains(@class,'calls-list')]/li/st-dashboard-consult-call/st-dashboard-call-cell/a
default_ongoing_calls==ul#xpath#//ul[contains(@class,'calls-list')]/li[2]/st-dashboard-call-cell/a
default_own_name==a#xpath#//a[@id='a-profile']
default_panel_logout==button#xpath#//button[contains(@id,'logout')]
default_panel_voicemail==div#xpath#//div[contains(@class,'main-block main-block-no-disconnected')]/div[contains(text(),'Voice Mail')]
default_panel_voicemail1==div#xpath#//div[contains(@class,'main-block main-block-no-disconnected')]
default_people_contects_delete==button#xpath#//button[contains(@class,'icon icon-buttons-min close-panel')]
default_people_favourite==ul#xpath#//ul[contains(@id,'searchResultsList')]/li/button
default_people_select_contect_name==span#xpath#//span[contains(@class,'name font-m')]
default_people_select_mamber==div#xpath#//div[contains(@class,'member')]
default_people_status==a#xpath#//li[contains(@class,'current-user-status cf')]/a/div/p[1]
default_people_tab==span#xpath#//span[contains(@class,'icon icon-dashboard-people')]
default_pin==button#xpath#//button[contains(@class,'icon icon-buttons-pin pin-panel')]
default_pinned==button#xpath#//button[contains(@class,'icon icon-buttons-pin-on pin-panel')]
default_presenter==st-autosuggest#xpath#//st-autosuggest[contains(@placeholder,'Enter presenter names')]
default_recent_badge==div#xpath#//div[contains(@class,'badge font-sm')]
default_recent_tab==a#xpath#//a[@id='a-recent']
default_recent==a#xpath#//a[contains(@id,'a-recent')]
default_recieve_call==div#xpath#//div[contains(@class, 'call-action-buttons')]/div[@data-title='Answer']
default_search_input==input#xpath#//input[contains(@id,'searchText')]
default_SearchResultsList==ul#xpath#//ul[contains(@id,'searchResultsList')]
default_select_number_drop_down==div#xpath#//div[contains(@id,'divSelected')]
default_silent_moniter_callended==div#xpath#//div[contains(@class,'duration-or-status font-sm emphasize-state')]
default_silent_moniter_popup==div#xpath#//div[contains(@can-click,'{toggleParticipants}')]
default_subpeople_tab==div#xpath#//div[contains(text(),'Favorites')]
default_toggle==div#xpath#//div[contains(@class,'people')]/span[contains(@class,'title')]
default_toggle1==ul#xpath#//ul[contains(@class,'participants')]/li[1]/a/div
default_toggle2==ul#xpath#//ul[contains(@class,'participants')]/li[2]/a/div
default_toggleend_call1==ul#xpath#//ul[contains(@class,'participants')]/li[1]/a/div/div[2]/div/button
default_toggleend_call2==ul#xpath#//ul[contains(@class,'participants')]/li[2]/a/div/div[2]/div/button
default_transfer_call==div#xpath#//div[contains(@class, 'call-action-buttons')]/div[@data-title='Transfer']
default_transfer_call_old==div#xpath#//div[@class='icon icon-dashboard icon-maincontrols-transfer transfer']
default_unhold_call==button#xpath#//button[contains(@class,'icon icon-maincontrols-answer hold')]
default_user_name_click1==li#xpath#//li[contains(@class,'tabitem  ')]
default_user_status_cancel==button#xpath#//div/ul/li/div[contains(@class,'label cancel-status')]
default_user_status_option==span#xpath#//span[contains(@class,'presence-name')]
default_user_status_variableInput==input#xpath#//div/ul/li/input[contains(@can-enter,'{setPresenceText}')]
default_user_status_variableUL==div#xpath#//div[contains(@class,'popup color show')]/ul/li
default_user_status==li#xpath#//li[contains(@class,'current-user-status cf')]
default_user_telephony_color_busy==button#xpath#//button[contains(@class,'toggle icon icon-dashboard-profile-closed availability-busy')]
default_user_telephony_color==button#xpath#//div[@class='profile']/div[@class='name-availability']/div[@class='availability']/p[@class='availability-text']
default_user_telephony_status==li#xpath#//li[contains(@class,'current-user-status cf')]/a/div/p[1]
default_username_select_number_radio==div#xpath#//div[contains(@id,'divForMenuPosition')]
default_username_selected_tab==li#xpath#//li[contains(@class,'tabitem   itemSelected')]
default_VM_button==div#xpath#//div[contains(@class,'icon icon-dashboard icon-controls-voicemail-white vm-notification')]
default_VM_close_button==span#xpath#//span[contains(@class,'destroy icon-dashboard icon icon-buttons-close-inverted')]
default_VM_count==div#xpath#//div[@class='icon icon-dashboard icon-controls-voicemail-white vm-notification']/div[contains(@class,'badge font-sm')]
default_VM_label==div#xpath#//div[contains(@class, 'dashboard-notification-container')]/div[@class="info-block"]/div[contains(@class,'status')]
default_VM_user_name==div#xpath#//div[contains(@class,'dashboard-notification-container')]/div[1]/div[@class='from']
default_voicemail==div#xpath#//div[contains(@data-title, 'To Voice Mail')]
default_WK_notify==a#xpath#//a[contains(@id,'a-workgroups')]
first_panel_call==ul#xpath#//ul/li[1]/st-dashboard-consult-call/st-dashboard-call-cell
first_panel_calls==a#xpath#//a[contains(@class,'join-icon icon-maincontrols-answer')]
first_panel_default_call==a#xpath#//div[contains(@class,'dashboard-call-container connected')]
first_panel_eventchat==st-event-cell#xpath#//st-event-cell
first_panel_hangup==div#xpath#//div[contains(@class,'call-cell-buttons')]/button[contains(@data-title,'Hangup')]
first_panel_hold_call==a#xpath#//a[contains(@class,'font-m highlight')]/div/div/button[contains(@data-title,'Hold')]
first_panel_merge_call==a#xpath#//a[contains(@class,'font-m highlight')]/div/div/button[contains(@data-title,'Merge')]
default_chat_icon==div#xpath#//div[contains(concat(' ', @class, ' '), ' available-state-im')]/span[contains(concat(' ',@class,' '),'icon icon_im_presence_online')]
default_chat_icon1==div#xpath#//div[@class='icon icon-group-30']
default_chat_icon_bubble==div#xpath#//div[@class='available-state-im']/span
default_groupchat_uparrow==div#xpath#//div[contains(concat(' ', @class, ' '), ' icon-dashboard-profile-open')]
first_panel_popup_message==div#xpath#//div[contains(@id,'lightBox')]
first_panel_click_ok==button#xpath#//button[contains(concat(' ', @id, ' '), ' btnOk ')]
first_panel_click_ok1==button#xpath#//button[contains(@id,'btnOk')]
first_panel_click_changebtn==button#xpath#//button[contains(@id,'btnChangeFwdMode')]
first_panel_draft_color_white==li#xpath#//li[contains(@class,'font-m    ')]
first_panel_blindusers==ul#xpath#//ul[@class='user-suggestion-wrap']/li[2]
first_panel_in_meeting==st-contact-token#xpath#//st-contact-token[@class='alt-suggestion status-busy']
first_panel_available==st-contact-token#xpath#//st-contact-token[@class='alt-suggestion status-available'] 
first_panel_out_office==st-contact-token#xpath#//st-contact-token[@class='alt-suggestion status-not-available']
first_panel_contacts==p#xpath#//p[@class='title-label']
FP_Event_url==div#xpath#//a[@class='participant-url']
first_panel_conference==st-attendee-list#xpath#//st-attendee-list/ul/li[1]
first_panel_conferenceevent==section#xpath#//section[contains(@class,'meetings')]/ul/li[1]
default_IM_filter==div#xpath#//div[@class='search-wrap']
default_IM_filtertext==input#xpath#//input[@placeholder='Search this conversation']
Default_EXO_answer_call==div#xpath#//div[contains(@class,'icon icon-maincontrols-answer answer')]
Default_EXO_answer_call_second==div#xpath#//div[contains(@class,'icon icon-maincontrols-answer answer')]
Default_EXO_end_call==button#xpath#//button[contains(@class,'icon icon-maincontrols-end  icon-dashboard end')]
exo_desktop_share==button#xpath#//button[contains(@class,'screen mode-plain width-fill height-min min-height-small')]
exo_share_button==button#xpath#//input[contains(@class,'start-sharing control-img')]
endo_accept_share_button==st-button#xpath#//st-buttton[contains(@can-click,"{acceptShare}")]
exo_share_button_ok==button#xpath#//button[contains(@class,'mode-neutral width-small height-small min-height-small')]
exo_first_panel_share==input#xpath#//input[contains(@class,'start-sharing control-img')]
exo_first_panel_share_rect==button#xpath#//ul/li/st-button/button[contains(@class,'rect mode-plain width-fill height-min min-height-small')]
exo_first_panel_share_verify_ok==button#xpath#//button[contains(@class,'mode-neutral width-small height-small min-height-small')]
first_panel_accept==button#xpath#//button[contains(@class,'mode-positive width-small height-small min-height-small')]
first_panel_header==div#xpath#//div[contains(@class,'inner-wrap')]/header
first_panel_recent_badge_no==span#xpath#//span[contains(@class,'icon icon-dashboard-recent')]/span[contains(@class,'badge font-sm')]
first_panel_messages_badge_no==span#xpath#//span[contains(@class,'icon icon-dashboard-messages')]/span[contains(@class,'badge font-sm')]
first_panel_voicemail_badge_no==span#xpath#//span[contains(@class,'icon icon-dashboard-voicemail')]/span[contains(@class,'badge font-sm')]
first_panel_recent_badge==span#xpath#//span[contains(@class,'badge font-sm')]
first_panel_im_in_response_call==div#xpath#//div[contains(@class, 'dashboard-notification-container')]
first_panel_rejoin_badge==div#xpath#//div[contains(@class,'conversation-items-inner')]/div[2]/span[contains(@class,'badge font-sm show-badge')]
first_panel_minimize==button#xpath#//button[contains(@class,'icon icon-buttons-app-min minify win')]
first_panle_user_verification==h2#xpath#//h2[contains(@class,'font-lg full-name')]
first_availability_checking==#xpath#//button[@class='toggle icon icon-dashboard-profile-closed availability-available']
first_panel_check_available==span#xpath#//span[contains(text(),'Available')]
first_panel_check_InAMeeting==span#xpath#//span[contains(text(),'In a Meeting')]
first_panel_check_OutOfOffice==span#xpath#//span[contains(text(),'Out of Office')]
first_panel_check_DoNotDisturb==span#xpath#//span[contains(text(),'Do not Disturb')]
first_panel_check_Vacation==span#xpath#//span[contains(text(),'Vacation')]
first_panel_check_Custom==span#xpath#//span[contains(text(),'Custom')]
default_vm_reply==a#xpath#//a[contains(text(),'Reply')]
default_vm_record==span#xpath#//span[@class='icon icon-recents-record']
default_vm_recordstop==span#xpath#//span[@class='icon icon-recents-stop']
default_vm_send==button#xpath#//button[contains(text(),'Send')]
first_panel_verify_sender==span#xpath#//span[contains(@class,'name font-normal-m ')]
first_panel_attandees==div#xpath#//div[contains(@class,'attendee ')]
Exo_verify_group_initials==div#xpath#//div[contains(@class,'one-group selectable item-l color-selected')]
Exo_verify_group_initials1==div#xpath#//div[contains(@class,'font-m full-name')]
Exo_chat_initial==div#xpath#//div[contains(@class,'name-initial')]
Exo_group_chat_users==div#xpath#//div[contains(@class,'font-m full-name')]
Exo_verify_single_chat==h2#xpath#//h2[contains(@class,'font-lg full-name')]
default_deletegroup_pop==button#xpath#//button[@class='btn mode-negative width-small height-large min-height-small']
default_discard_pop==button#xpath#//button[@class='btn mode-negative width-small height-large min-height-small']
first_panel_conversation_item==span#xpath#//span[contains(@class,'name font-m')]
group_edit_draft==div#xpath#//div[@class='drafts-title font-m']
default_auto_login==input#xpath#//input[@class='save-password']
default_vm_endcall==button#xpath#//button[contains(@class,'icon icon-maincontrols-end active icon-dashboard end')]
default_vmcall_section==div#xpath#//div[contains(@class,'dashboard-call-container connected')]
default_conf_call==ul#xpath#//ul[@class='calls-list']/li[1]
first_panel_end_call==button#xpath#//div[contains(@class,'call-cell-buttons')]/button[@data-title='Hangup']
default_doubleclick==div#xpath#//div[@class='details']/div[@class='contactName font-m']
double_click_answers==div#xpath#//div[contains(@class, 'icon-incoming-call info-incoming-call-icon')]
answered_activeCallName==div#xpath#//div[contains(@class, 'dashboard-call-container')]/a/div/div[contains(@class, 'info-block')]
held_call_in_dashboard==div#xpath#//a[@class='call-cell font-m']/div/div/div[@class='title font-m']
default_callDashboard_incoming==div#xpath#//div[@class='from font-m']
FP_IM_notification==div#xpath#//div[contains(@class,'info-block')]
FP_default_recent_badge_number==div#xpath#//div[contains(@class,'badge font-sm')]
FP_default_voicemail_notification==div#xpath#//div[contains(@class,'cf type-vm')]
FP_default_routing_slip_info==div#xpath#//div[contains(@class,'routing-slip-section')]
default_OutG_CallName==div#xpath#//div[contains(@class, 'primary-label font-m')]
FP_ringing_incomming_call==div#xpath#//div[contains(@class,'dashboard-call-container incoming')]
default_GRPdraft_Notif==li#xpath#//li[@class='font-m    active']
default_compress_dashboard==span#xpath#//span[contains(@class,'icon-dashboard-compress')]
FP_compress_recBox==div#xpath#//div[@can-click='toggleCompressedState']
FP_compress_one_row_view==ul#xpath#//ul[@class='compressed']
default_uncompress_dashboard==span#xpath#//span[contains(@class,'icon-dashboard-uncompress')]
FP_compress_three_row_view==a#xpath#//st-dashboard/section/ul/li/a[contains(@class, 'menu-item')]
first_panel_check_uncheck_routingOpt==input#xpath#//input[contains(@can-value,'{showRoutingSlipAndCallNotes}')]
first_panel_routing_slip==div#xpath#//div[contains(@class,'routing-slip-details')]
FP_default_routing_slip_compress==div#xpath#//div[contains(@class,'icon icon-maincontrols-routing-slip-open icon-dashboard routing-slip')]
FP_default_routing_slip_show_info==div#xpath#//div[contains(@class,'icon icon-maincontrols-routing-slip-closed icon-dashboard routing-slip')]
FP_default_routing_slip_show_info_when_OnHold==div#xpath#//div[contains(@data-title,'Routing Slip')]
default_whisperName_callDashboard==div#xpath#//div[@class='duration-or-status font-sm']
FP_transfer_confCall==button#xpath#//button[@class='icon icon-dashboard-complete complete-consult']
default_consultCalls==div#xpath#//div[@class='consult-calls']
default_callDashboard==div#xpath#//div[@class='main-block main-block-no-disconnected']
call_end_icon==div#xpath#//div[contains(@class,'call-cell-buttons')]/button[contains(@class,'icon icon-maincontrols-end active icon-dashboard end')]
FP_softphone==span#xpath#//st-endpoint-selector/div/div/label/span[contains(text(),'Softphone')]
FP_softphonechecked==input#xpath#//input[@checked and @value='sphone']
FP_dialpad==div#xpath#//div[@class='dialer-wrap']
default_complete_conference==button#xpath#//button[contains(@class,'icon-dashboard-complete complete-consult')]
FP_people==span#xpath#//span[@class='icon icon-dashboard-people ']
FP_clickgroupchat==a#xpath#//a[@class='font-m  main-conversation-anchor multiple-participants']
IM_green_icon==div#xpath#//div[@class='icon icon-dashboard icon-maincontrols-messaging im-notification']
default_hold_client==div#xpath#//div[contains(@class,'call-cell-buttons')]/button[contains(@data-title,'Hold')]
cross_icon_in_drafts==button#xpath#//button[@class='destroy icon icon-buttons-close']
consult_call_top_call==div#xpath#//div[contains(@class, 'dashboard-call-container held  consult-call')]/a/div/div/div/div[contains(@class,'primary-label')]
FP_consult_call_top_call_hold_text==div#xpath#//div[contains(@class, 'dashboard-call-container held  consult-call')]/a/div/div/div/div[contains(@class,'secondary-label-state')]
consult_call_second_call==div#xpath#//div[contains(@class, 'dashboard-call-container connected  consult-call')]/a/div/div/div/div[contains(@class,'primary-label')]
FP_consult_call_second_call_consult_text==div#xpath#//div[contains(@class, 'dashboard-call-container connected  consult-call')]/a/div/div/div/div[contains(@class,'secondary-label-state')]
FP_consult_conference_initiated==div#xpath#//div[contains(@class, 'dashboard-call-container calling  consult-call')]/a/div/div/div/div[contains(@class,'primary-label')]
FP_consult_conference_initiated_text==div#xpath#//div[contains(@class, 'dashboard-call-container calling')]/a/div/div/div/div[contains(@class, 'secondary-label-state')]
default_IM_vm_notification==div#xpath#//div[contains(text(),'Voice Mail')]
default_im_count_notification==div#xpath#//div[contains(@class,'icon icon-dashboard icon-maincontrols-messaging im-notification')]/div[contains(@class, 'badge font-sm')]
default_im_count_conversation==span#xpath#//div[@class='cellbutton']/span[@class='badge font-sm show-badge']
Dashboard_IM_VM_Notification==div#xpath#//div[@class='dashboard-notification-container  ']
Routing_slip_hide_unhide==div#xpath#//div[contains(@class,'icon icon-maincontrols-routing-slip-open icon-dashboard routing-slip')]
Routing_slip_hide_unhide_other_call==div#xpath#//div[contains(@class,'icon icon-maincontrols-held-call-routing-slip-closed icon-dashboard routing-slip')]
Routing_slip_hide_unhide_autoHold==div#xpath#//div[contains(@class,'icon icon-maincontrols-held-call-routing-slip-closed icon-dashboard routing-slip')]
first_panel_Event_draft_convr==span#xpath#//span[@class='events-drafts-conversations']
first_panel_routingSlip_info1==ul#xpath#//ul[@class='calls-list']/li[1]/st-notification/div[@class='routing-slip-section']
first_panel_routingSlip_info2==ul#xpath#//ul[@class='calls-list']/li[2]/st-notification/div[@class='routing-slip-section']
first_panel_routingSlip_info3==ul#xpath#//ul[@class='calls-list']/li[3]/st-notification/div[@class='routing-slip-section']
first_panel_routingSlip_hideInfo2==ul#xpath#//ul[@class='calls-list']/li[2]/st-notification/div/div/div[@class='routing-slip-call-note-buttons']/div[@class='icon icon-maincontrols-routing-slip-closed icon-dashboard routing-slip']
first_panel_routingSlip_hideInfo3==ul#xpath#//ul[@class='calls-list']/li[3]/st-notification/div/div/div[@class='routing-slip-call-note-buttons']/div[@class='icon icon-maincontrols-routing-slip-closed icon-dashboard routing-slip']
first_panel_routingSlip_openInfo2==ul#xpath#//ul[@class='calls-list']/li[2]/st-notification/div/div/div[@class='routing-slip-call-note-buttons']/div[@class='icon icon-maincontrols-routing-slip-open icon-dashboard routing-slip']
first_panel_routingSlip_openInfo3==ul#xpath#//ul[@class='calls-list']/li[3]/st-notification/div/div/div[@class='routing-slip-call-note-buttons']/div[@class='icon icon-maincontrols-routing-slip-open icon-dashboard routing-slip']
first_panel_recvCall2==ul#xpath#//ul[@class='calls-list']/li[2]/st-notification/div//div[@class='call-action-buttons']/div[@class='icon icon-dashboard icon-maincontrols-answer answer']
first_panel_recvCall3==ul#xpath#//ul[@class='calls-list']/li[3]/st-notification/div//div[@class='call-action-buttons']/div[@class='icon icon-dashboard icon-maincontrols-answer answer']
first_panel_end_conference_call1==ul#xpath#//ul[contains(@class,'participants')]/li[1]/a/div/div/div/button
first_panel_end_conference_call == div#xpath#//div[@data-title='Drop from conference call']
first_panel_end_conference_call2==ul#xpath#//ul[contains(@class,'participants')]/li[2]/a/div/div/div/button
Dashboard_call_merge==button#xpath#//button[@class="icon icon-maincontrols-merge icon-dashboard heldmerge generic-tooltip-call-cell"]
Dashboard_call_merge_destination==div#xpath#//div[@class='title merge-destination']
Dashboard_call_merge_toggle==div#xpath#//div[@can-click='{toggleParticipants}']
Dashboard_call_merge_end==button#xpath#//button[@class='icon icon-maincontrols-end drop-party']
FP_call_block == div#xpath#//div/a/div[@class='main-block']
dashboard_workgroup==a#xpath#//a[@id='a-workgroups']
dashboard_workgroup_details==div#xpath#//div[@class='workgroupDetails font-normal ']
first_panel_routingSlip_openInfo1==ul#xpath#//ul[@class='calls-list']/li[1]/st-dashboard-consult-call//div/div/div[@class='routing-slip-call-note-buttons']/div[@class='icon icon-maincontrols-routing-slip-open icon-dashboard routing-slip']
default_call_list==span#xpath#//div[contains(@class, 'particpants-list-cell-main-')]/div
default_voicemail_tab == a#xpath#//a[@id='a-voicemails']
default_vm_badge_count == span#xpath#//a[@id='a-voicemails']/span/span[contains(@class, 'badge')]
default_panel_upgrade_button == button#xpath#//button[contains(@class, 'upgrade-btn')]
default_event_entry == div#xpath#//st-attendee[contains(@id,'attn_confmuc')]/a/div/div
default_messages_tab == a#xpath#//a[@id='a-messages']
FP_checksoftphone==div#xpath#//div[@id='psettings']
FP_selectmicrophone==div#xpath#//div[@id='softphoneSettings']/ul/li[2]
FP_selectconference_bridge==ul#xpath#//ul[@class='tab-list']/li[2]/div
FP_selectprimary_assignment==ul#xpath#//ul[@class='tab-list']/li[1]/div
FP_deskphone==span#xpath#//st-endpoint-selector/div/div/span[@class='deskphone-label']/label/span[@class='radio-button']
FP_dialpad_close1==div#xpath#//div[@class='dialer-wrap']/div[@class='message']/button[@class='close' and @can-click='{toggleDialpad}' ]
FP_dialpad_close==div#xpath#//div/button[@can-click='{toggleDialpad}' ]
FP_directory_firstname==div#xpath#//st-paginator[contains(@class, 'directSearch  directory noPublicSearch')]/ul/li[1]/div/a/div/div/div[@class='first-name']
FP_directory_clickfirstname==div#xpath#//st-paginator[@class='directory']/ul/li[1]/div
FP_delete_event_draft == button#xpath#//li/button[@can-click='{promptDraftDistruction}']
FP_videocall==button#xpath#//button[contains(@class,"icon-controls-video")]
FP_cancel_consult_dashboard == button#xpath#//button[contains(@class,'icon-dashboard-cancel end')]
FP_single_user_in_call == div#xpath#//div[contains(@class, 'dashboard-call-container connected')]/a/div/div/div/div[contains(@class, 'primary-label')]
default_logout == div#xpath#//div[@class='logout']
FP_first_ongoing_event == a#xpath#//st-event-cell/div/div/st-attendee/a[1]
FP_toggle_conference_participant_list == div#xpath#//div[@class='conference-participant-list']/div[@class='toggle-button']
FP_conferenced_parties_list == div#xpath#//div[@class='particpants-list-cell-main-block/div[contains(@class, 'people)]
End_VoiceMail_Call == button#xpath#//button[@data-title='Hangup']
Edit_External== span#xpath#//span[@class="edit-external"]
Click_Remove_External==button#xpath#//button[@class="remove-external-number font-normal color-scheme-critical outline small"]
Click_Remove_External_Link==button#xpath#//button[@class="remove-external-number font-normal color-scheme-critical link small"]
FP_softphone_icon==div#xpath#//div[@class='icon-dashboard-phone-assigned-soft-phone assigned-phone generic-tooltip']
FP_deskphone_icon==div#xpath#//div[@class='icon-dashboard-phone-assigned-desk-phone assigned-phone generic-tooltip']
FP_availability_alert_popup==div#xpath#//div[@id='lightBox']
FP_availability_alert_popup_ok==div#xpath#//div[@id='lightBox']/div/div/button[@id='btnOk']
FP_voicemail_badge_count==span#xpath#//a[@id='a-voicemails']/span/span[contains(@class,'badge')]
FP_message_badge_count==span#xpath#//a[@id='a-messages']/span/span[contains(@class,'badge')]
FP_Recieve_Button==div#xpath#//div[@class="icon icon-dashboard icon-maincontrols-incoming-answer answer"]
FP_External_Assignment==span#xpath#//st-endpoint-selector/div/div[@class='radio-wrapper']/label/span[contains(text(),'External Assignment Number')]
FP_External_Label_Assignment==input#xpath#//input[contains(@class,'label ')]
FP_External_Number_Assignment==input#xpath#//input[contains(@class,'number ')]
FP_External_Assignment_Add==button#xpath#//button[contains(@class,'add-external-number font-normal color-scheme-positive filled small')]
FP_Click_Connect==div#xpath#//div[contains(@class,'menu')]
FP_default_connect_menu==div#xpath#//div[contains(@can-click, "openMenu")]
FP_compact_view==div#xpath#//li/div[text()="Compact View"]
FP_list_view==div#xpath#//li/div[text()="List View"]
FP_first_call_on_dashboard==li#xpath#//section[@class='calls']/ul/li[1]