Dialpad_num_four_ghi==button#xpath#//button[contains(@class,'digit') and @value='5']/preceding-sibling::button[@value='4']/span[contains(text(),'ghi')]
Dialpad_num_seven_pqrs==button#xpath#//button[contains(@class,'digit') and @value='8']/preceding-sibling::button[@value='7']/span[contains(text(),'pqrs')]
Dialpad_num_seven==button#xpath#//button[contains(@class,'digit') and @value='8']/preceding-sibling::button[@value='7']
Login_back_button==button#xpath#//button[contains(text(),'Back')]
Login_change_password_dialog_back==button#xpath#//button[contains(@class,'login-button-negative')]
Login_checkbox==input#xpath#//div[contains(@class,'login-value')]/input[contains(@can-value,'savePassword')]
Login_ctrl_back_button==button#xpath#//button[contains(text(),'Back')]
Login_ctrl_checkbox==input#xpath#//input[contains(@can-value,'savePassword')]
Login_ctrl_server_login==button#xpath#//button[contains(text(),'Log In')]
Login_ctrl_server==input#xpath#//input[contains(@can-value,'server')]
Login_ctrlf12_domain==input#xpath#//input[contains(@can-value,'domain')]
login_ctrlf12_save_pwd==input#xpath#//input[contains(@can-value,'savePassword')]
Login_ctrlf12_server==input#xpath#//input[contains(@can-value,'server')]
Login_domain==input#xpath#//input[contains(@can-value,'domain')]
Login_Email1==div#xpath#//div/input[contains(@can-value,'usernameOrSSOUsername')
Login_Email==div#xpath#//input[@can-value='usernameOrSSOUsername']
Login_error_password_blank==div#xpath#//div[contains(text(),'be blank.')]
Login_error_password_length==div#xpath#//div[contains(@class,'field-error')]
Login_error_password_strength==div#xpath#//div[contains(@class,'login-strength-value login-strength-style-weak')]
login_failure_info==div#xpath#//div[contains(@class,'login-info')]
Login_Login_Button_server==button#xpath#//button[contains(@class,'login-button-positive')]
Login_login_error==div#xpath#//div[contains(@class,'login-info')]
Login_Login==button#xpath#//button[contains(@class,'login-button-positive')]
Login_Logout==div#xpath#//div[contains(@class,'usrProfilebuttonbarGroup')]/button[contains(@id,'logout')]
Login_NewPassword_error==div#xpath#//div[contains(@class,'field-error')]
Login_NewPassword_reType==div#xpath#//div/input[contains(@can-value,'retypePassword')]
Login_NewPassword==input#xpath#//input[contains(@can-value,'newPassword')]
Login_Password==div#xpath#//div/input[contains(@can-value,'passwordOrSSOPassword')]
Login_Server_Lable==div#xpath#//div[contains(text(),'Server')]
Login_server_login==button#xpath#//button[contains(text(),'Log In')]
Login_Server_text==input#xpath#//input[contains(@can-value,'server')]
Login_server==input#xpath#//input[contains(@can-value,'server')]
Login_ServerIP_TextBox==input#xpath#//input[contains(@can-value,'server')]
Login_SetNewPass_Login==button#xpath#//button[contains(@class,'login-button-positive') and contains(@type,'submit')]
Login_show_advanced_options==div#xpath#//div[contains(@class,'show-advanced')]
Login_SignIn_msg==span#xpath#//span/span[contains(text(),'Signing In')]
Login_signing_in_text==span#xpath#//span[contains(@class,'login-splash-text')][contains(text(),'Signing In')]
Login_temp_reset_button==button#xpath#//button[contains(text(),'Temp Reset Button')]
Login_try_a_different_email_or_password==button#xpath#//button[contains(text(),'Try A Different Email Or Password')]
Login_Use_Active_Directory==button#xpath#//button[contains(@class,'login-button-negative')]
Login_verify_okay_password==p#xpath#//p[contains(@class,'password-strength-text')]
Login_verify_Email_Username==st-login-row-field#xpath#//st-login-row-field[contains(@label,'login.emailOrUsername')]
Login_verify_Password==st-login-row-field#xpath#//st-login-row-field[contains(@label,'title.password')]
Login_verify_Server==st-login-row-field#xpath#//st-login-row-field[contains(@label,'title.server')]
Login_verify_Domain==st-login-row-field#xpath#//st-login-row-field[contains(@label,'title.domain')]
login_remember_my_credencial==input#xpath#//input[@can-value='rememberThis']
login_show_advance==div#xpath#//div[@class='show-advanced']
login_change_passwrd_warning==div#xpath#//div[@class='icon icon-login-alert login-icon']
login_enter_new_password==input#xpath#//input[@can-value='newPassword']
login_retype_new_password==input#xpath#//input[@can-value='retypePassword']
login_red_strength==div#xpath#//div[@class='login-strength-value login-strength-style-weak']
login_yellow_strength==div#xpath#//div[@class='login-strength-value login-strength-style-okay']
login_green_strength==div#xpath#//div[@class='login-strength-value login-strength-style-good']
login_new_login_button==button#xpath#//button[@class='login-button-positive']
login_new_login_button1==button#xpath#//button[@type='submit']
login_warning_msg==div#xpath#//div[contains(text(),'Your password has expired, please set a new password')]
login_set_a_new_passwd==button#xpath#//button[contains(text(),'Set New Password & Log In')]
new_login_field==input#xpath#//input[@can-value='usernameOrSSOUsername']
new_password_field==input#xpath#//input[@can-value='passwordOrSSOPassword']
login_button_disabled==button#xpath#//button[text()='Set New Password & Log In'  ]
login_button_green==button#xpath#//button[@data-panel='login']
login_user_logoff==button#xpath#//button[contains(@class,'mode-negative width-large height-small min-height-small')]