events_MPV_video_radio_button==input#xpath#//input[@value='video']
events_MPV_participants_in==st-autosuggest#xpath#//st-autosuggest[contains(@selected-users,'{mpvParticipants}')]/div/input[contains(@type,'text')]
events_MPV_participants_users==li#xpath#//li/st-contact-token/span[contains(@class,'name')]
event_MPV_date==input#xpath#//input[@class='start-date  hasDatepicker']
event_MPV_date1==input#xpath#//input[@can-value='{eventStartDate}']
event_MPV_date_from_calender==input#xpath#//input[@class='calendar-btn icon-buttons-calendar']
event_MPV_hour==input#xpath#//input[@class='duration-hours ']
event_MPV_minute==input#xpath#//input[@can-value='{event.duration.minutes}']
event_edit_MPV_event==div#xpath#//div[@id='editMeeting']
event_verify_MPV_event_name==div#xpath#//div[@class='subject font-ml']
event_verify_MPV_organizer==table#xpath#//table[@id='event-presenters'][1]
event_verify_MPV_presenter==table#xpath#//table[@id='event-presenters'][2]
event_cancel_MPV_meeting==button#xpath#//button[@class='event-cancel-meeting mode-negative width-large height-small min-height-small']
event_cancel_MPV_meeting_confirm==button#xpath#//button[@class='mode-negative width-small height-large min-height-small']
event_join_MPV_meeting==a#xpath#//a[@class='cursor-pointer join-icon icon-video-meeting']
events_error_create_mpv==div#xpath#//div[@class='error-content']
event_MPV_colaboration_radio_button==input#xpath#//input[@id='eventedit-collaborationButton']
event_overview_box==textarea#xpath#//textarea[@id='eventedit-overview']
event_video_popup_username==input#xpath#//input[@id='text_username']
event_video_popup_password==input#xpath#//input[@id='text_password']
event_video_popup_submit==button#xpath#//button[@id='submitMPVCred']
MP_event_info==li#xpath#//li[@class='columns-1']
MPV_event_date==h3#xpath#//h3[@class='date-header font-lg']