pref_account_login_address==div#xpath#//div[contains(@class,'acct-login-view')]/p/label[contains(@id,'lb_server')]
pref_account_login_username==div#xpath#//div[contains(@class,'acct-login-view')]/p/label[contains(@id,'lb_username')]
pref_AR_DND_call_forward_box==ul#xpath#//ul[contains(@class,'options ')]/descendant::st-autosuggest/div/input
pref_AR_DND_call_forward==button#xpath#//st-autosuggest-voicemail[contains(@id,'dnd-number-input')]
pref_AR_DND_suggesExt==li#xpath#//ul[contains(@class,'user-suggestion-wrap')]/li/st-contact-token/span/span[contains(@class,'contact-point-info')]
pref_AR_DND_suggestion==li#xpath#//ul[contains(@class,'user-suggestion-wrap')]/li
pref_avail_delete_DND_user==span#xpath#//span[contains(@class,'remove-user')]
pref_avail_delete_routing_steps==button#xpath#//button[contains(@id,'btn-delete-routing')]
pref_avail_dnd_forwrd_call_DD_0==ul#xpath#//ul[contains(@class,'options ')]/li[contains(@class,'my-voicemail-option')]
pref_avail_find_me_panel_random_click==div#xpath#//div[contains(@class,'findme-settings-notification-text')]
pref_avail_find_me_setting_checkmark_first==div#xpath#//div[contains(@id,'findme-avail-settings-section')]/div[2]
pref_avail_find_me_setting_checkmark_home1==div#xpath#//div[contains(@id,'findme-numbers-avail-section')]
pref_avail_find_me_setting_checkmark_home==div#xpath#//div[contains(@id,'findme-numbers-avail-section')]/div[3]/img
pref_avail_find_me_setting_checkmark_second==div#xpath#//div[contains(@id,'findme-avail-settings-section')]/div[3]
pref_avail_find_me_setting_checkmark_work==div#xpath#//div[contains(@id,'findme-numbers-avail-section')]/div[2]
pref_availRouting_Override==button#xpath#//button[contains(@class,'mode-positive width-large height-small min-height-small') and contains(text(),'Start Wizard')]
pref_availRouting_UBRW_arrow==st-dropdown-filter#xpath#//st-dropdown-filter[contains(@id,'availability-option-select')]/div/span[contains(@class,'menu-icon icon icon-buttons-arrow-down')] 
pref_availRouting_UBRW_DD_DOD==div#xpath#//div[contains(@class,'options-container')]/ul/li[6]
pref_availRouting_UBRW_DD_down==span#xpath#//span[contains(@class,'menu-icon icon icon-buttons-arrow-down')]
pref_availRouting_UBRW_DD_old==div#xpath#//div[contains(@class,'options-container')]/ul/li
pref_availRouting_UBRW_DD_oof==div#xpath#//div[contains(@class,'options-container')]/ul/li[3]
pref_availRouting_UBRW_DD_up==span#xpath#//span[contains(@class,'menu-icon icon icon-buttons-arrow-up')]
pref_availRouting_UBRW_DD==div#xpath#//div[contains(@class,'options-container')]/ul/li[2]
pref_availRouting==li#xpath#//li/div[contains(text(),'Availability Routing')]
pref_CR_AR_Save==button#xpath#//st-button/button[contains(@class,'mode-positive width-small height-small min-height-small') and contains(text(), 'Save')]
pref_BR_incCall_AFMCT_err==label#xpath#//label[contains(@id,'err-forward-always-section')]
pref_BR_incCall_Cancel==button#xpath#//button[contains(@class,'mode-negative width-small height-small')]
pref_BR_incCall_DD_RBF==select#xpath#//div/div/select[contains(@id,'select-rings-before-forward')]
pref_BR_incCall_DDAFMCT_suggesList==ul#xpath#//div[contains(@id,'forward-always-section')]/div/st-autosuggest-voicemail/div/ul/li/st-autosuggest/ul
pref_BR_incCall_DDAFMCT_text_remove==span#xpath#//div[contains(@id,'forward-always-section')]/div/st-autosuggest-voicemail/div/ul/li/st-autosuggest/div/div/span[contains(@class,'remove-user')]
pref_BR_incCall_DDAFMCT_usrList==span#xpath#//div[contains(@id,'forward-always-section')]/div/st-autosuggest-voicemail/div/ul/li/st-autosuggest/ul/li/st-contact-token/span[contains(@class,'name')]
pref_BR_incCall_DDAFMCT_VM==li#xpath#//div[contains(@id,'forward-always-section')]/div/st-autosuggest-voicemail/div/ul/li[1]
pref_BR_incCall_DDFCT_content==ul#xpath#//ul[contains(@class,'options ')]
pref_BR_incCall_DDFCT_extList==span#xpath#//span[contains(@class,'contact-point-info')]
pref_BR_incCall_DDFCT_suggesList==ul#xpath#//div[contains(@id,'forward-no-answer-section')]/div/st-autosuggest-voicemail/div/ul/li/st-autosuggest/ul
pref_BR_incCall_DDFCT_text_remove==span#xpath#//div[contains(@id,'forward-no-answer-section')]/div/st-autosuggest-voicemail/div/ul/li/st-autosuggest/div/div/span[contains(@class,'remove-user')]
pref_BR_incCall_DDFCT_text==input#xpath#//div[contains(@id,'forward-no-answer-section')]/div/st-autosuggest-voicemail/div/ul/li/st-autosuggest/div/input
pref_BR_incCall_DDFCT_usrList==span#xpath#//span[contains(@class,'name')]
pref_BR_incCall_DDFCT_VM==li#xpath#//div[contains(@id,'forward-no-answer-section')]/div/st-autosuggest-voicemail/div/ul/li[1]
pref_BR_incCall_DDmorecalls_suggesList==ul#xpath#//div[contains(@id,'forward-busy-section')]/div/st-autosuggest-voicemail/div/ul/li/st-autosuggest/ul
pref_BR_incCall_DDmorecalls_text_remove==span#xpath#//div[contains(@id,'forward-busy-section')]/div/st-autosuggest-voicemail/div/ul/li/st-autosuggest/div/div/span[contains(@class,'remove-user')]
pref_BR_incCall_DDmorecalls_usrList==span#xpath#//div[contains(@id,'forward-busy-section')]/div/st-autosuggest-voicemail/div/ul/li/st-autosuggest/ul/li/st-contact-token/span[contains(@class,'name')]
pref_BR_incCall_DDmorecalls_VM==li#xpath#//div[contains(@id,'forward-busy-section')]/div/st-autosuggest-voicemail/div/ul/li[1]
pref_BR_incCall_DropDAFMCT_Text==input#xpath#//div[contains(@id,'forward-always-section')]/div/st-autosuggest-voicemail/div/ul/li/st-autosuggest/div/input
pref_BR_incCall_DropDAFMCT==div#xpath#//div[contains(@id,'forward-always-section')]/div/st-autosuggest-voicemail/div
pref_BR_incCall_DropDFCT==div#xpath#//st-autosuggest-voicemail[contains(@id,'forward-no-answer-input')]/div/div
pref_BR_incCall_DropDmoreCall_Text==input#xpath#//div[contains(@id,'forward-busy-section')]/div/st-autosuggest-voicemail/div/ul/li/st-autosuggest/div/input
pref_BR_incCall_DropDmoreCall==div#xpath#//st-autosuggest-voicemail[contains(@id,'forward-busy-input')]/div/div
pref_BR_incCall_FCT_err==label#xpath#//label[contains(@id,'err-forward-no-answer-section')]
pref_BR_incCall_Forwrd_call_contact_err_num_busy==label#xpath#//label[contains(@class,'error leftArrowError') and contains(@id,'err-forward-busy-section-div')]
pref_BR_incCall_Forwrd_call_contact_err_num_no_answer==label#xpath#//label[contains(@class,'error leftArrowError') and contains(@id,'err-forward-no-answer-section-div')]
pref_BR_incCall_Forwrd_call_contact==ul#xpath#//ul[contains(@class,'user-suggestion-wrap')]/li/st-contact-token[contains(@contact-point-id,'{contactPointId}')]/span[contains(@class,'availability-bar')]
pref_BR_incCall_Next==button#xpath#//div[contains(@id,'navigation-buttons')]/st-button/button[contains(text(),'Next')]
pref_BR_incCall_Pre==button#xpath#//div[contains(@id,'navigation-buttons')]/st-button/button[contains(text(),'Previous')]
pref_BR_incCall_radioAFMCT==radio#xpath#//div/input[contains(@id,'forward-always-btn')]
pref_BR_incCall_radioF==radio#xpath#//div[contains(@id,'forward-never-section')]/input[contains(@class,'forward-option-btns')]
pref_BR_incCall_radioFCT==radio#xpath#//div/input[contains(@id,'forward-rna-busy-btn')]
pref_BR_incCall_TextAFMCT==input#xpath#//div/input[contains(@id,'forward-always-number-input')]
pref_BR_incCall_textFCT==input#xpath#//div/input[contains(@id,'forward-no-answer-number-input')]
pref_BR_incCall_TextmoreCall==input#xpath#//div/input[contains(@id,'forward-busy-number-input')]
pref_BR_incCall_TextmoreCallErr==label#xpath#//label[contains(@id,'err-forward-busy-section')]
pref_BR_suggesList==class#xpath#//user-suggestion-wrap
pref_deskphone_ringtoneDD==select#xpath#//p/select[contains(@id,'sel_ringtone')]
pref_deskphone_wallpaperDD==select#xpath#//p/select[contains(@id,'sel_wallpaper')]
pref_deskphone==div#xpath#//li[contains(@class,'tabitem  ')]/div[contains(text(),'Deskphone')]
pref_find_me_dont_ring_any==button#xpath#//div[contains(@id,'findme-numbers-basic-section')]/div[contains(@id,'findme1-input')]/st-userphone/div/div/div/div[contains(@class,'bottom ')]/st-button/button[contains(@class,'mode-negative width-min height-small')]
pref_find_me_error_container==div#xpath#//div[contains(@class,'errorContainer')]
pref_find_me_error==div#xpath#//div[contains(@class,'errorMessage')]
pref_find_me_select_numDD_addLabel1==input#xpath#//div[contains(@id,'findme-numbers-basic-section')]/div[contains(@id,'findme1-input')]/st-userphone/div/div/div/div[contains(@id,'phoneGroups')]/div[contains(@id,'div_1')]/p/input[contains(@name,'input_label')]
pref_find_me_select_numDD_addLabel2==input#xpath#//div[contains(@id,'findme-numbers-basic-section')]/div[contains(@id,'findme1-input')]/st-userphone/div/div/div/div[contains(@id,'phoneGroups')]/div[contains(@id,'div_1')]/p/input[contains(@name,'input_label')]
pref_find_me_select_numDD_addNumber1==input#xpath#//div[contains(@id,'findme-numbers-basic-section')]/div[contains(@id,'findme1-input')]/st-userphone/div/div/div/div[contains(@id,'phoneGroups')]/div[contains(@id,'div_1')]/p/input[contains(@name,'input_number')]
pref_find_me_select_numDD_addNumber2==input#xpath#//div[contains(@id,'findme-numbers-basic-section')]/div[contains(@id,'findme1-input')]/st-userphone/div/div/div/div[contains(@id,'phoneGroups')]/div[contains(@id,'div_1')]/p/input[contains(@name,'input_number')]
pref_find_me_select_numDD_addNumber3==div#xpath#//div[contains(@id,'findme-numbers-basic-section')]/div[contains(@id,'findme1-input')]/st-userphone/div/div/div/div[contains(@id,'phoneGroups')]/div[contains(@id,'div_3')]/p/input[contains(@name,'input_number')]
pref_find_me_select_numDD_nonumber==radio#xpath#//div[contains(@id,'findme-numbers-basic-section')]/div[contains(@id,'findme1-input')]/st-userphone/div/div/div/div[contains(@id,'phoneGroups')]/div[contains(@id,'div_1')]/p/input[contains(@placeholder,'Add Number')]
pref_find_me_select_numDD_Number3_ring_counter==input#xpath#//div[contains(@id,'findme-numbers-basic-section')]/div[contains(@id,'findme1-input')]/st-userphone/div/div/div/div[contains(@id,'phoneGroups')]/div[contains(@id,'div_1')]/p[contains(@class,'details indent')]/input[contains(@step,'1')]
pref_find_me_select_numDD_radio1==radio#xpath#//div[contains(@id,'findme-numbers-basic-section')]/div[contains(@id,'findme1-input')]/st-userphone/div/div/div/div[contains(@id,'phoneGroups')]/div[contains(@id,'div_1')]/p/input[contains(@name,'input_radio')]
pref_find_me_select_numDD_radio2==radio#xpath#//div[contains(@id,'findme-numbers-basic-section')]/div[contains(@id,'findme1-input')]/st-userphone/div/div/div/div[contains(@id,'phoneGroups')]/div[contains(@id,'div_1')]/p/input[contains(@name,'input_radio')]
pref_find_me_select_numDD==div#xpath#//div[contains(@id,'findme1-input')]/st-userphone/div/div[contains(@id,'divSelected')]
pref_find_me_useSelected==button#xpath#//div[contains(@id,'findme-numbers-basic-section')]/div[contains(@id,'findme1-input')]/st-userphone/div/div/div/div[contains(@class,'bottom ')]/st-button/button[contains(@class,'mode-positive width-min height-small')]
pref_find_me2_dont_ring_any==button#xpath#//div[contains(@id,'findme-numbers-basic-section')]/div[contains(@id,'findme2-input')]/st-userphone/div/div/div/div[contains(@class,'bottom ')]/st-button/button[contains(@class,'mode-negative width-min height-small')]
pref_find_me2_error==div#xpath#//div[contains(@class,'errorMessage')]
pref_find_me2_select_numDD_addLabel1==input#xpath#//div[contains(@id,'findme-numbers-basic-section')]/div[contains(@id,'findme2-input')]/st-userphone/div/div/div/div[contains(@id,'phoneGroups')]/div[contains(@id,'div_1')]/p/input[contains(@name,'input_label')]
pref_find_me2_select_numDD_addLabel2==input#xpath#//div[contains(@id,'findme-numbers-basic-section')]/div[contains(@id,'findme2-input')]/st-userphone/div/div/div/div[contains(@id,'phoneGroups')]/div[contains(@id,'div_2')]/p/input[contains(@name,'input_label')]
pref_find_me2_select_numDD_addNumber1==input#xpath#//div[contains(@id,'findme-numbers-basic-section')]/div[contains(@id,'findme2-input')]/st-userphone/div/div/div/div[contains(@id,'phoneGroups')]/div[contains(@id,'div_1')]/p/input[contains(@name,'input_number')]
pref_find_me2_select_numDD_addNumber2==input#xpath#//div[contains(@id,'findme-numbers-basic-section')]/div[contains(@id,'findme2-input')]/st-userphone/div/div/div/div[contains(@id,'phoneGroups')]/div[contains(@id,'div_2')]/p/input[contains(@name,'input_number')]
pref_find_me2_select_numDD_addNumber3==div#xpath#//div[contains(@id,'findme-numbers-basic-section')]/div[contains(@id,'findme2-input')]/st-userphone/div/div/div/div[contains(@id,'phoneGroups')]/div[contains(@id,'div_3')]/p/input[contains(@name,'input_number')]
pref_find_me2_select_numDD_radio1==radio#xpath#//div[contains(@id,'findme-numbers-basic-section')]/div[contains(@id,'findme2-input')]/st-userphone/div/div/div/div[contains(@id,'phoneGroups')]/div[contains(@id,'div_1')]/p/input[contains(@name,'input_radio')]
pref_find_me2_select_numDD_radio2==radio#xpath#//div[contains(@id,'findme-numbers-basic-section')]/div[contains(@id,'findme2-input')]/st-userphone/div/div/div/div[contains(@id,'phoneGroups')]/div[contains(@id,'div_2')]/p/input[contains(@name,'input_radio')]
pref_find_me2_select_numDD==div#xpath#//div[contains(@id,'findme2-input')]/st-userphone/div/div[contains(@id,'divSelected')]
pref_find_me2_useSelected==button#xpath#//div[contains(@id,'findme-numbers-basic-section')]/div[contains(@id,'findme2-input')]/st-userphone/div/div/div/div[contains(@class,'bottom ')]/st-button/button[contains(@class,'mode-positive width-min height-small')]
pref_findme_error_box_label==div#xpath#//div[contains(@id,'div_1')]/p/input[contains(@class,'error')]
pref_findme_error_box_label2==div#xpath#//div[contains(@id,'div_2')]/p/input[contains(@class,'error')]
pref_findme_error_box==div#xpath#//div[contains(@id,'div_1')]/p/input[contains(@class,'number error')]
pref_findme_error_box2==div#xpath#//div[contains(@id,'div_2')]/p/input[contains(@class,'number error')]
pref_findme_number1_remove==div#xpath#//div[contains(@id,'findme-numbers-basic-section')]/div[contains(@id,'findme1-input')]/st-userphone/div/div/div/div[contains(@id,'phoneGroups')]/div[contains(@id,'div_1')]/p[contains(@class,'details indent')]/st-button/button[contains(@class,'btn_remove mode-negative width-min height-small')]
pref_findme_number2_remove==div#xpath#//div[contains(@id,'findme-numbers-basic-section')]/div[contains(@id,'findme1-input')]/st-userphone/div/div/div/div[contains(@id,'phoneGroups')]/div[contains(@id,'div_1')]/p[contains(@class,'details indent')]/st-button/button[contains(@class,'btn_remove mode-negative width-min height-small')]
pref_findme_samenumbermatch_error==label#xpath#//label[contains(@id,'err-findme-numbers-basic-section')]
pref_greeting_FCT_Text==input#xpath#//div[contains(@id,'greeting-interact-section-div')]/st-autosuggest/div/div
pref_IM_BlockNotif_contact_suggesstionList==li#xpath#//ul/li/st-contact-token/span[contains(@class,'name')]
pref_number_matches_input_removeUser==span#xpath#//div[contains(@class,'number-match row-display')]/st-autosuggest/div/div/span[contains(@class,'remove-user')]
pref_number_matches_input_suggesList_names==li#xpath#//st-autosuggest[contains(@class,'number-match-input')]/ul/li/st-contact-token/span[contains(@class,'name')]
pref_number_matches_input_suggesList_numbers==li#xpath#//st-autosuggest[contains(@class,'number-match-input')]/ul/li/st-contact-token/span/span[contains(@class,'contact-point-info')]
pref_number_matches_input_suggesList==ul#xpath#//st-autosuggest[contains(@class,'number-match-input')]/ul[contains(@class,'user-suggestion-wrap')]
pref_number_matches_input_userAdded==div#xpath#//div[contains(@class,'selected-user-wrap')]/st-contact-token
pref_Pr_forward_number_autosuggest_name_extenson==div#xpath#//div[contains(@class,'selected-contacts-wrap cf')]/div[contains(@class,'selected-user-wrap')]/st-contact-token[contains([@contact,'{contact}')]/span[contains(@class,'name')]/span[contains(@class,'contact-point-info')]
pref_Pr_forward_number_autosuggest_name==div#xpath#//div[contains(@class,'selected-contacts-wrap cf')]/div[contains(@class,'selected-user-wrap')]/st-contact-token[contains([@contact,'{contact}')]/span[contains(@class,'name')]
pref_Pr_forward_number_autosuggest_users==ul#xpath#//ul[contains(@class,'user-suggestion-wrap')]
pref_Pr_forward_number_autosuggest==ul#xpath#//ul[contains(@class,'user-suggestion-wrap')]/li[contains(@can-click,'{clickToSelectUser}')]/st-contact-token[contains([@contact,'{contact}')]
pref_Pr_number_forwardnumber==div#xpath#//div[contains(@class,'selected-contacts-wrap cf')]/div/input[contains(@placeholder,'Select Number')]
pref_Pr_number_match_numberis_disabled==div#xpath#//div/select[contains(@can-value,'{isRuleEnabled}')][1]/option[contains(@value,'false')]
pref_Pr_number_match_numberis_enabled==div#xpath#//div/select[contains(@can-value,'{isRuleEnabled}')][1]/option[contains(@value,'true')]
pref_Pr_number_match_numberis_text==div#xpath#//div[contains(@class,'column-display power-condition')]/div[contains(@class,'number-match row-display')]/st-autosuggest/div/input[@placeholder]
pref_Pr_number_match_numberis==div#xpath#//div[contains(@class,'column-display power-condition')]/div[contains(@class,'number-match row-display')]/div[contains(@class,'number-matches-option-section')]/select[contains(@class,'condition-select number-matches-option')]/option[@value='0']
pref_Pr_on_phone_section_iam_onphone==div#xpath#//div[contains(@id,'on-phone-section')]/label
pref_Pr_on_time_selection==div#xpath#//div[contains(@class,'time-day-options row-display')]/div[contains(@class,'biggerPortion')]/select[contains(@class,'condition-select time-option')]
pref_second_radio_inc_call_myvoicemail_sec_textbox==div#xpath#//div[contains(@id,'forward-busy-section')]/div[contains(@id,'forward-busy-section-div')]/st-autosuggest-voicemail[contains(@id,'forward-busy-input')]/div[contains(@class,'autosuggest-vm-selector')]
pref_second_radio_inc_call_myvoicemail==div#xpath#//div[contains(@id,'forward-no-answer-section')]/div[contains(@id,'forward-no-answer-section-div')]/st-autosuggest-voicemail[contains(@id,'forward-no-answer-input')]
pref_simul_ring_donotRing==button#xpath#//div[contains(@id,'simulring-numbers-section')]/div[contains(@id,'simulring2-input')]/st-userphone/div/div/div/div[contains(@class,'bottom ')]/st-button/button[contains(@class,'mode-negative width-min height-small')]
pref_simul_ring_mobile_connectDD_DonotRing==button#xpath#//div[contains(@id,'simulring-numbers-section')]/div[contains(@id,'simulring1-input')]/st-userphone/div/div/div/div/st-button/button[contains(@id,'btn_remove_phone')]
pref_simul_ring_mobile_connectDD==div#xpath#//div[contains(@id,'simulring1-input')]/st-userphone/div/div[contains(@id,'divSelected')]
pref_simul_ring_select_numDD_addLabel2==input#xpath#//div[contains(@id,'simulring-numbers-section')]/div[contains(@id,'simulring2-input')]/st-userphone/div/div/div/div[contains(@id,'phoneGroups')]/div[contains(@id,'div_1')]/p/input[contains(@name,'input_label')]
pref_simul_ring_select_numDD_addLabel22==input#xpath#//div[contains(@id,'simulring-numbers-section')]/div[contains(@id,'simulring2-input')]/st-userphone/div/div/div/div[contains(@id,'phoneGroups')]/div[contains(@id,'div_2')]/p/input[contains(@name,'input_label')]
pref_simul_ring_select_numDD_addNumber2==input#xpath#//div[contains(@id,'simulring-numbers-section')]/div[contains(@id,'simulring2-input')]/st-userphone/div/div/div/div[contains(@id,'phoneGroups')]/div[contains(@id,'div_1')]/p/input[contains(@name,'input_number')]
pref_simul_ring_select_numDD_addNumber22==input#xpath#//div[contains(@id,'simulring-numbers-section')]/div[contains(@id,'simulring2-input')]/st-userphone/div/div/div/div[contains(@id,'phoneGroups')]/div[contains(@id,'div_2')]/p/input[contains(@name,'input_number')]
pref_simul_ring_select_numDD_radio2==radio#xpath#//div[contains(@id,'simulring-numbers-section')]/div[contains(@id,'simulring2-input')]/st-userphone/div/div/div/div[contains(@id,'phoneGroups')]/div[contains(@id,'div_1')]/p/input[contains(@name,'input_radio')]
pref_simul_ring_select_numDD_radio22==radio#xpath#//div[contains(@id,'simulring-numbers-section')]/div[contains(@id,'simulring2-input')]/st-userphone/div/div/div/div[contains(@id,'phoneGroups')]/div[contains(@id,'div_2')]/p/input[contains(@name,'input_radio')]
pref_simul_ring_select_numDD==div#xpath#//div[contains(@id,'simulring2-input')]/st-userphone/div/div[contains(@id,'divSelected')]
pref_simul_ring_useSelected==button#xpath#//div[contains(@id,'simulring-numbers-section')]/div[contains(@id,'simulring2-input')]/st-userphone/div/div/div/div[contains(@class,'bottom ')]/st-button/button[contains(@class,'mode-positive width-min height-small')]
pref_third_radio_inc_call_invalidtext==label#xpath#//label[contains(@id,'err-forward-always-section-div')]
pref_third_radio_inc_call_myvoicemail==div#xpath#//div[contains(@id,'forward-always-section')]/div[contains(@id,'forward-always-section-div')]
pref_third_radio_inc_call==div#xpath#//div[contains(@id,'forward-always-section')]/input[contains(@class,'forward-option-btns')]
prefe_timeis_day==div#xpath#//div[contains(@class,'time-day-options row-display')]/div[contains(@class,'biggerPortion')]/select[contains(@class,'condition-select time-option')]/option[contains(@value,'day')]
prefe_timeis_time==div#xpath#//div[contains(@class,'time-day-options row-display')]/div[contains(@class,'biggerPortion')]/select[contains(@class,'condition-select time-option')]/option[contains(@value,'time')]
preference_account_access_add_user==input#xpath#//input[contains(@placeholder,'Drag or type contact name...')]
preference_account_access_add_user1==input#xpath#//input[contains(@can-value,"{value}")]
preference_account_access_add_user2==input#xpath#//input[contains(@class,"searchBox ")]
preference_account_access_delegent_box==div#xpath#//div[contains(@class,'delegationList')]
preference_account_access_drag_drop==div#xpath#//div[contains(@id,'mainDiv')]/div/st-autosuggest/ul/li[1]/st-contact-token/span[2]
preference_account_access_remove_user==span#xpath#//span[contains(@can-click,'{removeUser}')]
preference_account_access_user_list==span#xpath#//span[contains(@class,'name')]
preference_deskphone==li#xpath#//div[contains(text(),'Deskphone')]
preference_findme_playvm_checkbox==input#xpath#//input[contains(@can-value,'form.findMe.playVMFirstPromptCaller')]
preference_first_rule_delete==div#xpath#//div[contains(@id,'power-rules-list')]/descendant::st-button[2]/button
preference_im_canned_im_response==st-tab#xpath#//st-tab[contains(@id,'imPanel')]/ul/li[1]/
preference_language_dropdown==select#xpath#//select[contains(@id,'sel_language')]
preference_number_matches_remove_1_old==div#xpath#//div[1]/st-button/button[contains(@class,'remove-button number-match-remove-btn mode-negative width-min height-small')]
preference_number_matches_remove_1==button#xpath#//button[contains(@class,'remove-button number-match-remove-btn mode-negative width-min height-small min-height-small')]
preference_ringtone_dropdown==select#xpath#//select[contains(@id,'sel_ringtone')]
preference_video_permissions_ask_checked==input#xpath#//input[contains(@type,'radio')][contains(@value,'ask')][@checked]
preference_video_permissions_auto_checked==input#xpath#//input[contains(@type,'radio')][contains(@value,'auto')][@checked]
preference_video_permissions_never_checked==input#xpath#//input[contains(@type,'radio')][contains(@value,'never')][@checked]
preference_voicemail_outlook_checkbox==input#xpath#//input[contains(@can-value,'{outlookvoicemail}')]
preference_voicemail_outlook==st-tab#xpath#//st-tab[contains(@id,'prefs_voicemail')]/ul/li/div[contains(text(),'Outlook')]
preference_voicemail_playback==st-tab#xpath#//st-tab[contains(@id,'prefs_voicemail')]/ul/li/div[contains(text(),'Playback')]
preference_voicemail_setup_currPass==p#xpath#//p/input[contains(@id,'text_current')]
preference_voicemail_setup_currPassError==p#xpath#//p/input[contains(@name,'text_current')]/following-sibling::label
preference_voicemail_setup_newPass==p#xpath#//p/input[contains(@name,'text_password')]
preference_voicemail_setup_newPassError==input#xpath#//input[contains(@name,'text_password')]/following-sibling::label
preference_voicemail_setup_newPassRe==p#xpath#//p/input[contains(@name,'text_confirm')]
preference_voicemail_setup_newPassReErr==input#xpath#//input[contains(@name,'text_confirm')]/following-sibling::label
preference_voicemail_setup_subButton_old==button#xpath#//button[contains(@class,'mode-positive width-large height-small')]
preference_voicemail_setup_subButton==button#xpath#//form[@id='fm_changeLogin']/p/st-button/button[contains(@class,'mode-positive width-auto height-small min-height-small')]
preference_voicemail_setup_succssMsg==div#xpath#//div[contains(@class,'message success')]
preference_voicemail_setup==st-tab#xpath#//st-tab[contains(@id,'prefs_voicemail')]/ul/li/div[contains(text(),'Setup')]
preference_voicemail==li#xpath#//li[contains(@class,'tabitem  ')]/div[contains(text(),'Voicemail')]
preference_wallpaper_dropdown==select#xpath#//select[contains(@id,'sel_wallpaper')]
preferences_access_input_suggestion==ul#xpath#//ul[contains(@class,'user-suggestion-wrap')]
preferences_access_input==input#xpath#//input[contains(@placeholder,'Drag or type contact name...')]
preferences_access==ul#xpath#//ul[contains(@class,'tab-list')]/li[contains(@class,'tabitem  ')]/div[contains(text(),'Access')]
preferences_account_access_allow==label#xpath#//label[contains(text(),'Allow these users')]
preferences_account_access_avilability_state==legend#xpath#//legend[contains(text(),'Availability State')]
preferences_account_access_tab==div#xpath#//div[contains(text(),'Access')]
preferences_account_all_languages==select#xpath#//select[contains(@id,'clientLanguageSelect')]/option
preferences_account_exchange_tab==div#xpath#//div[contains(text(),'Exchange')]
preferences_account_general==st-prefs-account-panel#xpath#//st-prefs-account-panel/st-tab/ul/li[2]/div
preferences_account_login_ConnW==div#xpath#//div[contains(@class,'acct-login-view')]
preferences_account_login_CP==input#xpath#//input[contains(@id,'text_current')]
preferences_account_login_CPErr==label#xpath#//input[contains(@id,'text_current')]/following-sibling::label
preferences_account_login_CPW==form#xpath#//form[contains(@id,'fm_changeLogin')]
preferences_account_login_NP==input#xpath#//input[contains(@id,'text_password')]
preferences_account_login_NPErr==label#xpath#//input[contains(@id,'text_password')]/following-sibling::label
preferences_account_Login_old==st-tab#xpath#//st-tab[contains(@id,'accountPanel')]/ul[contains(@class,'tab-list')]/li[contains(@class,'tabitem')]/div[contains(text(),'Login')]
preferences_account_login_retypeNP==input#xpath#//input[contains(@id,'text_confirm')]
preferences_account_login_retypeNPErr==label#xpath#//input[contains(@id,'text_confirm')]/following-sibling::label
preferences_account_Login_selected==ul#xpath#//ul[contains(@class,'tab-list')]/li[contains(@class,'tabitem   itemSelected')]/div[contains(text(),'Login')]
preferences_account_login_setNP==button#xpath#//button[@class='mode-positive width-auto height-small min-height-small']
preferences_account_login_setNPMessage==div#xpath#//div[contains(text(),'Your password is successfully changed.')]
preferences_account_login_tab==div#xpath#//div[contains(text(),'Login')]
preferences_account_Login==ul#xpath#//st-tab[contains(@id,'accountPanel')]/ul[contains(@class,'tab-list')]/li[contains(@class,'tabitem   itemSelected')]/div[1]
preferences_account_selected==li#xpath#//li[contains(@class,'tabitem itemSelected')]/div[contains(text(),'Account')]
preferences_account==div#xpath#//div[contains(text(),'Account')]
preferences_add_canned_button==st-button#xpath#//st-button[contains(@id,"addResponseButton")]
preferences_add_canned_response_button==button#xpath#//button[contains(@class,'mode-positive width-auto height-small min-height-small') and contains(@name,'addResponseButton')]
preferences_add_income_active_call==st-autosuggest-voicemail#xpath#//st-autosuggest-voicemail[contains(@id,'forward-busy-input')]/div[contains(@class,'autosuggest-vm-selector')]/ul/li/st-autosuggest/div/input
preferences_add_income_always_forward==st-autosuggest-voicemail#xpath#//st-autosuggest-voicemail[contains(@id,'forward-always-input')]/div[contains(@class,'autosuggest-vm-selector')]/ul/li/st-autosuggest/div/input
preferences_add_income_forward_call_to==st-autosuggest-voicemail#xpath#//st-autosuggest-voicemail[contains(@id,'forward-no-answer-input')]/div[contains(@class,'autosuggest-vm-selector')]/ul/li/st-autosuggest/div/input
preferences_appearance==div#xpath#//div[contains(text(),'Appearance')]
preferences_attach_voicemail_wavefile==input#xpath#//input[contains(@id,'chk_attachWave')]
preferences_availability_dnd_ext_number==input#xpath#//input[contains(@id,'dnd-ext-input')]
preferences_availability_dnd_ext==input#xpath#//input[contains(@value,'ext')]
preferences_availability_dnd_VM==input#xpath#//input[contains(@value,'vm')]
preferences_availability_option==select#xpath#//select[contains(@can-value,'availabilityOption')]
preferences_availability_routing_override==button#xpath#//button[contains(@id,'btn-override')]
preferences_availability_routing==div#xpath#//div[contains(text(),'Availability Routing')]
preferences_basic_change_findme_button==button#xpath#//button[contains(@id,'btn-change-findme')]
preferences_basic_change_findme_text==button#xpath#//button[contains(@id,'btn-change-findme')]/ancestor::div[contains(@class,'overview-row row-display')]
preferences_basic_change_greeting_only_btn==button#xpath#//button[contains(@id,'btn-change-greeting-only-vm')]
preferences_basic_change_inc_call_button==button#xpath#//button[contains(@id,'btn-change-inc-call')]
preferences_basic_change_inc_call_text==button#xpath#//button[contains(@id,'btn-change-inc-call')]/ancestor::div[contains(@class,'overview-row row-display')]
preferences_basic_change_operator_button==button#xpath#//button[contains(@id,'btn-change-operator')]
preferences_basic_change_simulring_button==button#xpath#//div[contains(@id,'overview-summary')]/div/st-button/button[contains(@id,'btn-change-simulring')]
preferences_basic_change_vm_greeting_button==button#xpath#//button[contains(@id,'btn-change-vm-greeting')]
preferences_basic_route_first_number==input#xpath#//input[contains(@id,'mobility-number-input')]
preferences_basic_route_first_radio==input#xpath#//input[contains(@id,'mobility-number-btn')]
preferences_basic_routing_cancel_button==button#xpath#//button[contains(@id,'btn-cancel')]
preferences_basic_routing_do_not_findme==input#xpath#//input[contains(@id,'do-not-findme-btn')]
preferences_basic_routing_find_me_after_prompt==input#xpath#//input[contains(@id,'chk-findme-after-vm-prompt-caller')]
preferences_basic_routing_find_me_after==input#xpath#//input[contains(@id,'findme-after-vm-btn')]
preferences_basic_routing_find_me_disabled==input#xpath#//input[contains(@id,'findme-disabled-btn')]
preferences_basic_routing_find_me_first_prompt==input#xpath#//input[contains(@id,'chk-findme-first-prompt-caller')]
preferences_basic_routing_find_me_first==input#xpath#//input[contains(@id,'findme-first-btn')]
preferences_basic_routing_forward_always_btn==input#xpath#//input[contains(@id,'forward-always-btn')]
preferences_basic_routing_forward_always_input==input#xpath#//input[contains(@id,'forward-always-number-input')]
preferences_basic_routing_inc_call_ring==div#xpath#//div[contains(@id,'forward-never-section')]/input[contains(@value,'never')]
preferences_basic_routing_inc_call==button#xpath#//button[contains(@id,'btn-change-inc-call')]
preferences_basic_routing_next_button==button#xpath#//button[contains(@id,'btn-next')]
preferences_basic_routing_previous_button==button#xpath#//button[contains(@id,'btn-previous')]
preferences_basic_routing_ring==button#xpath#//button[contains(@id,'btn-change-simulring')]
preferences_basic_routing_rule_change1==button#xpath#//button[contains(@id,'btn-change-simulring')]
preferences_basic_routing_rule_change2==button#xpath#//button[contains(@id,'btn-change-inc-call')]
preferences_basic_routing_rule_change4==button#xpath#//button[contains(@id,'btn-change-vm-greeting')]
preferences_basic_routing_rule_change5==button#xpath#//button[contains(@id,'btn-change-greeting-only-vm')]
preferences_basic_routing_rule_change6==button#xpath#//button[contains(@id,'btn-change-operator')]
preferences_basic_routing_rule==button#xpath#//button[contains(@id,'btn-set-basic')]
preferences_basic_routing_simul_ring_checkmark==div#xpath#//div[contains(@id,'simul-ring-panel')]/div/img
preferences_basic_routing_simul_ring==input#xpath#//input[contains(@id,'chk-simulring')]
preferences_basic_routing_simulring_text==button#xpath#//button[contains(@id,'btn-change-simulring')]/ancestor::div[contains(@class,'overview-row row-display')]
preferences_basic_routing_vg_cancel_button==button#xpath#//button[contains(@id,'btn-cancel')]
preferences_basic_routing_vg_discard_recording==st-button#xpath#//st-button[contains(@can-click,'cancel')]/button
preferences_basic_routing_vg_done_button_old==button#xpath#//button[contains(@id,'btn-done')]
preferences_basic_routing_vg_done_button==button#xpath#//button[contains(@id,'btn-save')]
preferences_basic_routing_vg_fwd_button==button#xpath#//button[contains(@id,'btn-change-operator')]
preferences_basic_routing_vg_previous_button==button#xpath#//button[contains(@id,'btn-previous')]
preferences_basic_routing_vg==button#xpath#//button[contains(@id,'btn-change-greeting-only-vm')]
preferences_basic_routing_vm==button#xpath#//button[contains(@id,'btn-change-vm-greeting')]
preferences_basic_routing==div#xpath#//div[contains(text(),'Basic Routing')]
preferences_block_notification_tab==div#xpath#//div[contains(text(),'Block Notifications')]
preferences_call_power_route_my_voicemail==select#xpath#//select[contains(@can-value,'selectedForwardOption')]
preferences_call_route_simul_ring==div#xpath#//div[contains(@id,'simul-ring-panel')]
preferences_call_routing_backup==div#xpath#//div[contains(text(),'Call Routing')]
preferences_call_routing_play_voicemail_prompt_the_caller==div#xpath#//div[contains(@id,'findme-basic-settings-section')]/descendant::input[4]
preferences_call_routing_play_voicemail==div#xpath#//div[contains(@id,'findme-basic-settings-section')]/descendant::input[3]
preferences_call_routing_ringmy_find_me_Prompt_the_caller==div#xpath#//div[contains(@id,'findme-basic-settings-section')]/descendant::input[2]
preferences_call_routing_ringmy_find_me==div#xpath#//div[contains(@id,'findme-basic-settings-section')]/descendant::input[1]
preferences_call_routing==li#xpath#//div[contains(text(),'Call Routing')]
preferences_callR_PR_condiotionError==label#xpath#//label[contains(@id,'err-buttons-section')]
preferences_callR_PR_mayAvailError==label#xpath#//label[contains(@id,'err-availability-section')]
preferences_callR_PR_time_dayError==label#xpath#//label[contains(@id,'err-time-day-options-time-day-1')]
preferences_callR_PR_time_timeError==label#xpath#//label[contains(@id,'err-time-day-options-time-day-1')]
preferences_callRouting_PR_create==button#xpath#//button[contains(@id,'create-rule-btn')]
preferences_callRouting_PR_CreateNPR_old==button#xpath#//button[contains(@id,'btn-create-power-rule')]
preferences_callRouting_PR_CreateNPR_time_dropdown==select#xpath#//select[contains(@id,'time-day-1')]
preferences_callRouting_PR_CreateNPR_time_endTime==div#xpath#//div[contains(@id,'time-section-time-day-1')]/input[contains(@can-value,'endTime')]
preferences_callRouting_PR_CreateNPR_time_remove==button#xpath#//button[contains(@class,'remove-button time-remove-btn')]
preferences_callRouting_PR_CreateNPR_time_startTime==div#xpath#//div[contains(@id,'time-section-time-day-1')]/input[contains(@can-value,'startTime')]
preferences_callRouting_PR_CreateNPR_time==button#xpath#//button[contains(@id,'btn-time')]
preferences_callRouting_PR_CreateNPR==button#xpath#//button[contains(text(),'Create New Power Rule')]
preferences_callRouting_PR_forward_dropdown==select#xpath#//select[contains(@id,'forward-canned-option-select')]
preferences_callRouting_PR_forward_radioDrop_playRing==select#xpath#//select[contains(@id,'ringtone-select')]
preferences_callRouting_PR_forward_radioDrop==div#xpath#//div[contains(@id,'forward-canned-options')]/input[contains(@id,'canned-radio-btn')]
preferences_callRouting_PR_forward_radioText==div#xpath#//div[contains(@id,'forward-number-option')]/input[contains(@id,'forward-number-radio-btn')]
preferences_callRouting_PR_forward_text_rem==div#xpath#//div[contains(@id,'forward-number-option')]/st-autosuggest/div/div/span[contains(@class,'remove-user')]
preferences_callRouting_PR_forward_text==input#xpath#//div[@id='forward-number-option']/st-autosuggest/div/input[contains(@class,'searchBox full-width')]
preferences_callRouting_PR_forwardError == label#xpath#//label[contains(@id,'err-forward-number-option')]
preferences_callRouting_PR_forword_dropdown==select#xpath#//select[contains(@id,'forward-canned-option-select')]
preferences_callRouting_PR_forword==div#xpath#//div[contains(@id,'forward-options-section')]/st-button/button[contains(@class,'mode-positive width-min height-small min-height-small')]
preferences_callRouting_PR==li#xpath#//li[contains(@class,'tabitem  ')]/div[contains(text(),'Power Routing')]
preferences_callRouting==li#xpath#//li[contains(@class,'tabitem  ')]/div[contains(text(),'Call Routing')]
preferences_cancel_create_rule==button#xpath#//button[contains(@id,'cancel-btn')]
preferences_canned_im_tab==div#xpath#//div[contains(text(),'Canned IM Responses')]
preferences_canned_IM==div#xpath#//div[contains(text(),'Canned IM Responses')]
preferences_canned_msg==input#xpath#//input[contains(@id,"getResponseMsg")]
preferences_change_incoming_call_rings==button#xpath#//button[contains(@id,'btn-change_inc-call')]
preferences_change_simul_ring_cancel==button#xpath#//button[contains(@id,'btn-cancel')]
preferences_change_simul_ring_done==button#xpath#//button[contains(@id,'btn-done')]
preferences_change_simul_ring_next==button#xpath#//button[contains(@id,'btn-next')]
preferences_change_simul_ring_ph_num==div#xpath#//div[contains(@id,'simulring-numbers-section')]/div/st-userphone-selector/div[contains(@id,"phoneControl")]/st-userphones/div[contains(@id,'userphones')]
preferences_change_simul_ring_previous==button#xpath#//button[contains(@id,'btn-previous')]
preferences_change_simul_ring_txt==div#xpath#//div[contains(@id,'simulring-numbers-section')]/div/st-userphone-selector/div[contains(@id,"phoneSelected")]
preferences_change_simul_ring==button#xpath#//button[contains(@id,'btn-change-simulring')]
preferences_close_contact==input#xpath#//input[@type='checkbox' and @id='auto-close-conversation-panel'] 
preferences_close_contact1==input#xpath#//input[contains(@can-value,'{autoCloseConversationPanel}')]
preferences_close_window==button#xpath#//button[contains(@class,'icon icon-buttons-app-close close win')]
preferences_contacts_integration==div#xpath#//div[contains(text(),'Contacts Integration')]
preferences_create_power_rule==st-button#xpath#//st-button/button[contains(@id,'btn-create-power-rule')]
preferences_create_rule_btn_disabled==button#xpath#//button[@disabled][contains(@id,'create-rule-btn')]
preferences_delete_rule==button#xpath#//button[contains(@class,'rule-delete-button mode-negative width-min height-small min-height-small')]
preferences_delete==button#xpath#//button[contains(@name,'deleteResponseMsg')]
preferences_deskphone==div#xpath#//div[contains(text(),'Deskphone')]
preferences_dialed_number_error==label#xpath#//label[contains(@id,'err-dialed-number-section')]
preferences_dialled_number_input_text_Backup==div#xpath#//div[contains(@class,'power-condition row-display')]/p/input[contains(@can-value,'{dialedNumber}]
preferences_dialled_number_input_text==div#xpath#//div[contains(@id,'dialed-number-section')]/p/input[contains(@can-value,'{dialedNumber}')]
preferences_dialled_number_remove_button==st-button#xpath#//st-button[contains(@id,'dialed-number-remove-btn')]/button
preferences_dialled_number==button#xpath#//button[contains(@id,'btn-dialed-number')]
preferences_dialout_prefix_no==label#xpath#//label[contains(@id,'lb_prefix')]
preferences_dialout_prefix==p#xpath#//p/label[contains(text(),'Dial Out Prefix')]
preferences_edit_disabled==select#xpath#//select[contains(@class,'rule-enabled')]
preferences_edit_rule==button#xpath#//button[contains(@class,'rule-edit-button mode-positive width-min height-small min-height-small')]
preferences_edit_save_rule==button#xpath#//button[contains(@id,'save-rule-btn')]
preferences_exchange_login_error==p#xpath#//p[contains(@id,'fm_error')]
preferences_exchange_password==input#xpath#//input[contains(@can-value,'exchangePassword')]
preferences_exchange_save==button#xpath#//button[contains(@id,'btn_submit')]
preferences_exchange_username==input#xpath#//input[contains(@can-value,'exchangeUserName')]
preferences_exchange==ul#xpath#//ul[contains(@class,'tab-list')]/li[contains(@class,'tabitem')]/div[contains(text(),'AD Credentials')]
preferences_find_me==p#xpath#//p[contains(text(),'FindMe')]
preferences_findme_avaliabilty_dia_ena_Options==div#xpath#//div[contains(@id,'findme-enable-options')]
preferences_findme_avaliabilty==div#xpath#//div[contains(@id,'findme-numbers-avail-section')]
preferences_findme_disabled==input#xpath#//input[contains(@value,'disabled')]
preferences_findme_enabled==input#xpath#//input[contains(@value,'enabled')]
preferences_findme_findMeFirst==input#xpath#//input[contains(@value,'findMeFirst')]
preferences_findme_first_prompt==input#xpath#//input[contains(@can-value,'{form.findMe.findMeFirstPromptCaller}')]
preferences_findme_my_vm==input#xpath#//input[contains(@value,'playVMFirst')]
preferences_findme_numbers==st-userphone#xpath#//st-userphone[contains(@class,'findme-number-input')]/div/div[contains(@id,'divSelected')]
preferences_findme_second_prompt==input#xpath#//input[contains(@can-value,'{form.findMe.playVMFirstPromptCaller}')]
preferences_forward_call_dropdown_options==select#xpath#//select[contains(@id,'forward-canned-option-select')]/option
preferences_forward_call_dropdown==select#xpath#//select[contains(@id,'forward-canned-option-select')]
preferences_forward_call_to==button#xpath#//button[contains(@id,'btn-forward')]
preferences_forward_number_error==input#xpath#//label[contains(@id,'err-forward-number-option')]
preferences_forward_number_extension==span#xpath#//span[contains(@class,'contact-point-info')]
preferences_forward_number_radio==input#xpath#//input[contains(@type,'radio') and contains(@id,'forward-number-radio-btn')]
preferences_forward_number_textbox==input#xpath#//input[contains(@type,'text')][contains(@id,'forward-number')]
preferences_fwd_call_invalid_number_error==div#xpath#//div[contains(@id,'forward-busy-section')]/label[contains(@class,'error leftArrowError')]
preferences_IM_AddCanned_Response==button#xpath#//button[contains(@name,'addResponseButton')]
preferences_im_block_notification==st-tab#xpath#//st-tab[contains(@id,'imPanel')]/ul/li[2]/div
preferences_IM_BlockNotif_blocklist==list#xpath#//div[contains(@class,'blocklist')]
preferences_IM_BlockNotif_contact_suggesstion==ul#xpath#//ul[contains(@class,'user-suggestion-wrap')]
preferences_IM_BlockNotif_contact==input#xpath#//st-autosuggest[contains(@placeholder,"Type contact name...")]/div[contains(@class,"selected-contacts-wrap cf")]/input[@placeholder]
preferences_IM_BlockNotif_GrpChat_label==label#xpath#//div[contains(@id,'mainDiv')]/div[contains(@class,'blockContent')]
preferences_IM_BlockNotif_IMChat_label==label#xpath#//div[contains(@id,'mainDiv')]/div[contains(@class,'frame')]
preferences_IM_BlockNotif==li#xpath#//div[contains(text(),'Block Notifications')]
preferences_im_content_notification_disabled==input#xpath#//input[contains(@id,'chk_showIMContent') and contains(@disabled,'')]
preferences_im_content_notification==input#xpath#//input[contains(@id,'chk_showIMContent')]
preferences_IM_Delete_Canned==button#xpath#//button[contains(@name,'deleteResponseMsg')]
preferences_im_keep_notification_disabled==input#xpath#//input[contains(@id,'chk_keepNtfyOnScreen') and contains(@disabled,'')]
preferences_im_keep_notification==input#xpath#//input[contains(@id,'chk_keepNtfyOnScreen')]
preferences_im_no_access==div#xpath#//div[contains(@id,'divNoAccess')]
preferences_im_on_phone_label==div#xpath#//div[contains(@id,'on-phone-section')]/label
preferences_im==div#xpath#//div[contains(@id,'divPrefs')]/st-tab/ul/li/div[contains(text(),'IM')]
preferences_import_contact_button==input#xpath#//input[contains(@can-value,'importcontacts')]
preferences_income_active_call_remove_user==st-autosuggest-voicemail#xpath#//st-autosuggest-voicemail[contains(@id,'forward-busy-input')]//span[contains(@class,'remove-user')]
preferences_income_active_call_user==st-autosuggest-voicemail#xpath#//st-autosuggest-voicemail[contains(@id,'forward-busy-input')]//span[contains(@class,'name')]
preferences_income_active_call==st-autosuggest-voicemail#xpath#//st-autosuggest-voicemail[contains(@id,'forward-busy-input')]/div[contains(@class,'autosuggest-vm-selector')]/div
preferences_income_always_forward_remove_user==st-autosuggest-voicemail#xpath#//st-autosuggest-voicemail[contains(@id,'forward-always-input')]//span[contains(@class,'remove-user')]
preferences_income_always_forward_user==st-autosuggest-voicemail#xpath#//st-autosuggest-voicemail[contains(@id,'forward-always-input')]//span[contains(@class,'name')]
preferences_income_always_forward==st-autosuggest-voicemail#xpath#//st-autosuggest-voicemail[contains(@id,'forward-always-input')]/div[contains(@class,'autosuggest-vm-selector')]/div
preferences_income_call_forward==p#xpath#//p[contains(text(),'Incoming Call Forwarding')]
preferences_income_forward_call_to_remove_user==st-autosuggest-voicemail#xpath#//st-autosuggest-voicemail[contains(@id,'forward-no-answer-input')]//span[contains(@class,'remove-user')]
preferences_income_forward_call_to_user==st-autosuggest-voicemail#xpath#//st-autosuggest-voicemail[contains(@id,'forward-no-answer-input')]//span[contains(@class,'name')]
preferences_income_forward_call_to==st-autosuggest-voicemail#xpath#//st-autosuggest-voicemail[contains(@id,'forward-no-answer-input')]/div[contains(@class,'autosuggest-vm-selector')]/div
preferences_input_canned_response==input#xpath#//input[contains(@id,'getResponseMsg')]
preferences_interact==p#xpath#//p[contains(text(),'Interacting with Greeting')]
preferences_language_dropdown==select#xpath#//select[contains(@id,'clientLanguageSelect')]
preferences_latest_canned_response==ol#xpath#//ol[contains(@id,'responseList')]/li[1]
preferences_max_concur_calls_no==div#xpath#//div/p/select[contains(@can-value,'{maxcall}')]
preferences_max_concur_calls==p#xpath#//p/label[contains(text(),'Maximum number of concurrent calls')]
preferences_max_rule_text==div#xpath#//div[contains(@id,'max-rules-text')]
preferences_minimize_button==div#xpath#//div/button[contains(@class,'icon icon-buttons-app-min minify win')]
preferences_missing_rule_name_error==label#xpath#//label[contains(text(),'Missing rule name')]
preferences_mobility_error==label#xpath#//label[contains(text(),'Invalid number')][(@style,"display: none;")]
preferences_mobility_error2==label#xpath#//label[contains(text(),'Invalid number')]
preferences_mobility_error3==label#xpath#//label[contains(text(),'Invalid number')][(@style,"display: inline;")]
preferences_mobility_no_number_button==input#xpath#//input[contains(@id,'mobility-no-number-btn')]
preferences_mobility_number_button==input#xpath#//input[contains(@id,'mobility-number-btn')]
preferences_mobility_number_input==input#xpath#//input[contains(@id,'mobility-number-input')]
preferences_more_characters_rule_name_error==label#xpath#//label[contains(text(),'Rule name exceeds 50 character limit')]
preferences_no_access_im==div#xpath#//div[contains(@id,'divNoAccess')]
preferences_no_access_softphone==div#xpath#//div[contains(@id,'endpointOptionsSoftphone')]
preferences_no_access_video==div#xpath#//div[contains(@id,'divNoAccess')]
preferences_no_matches_ext_no_error==label#xpath#//label[contains(text(),'This field requires numbers and + only')]
preferences_no_matches_int_extension_error==label#xpath#//label[contains(text(),'This field requires numbers only')]
preferences_notif_sounds_addSound_disabled==button#xpath#//button[contains(@class,'mode-positive width-large height-small') and contains(@id,'btn_addNewSound') and contains(@disabled,'disabled')]
preferences_notif_sounds_addSound==button#xpath#//button[contains(@class,'mode-positive width-large height-small') and contains(@id,'btn_addNewSound')]
preferences_notif_sounds_forEveDD==select#xpath#//form[contains(@class,'formSounds')]/div/p/select[contains(@id,'sel_event')]
preferences_notif_sounds_NAA_radio==input#xpath#//form[contains(@class,'formSounds')]/div/p/label/input[contains(@id,'ra_noAudioAlerts')]
preferences_notif_sounds_OFF==input#xpath#//form[contains(@class,'formSounds')]/p/label/input[contains(@id,'ra_alertsOff')]
preferences_notif_sounds_ON==input#xpath#//form[contains(@class,'formSounds')]/p/label/input[contains(@id,'ra_alertsOn')]
preferences_notif_sounds_PA_radio==input#xpath#//form[contains(@class,'formSounds')]/div/p/label/input[contains(@id,'ra_playAlerts')]
preferences_notif_sounds_play==button#xpath#//button[contains(@class,'play mode-positive width-small height-small')]
preferences_notif_sounds_remSound_disabled==button#xpath#//button[contains(@class,'mode-negative width-large height-small') and contains(@id,'btn_removeSound') and contains(@disabled,'disabled')]
preferences_notif_sounds_remSound==button#xpath#//button[contains(@class,'mode-negative width-large height-small') and contains(@id,'btn_removeSound')]
preferences_notif_sounds_soundsDD==select#xpath#//div[contains(@id,'div_playAlerts')]/select[contains(@id,'sel_audio')]
preferences_notif_sounds_window==form#xpath#//form[contains(@class,'formSounds') and contains(@id,'fm_sounds')]
preferences_notif_soundsAAwindow==form#xpath#//form[contains(@class,'formSounds')]/div[contains(@id,'div_itemDetails')]
preferences_notif_voicemail_attachFile_chk==input#xpath#//p[contains(@class,'indent')]/input[contains(@id,'chk_attachWave')]
preferences_notif_voicemail_markVoice_chk==input#xpath#//p[contains(@class,'indent')]/input[contains(@id,'chk_markAsHeard')]
preferences_notif_voicemail_notifyWin==div#xpath#//div[contains(@class,'notifications')]
preferences_notif_voicemail_sendMail_chk==input#xpath#//input[contains(@id,'chk_emailIncoming')]
preferences_notif_voicemail_username==input#xpath#//input[contains(@id,'text_emailaddress')]
preferences_notif_voicemail_usernameErr==label#xpath#//label[contains(@class,'error') and contains(@id,'lb_err')]
preferences_notification_incoming_im==input#xpath#//input[contains(@id,'chk_showSysNtfyForIM')]
preferences_notification_voicemail_tab==st-tabpanel#xpath#//st-tab[contains(@id,'notificationsPanel')]/descendant::li[contains(@class,'tabitem itemSelected')]/div[contains(text(),'Voicemail')]
preferences_notifications_incoming_im==input#xpath#//input[contains(@id,'chk_showSysNtfyForIM')]
preferences_notifications_show_im_content==input#xpath#//input[@id='chk_showIMContent']
preferences_notifications_incoming_voicemail==input#xpath#//input[contains(@id,'chk_showSysNtfyForVoicemail')]
preferences_notifications_popup==st-tab#xpath#//st-tab[contains(@id,'notificationsPanel')]/ul/li/div[contains(text(),'Popup')]
preferences_notifications_sounds==st-tab#xpath#//st-tab[contains(@id,'notificationsPanel')]/ul/li/div[contains(text(),'Sounds')]
preferences_notifications_voicemail==st-tab#xpath#//st-tab[contains(@id,'notificationsPanel')]/ul/li/div[contains(text(),'Voicemail')]
preferences_notifications==div#xpath#//li/div[contains(text(),'Notifications')]
preferences_number_matches_arrow==div#xpath#//div[contains(@class,'column-display power-condition')]/div[contains(@class,'number-match row-display')]/div[contains(@class,'number-matches-option-section')]/select[contains(@class,'condition-select number-matches-option')]
preferences_number_matches_arrow1==st-dropdown-filter#xpath#//st-dropdown-filter[contains(@class,'number-matches-option')]/div/span[contains(@class,'menu-icon icon icon-buttons-arrow-down')]
preferences_number_matches_drop_down==div#xpath#//div[contains(@class,'column-display power-condition')]/div[contains(@class,'number-match row-display')]/div[contains(@class,'number-matches-option-section')]/select[contains(@class,'condition-select number-matches-option')]
preferences_number_matches_drop_down1==select#xpath#//select[contains(@class,'condition-select number-matches-option')]
preferences_number_matches_drop_downError==div#xpath#//div[contains(@class,'column-display power-condition')]/div[contains(@class,'number-match row-display validationError')]/div[contains(@class,'number-matches-option-section')]/select[contains(@class,'condition-select number-matches-option')]
preferences_number_matches_error==div#xpath#//div[contains(@id,'number-match-section')]/label
preferences_number_matches_input_extension==span#xpath#//span[contains(@class,'contact-point-info')]
preferences_number_matches_input_text==st-autosuggest#xpath#//st-autosuggest[contains(@id,'number-match-input-1')]/div/input[contains(@class,'searchBox full-width')]
preferences_number_matches_remove_button==button#xpath#//button[contains(@class,'remove-button number-match-remove-btn mode-negative width-min height-small min-height-small')]
preferences_number_matches==button#xpath#//button[contains(@id,'btn-number-matches')]
preferences_on_phone_button==button#xpath#//button[contains(@id,'btn-on-phone')]
preferences_on_phone_remove_button==button#xpath#//div[contains(@id,'on-phone-section')]/st-button/button[contains(@class,'remove-button mode-negative width-min height-small min-height-small')]
preferences_onscreen_dropdown==select#xpath#//select[contains(@id,'sel_seconds')]
preferences_onscreen_notification_disabled==input#xpath#//input[contains(@id,'chk_keepNtfyOnScreen') and contains(@disabled,'')]
preferences_onscreen_notification==label#xpath#//label[contains(text(),'Keep notification on screen for ')]
preferences_outlook_calendar==p#xpath#//p/legend[contains(text(),'Calendar')]
preferences_outlook_contacts==p#xpath#//p/legend[contains(text(),'Contacts')]
preferences_outlook_import_personal_contact==st-prefs-outlook-contacts-panel#xpath#//st-prefs-outlook-contacts-panel/div//input[contains(@id,'chk_import')]
preferences_outlook_sync_calendar==p#xpath#//p/label/input[contains(@can-value,'{synccalendar}')]
preferences_outlook==div#xpath#//div[contains(text(),'Outlook')]
preferences_override_button==button#xpath#//button[contains(@id,'btn-start-wizard')]
preferences_popup==li#xpath#//li[contains(@class,'tabitem  ')]/div[contains(text(),'Popup')]
preferences_power_routing_availability_button==button#xpath#//button[contains(@id,'btn-availability')]
preferences_power_routing_availability_remove_button_old==button#xpath#//button[contains(@class,'remove-button margin-top-8 mode-negative width-min height-small')]
preferences_power_routing_availability_remove_button==button#xpath#//button[contains(@class,'remove-button margin-top-8 mode-negative width-min height-small min-height-small')]
preferences_power_routing_available==div#xpath#//div[contains(@id,'availability-section')]/div/p/input[@value='2']
preferences_power_routing_dnd==div#xpath#//div[contains(@id,'availability-section')]/div/p/input[@value='64']
preferences_power_routing_inameeting==div#xpath#//div[contains(@id,'availability-section')]/div/p/input[@value='4']
preferences_power_routing_outofoffice==div#xpath#//div[contains(@id,'availability-section')]/div/p/input[@value='8']
preferences_power_routing_remove_istime_day==div#xpath#//div[contains(@id,'time-day-options-time-day-2')]/st-button/button[contains(@class,'remove-button time-remove-btn mode-negative width-min height-small min-height-small')]
preferences_power_routing_remove_istime_time==div#xpath#//div[contains(@id,'time-day-options-time-day-1')]/st-button/button[contains(@class,'remove-button time-remove-btn mode-negative width-min height-small min-height-small')]
preferences_power_routing_rule_err==label#xpath#//label[contains(@id,'err-rule-name-text-box-section')]
preferences_power_routing_rule_name==legend#xpath#//input[contains(@can-value,'{ruleName}')]
preferences_power_routing_rule==input#xpath#//input[contains(@id,'rule-name-text-box')]
preferences_power_routing_vacation==div#xpath#//div[contains(@id,'availability-section')]/div/p/input[@value='16']
preferences_power_routing_variable==div#xpath#//div[contains(@id,'availability-section')]/div/p/input[@value='32']
preferences_power_routing==div#xpath#//div[contains(text(),'Power Routing')]
preferences_response_list==ol#xpath#//ol[contains(@id,'responseList')]/li
preferences_ringmy_findme==input#xpath#//input[contains(@value,'findMeFirst')]
preferences_rule_missing_conditions_error==label#xpath#//label[contains(text(),'Missing conditions for this rule')]
preferences_rule_name_error==label#xpath#//label[contains(@id,'err-rule-name-text-box-section')]
preferences_rule_name==div#xpath#//div[contains(@class,'row-display rule-entry')]/descendant::label
preferences_scroll==ol#xpath#//responseList
preferences_select_income_active_call_ext==st-autosuggest-voicemail#xpath#//st-autosuggest-voicemail[contains(@id,'forward-busy-input')]/div[contains(@class,'autosuggest-vm-selector')]/ul/li[2]
preferences_select_income_active_call_vm==st-autosuggest-voicemail#xpath#//st-autosuggest-voicemail[contains(@id,'forward-busy-input')]/div[contains(@class,'autosuggest-vm-selector')]/ul/li[contains(@class,'my-voicemail-option')]
preferences_select_income_always_forward_ext==st-autosuggest-voicemail#xpath#//st-autosuggest-voicemail[contains(@id,'forward-always-input')]/div[contains(@class,'autosuggest-vm-selector')]/ul/li[2]
preferences_select_income_always_forward_vm==st-autosuggest-voicemail#xpath#//st-autosuggest-voicemail[contains(@id,'forward-always-input')]/div[contains(@class,'autosuggest-vm-selector')]/ul/li[contains(@class,'my-voicemail-option')]
preferences_select_income_forward_call_test==li#xpath#//st-contact-token[contains(@class,'status-available')]
preferences_select_income_forward_call_to_ext==st-autosuggest-voicemail#xpath#//st-autosuggest-voicemail[contains(@id,'forward-no-answer-input')]/div[contains(@class,'autosuggest-vm-selector')]/ul/li[2]
preferences_select_income_forward_call_to_vm==st-autosuggest-voicemail#xpath#//st-autosuggest-voicemail[contains(@id,'forward-no-answer-input')]/div[contains(@class,'autosuggest-vm-selector')]/ul/li[contains(@class,'my-voicemail-option')]
preferences_select_income_forward_call_to_vm1==div#xpath#//st-autosuggest-voicemail[contains(@id,'forward-no-answer-input')]
preferences_select_income_forward_call_to_vm2==div#xpath#//st-autosuggest-voicemail[contains(@id,'forward-busy-input')]
preferences_settings==li#xpath#//li[contains(@id,'tabitem')]/div[contains(text(),'Settings')]
preferences_setup_basic_routing==button#xpath#//button[contains(@id,'btn-set-basic')]
preferences_sim_ring==p#xpath#//p[contains(text(),'Simultaneous Ring')]
preferences_simul_ring_this_num==input#xpath#//input[contains(@can-value,'{form.simulring.isEnabled}')]
preferences_softphone_capture_audio==label#xpath#//label[contains(text(),'Capture audio through')]
preferences_softphone_select_audio==select#xpath#//select[contains(@id,'sel-audio')]
preferences_softphone==div#xpath#//div[contains(text(),'Softphone')]
preferences_sounds_audiodropdown==select#xpath#//select[contains(@id,'sel_audio')]
preferences_sounds_Newsounds==button#xpath#//button[contains(@id,'btn_addNewSound')]
preferences_sounds_Removesounds==button#xpath#//button[contains(@id,'btn_removeSound')]
preferences_sounds==li#xpath#//li[contains(@id,'tabitem')]/div[contains(text(),'Sounds')]
preferences_special_char_rule_name_error==label#xpath#//label[contains(text(),'Only alpha numeric characters are allowed')]
preferences_submit_create_rule==button#xpath#//button[contains(@id,'create-rule-btn')]
preferences_suppress_call_wait_checked==input#xpath#//input[contains(@id,'suppress-call-waiting')]
preferences_suppress_call_wait==input#xpath#//input[contains(@id,'suppress-call-waiting')]
preferences_suppress_dial_tone_checked==input#xpath#//input[contains(@id,'suppress-dial-tone')]
preferences_suppress_dial_tone==input#xpath#//input[contains(@id,'suppress-dial-tone')]
preferences_telephony==li#xpath#//li[contains(@class,'tabitem  ')]/div[contains(text(),'Telephony')]
preferences_telephony1==div#xpath#//div[contains(text(),'Telephony')]
preferences_time_dropdown_menu_disabled==select#xpath#//select[contains(@id,'sel_seconds') and contains(@disabled,'')]
preferences_time_dropdown_menu==select#xpath#//select[contains(@id,'sel_seconds')]
preferences_time_is_day_friday_2==div#xpath#//div[contains(@id,"days-section-time-day-2")]/input[@value='16']
preferences_time_is_day_friday==div#xpath#//div[contains(@id,"days-section-time-day-1")]/input[@value='16']
preferences_time_is_day_monday_2==div#xpath#//div[contains(@id,"days-section-time-day-2")]/input[@value='1']
preferences_time_is_day_monday==div#xpath#//div[contains(@id,"days-section-time-day-1")]/input[@value='1']
preferences_time_is_day_saturday_2==div#xpath#//div[contains(@id,"days-section-time-day-2")]/input[@value='32']
preferences_time_is_day_saturday==div#xpath#//div[contains(@id,"days-section-time-day-1")]/input[@value='32']
preferences_time_is_day_sunday_2==div#xpath#//div[contains(@id,"days-section-time-day-2")]/input[@value='64']
preferences_time_is_day_sunday==div#xpath#//div[contains(@id,"days-section-time-day-1")]/input[@value='64']
preferences_time_is_day_thursday_2==div#xpath#//div[contains(@id,"days-section-time-day-2")]/input[@value='8']
preferences_time_is_day_thursday==div#xpath#//div[contains(@id,"days-section-time-day-1")]/input[@value='8']
preferences_time_is_day_time_option==select#xpath#//select[contains(@class,'condition-select time-option')]
preferences_time_is_day_tuesday_2==div#xpath#//div[contains(@id,"days-section-time-day-2")]/input[@value='2']
preferences_time_is_day_tuesday==div#xpath#//div[contains(@id,"days-section-time-day-1")]/input[@value='2']
preferences_time_is_day_wednesday_2==div#xpath#//div[contains(@id,"days-section-time-day-2")]/input[@value='4']
preferences_time_is_day_wednesday==div#xpath#//div[contains(@id,"days-section-time-day-1")]/input[@value='4']
preferences_time_is_end_time_2==div#xpath#//div[contains(@id,'time-section-time-day-2')]/input[contains(@can-value,'{endTime}')]
preferences_time_is_end_time==input#xpath#//input[contains(@can-value,'{endTime}')]
preferences_time_is_remove_button_1==div#xpath#//div[1]/st-button/button[contains(@class,'remove-button time-remove-btn mode-negative width-min height-small')]
preferences_time_is_remove_button_2==div#xpath#//div[3]/st-button/button[contains(@class,'remove-button time-remove-btn mode-negative width-min height-small')]
preferences_time_is_remove_button==button#xpath#//button[contains(@class,'remove-button time-remove-btn mode-negative width-min height-small min-height-small')]
preferences_time_is_select==st-dropdown-filter#xpath#//st-dropdown-filter[contains(@class,'time-day-option')]/div/ul/li
preferences_time_is_start_time_2==div#xpath#//div[contains(@id,'time-section-time-day-2')]/input[contains(@can-value,'{startTime}')]
preferences_time_is_start_time==input#xpath#//input[contains(@can-value,'{startTime}')]
preferences_time_is==button#xpath#//button[contains(@id,'btn-time')]
preferences_verify_Cannedtext1==li#xpath#//li[contains(text(),'Call you later')]
preferences_verify_Cannedtext2==li#xpath#//li[contains(text(),'In a meeting but I can talk over IM')]
preferences_video_ask_me_checked==input#xpath#//input[contains(@value,'ask')][contains(@checked,'')]
preferences_video_ask_me==input#xpath#//input[contains(@value,'ask')]
preferences_video_auto_start_camera_checked==input#xpath#//input[contains(@value,'auto')][contains(@checked,'')]
preferences_video_auto_start_camera==input#xpath#//input[contains(@value,'auto')]
preferences_video_camera_setup==div#xpath#//div[contains(text(),'Camera Setup')]
preferences_video_device_dropdown==select#xpath#//select[contains(@class,'dropdown-light')]/option
preferences_video_join_option==p#xpath#//p[contains(text(),'When I join a conversation where the other party is using their camera')]
preferences_video_never_ask_me_checked==input#xpath#//input[contains(@value,'never')][contains(@checked,'')]
preferences_video_never_ask_me==input#xpath#//input[contains(@value,'never')]
preferences_video_permissions==div#xpath#//div[contains(text(),'Permissions')]
preferences_video==div#xpath#//div[contains(text(),'Video')]
preferences_vm_allow==input#xpath#//input[contains(@value,'vmAllowed')]
preferences_vm_not_allow==input#xpath#//input[contains(@value,'vmNotAllowed')]
preferences_voice_greet==label#xpath#//label[contains(text(),'Voicemail Greeting: Recording & Playback')]
preferences_voicemail_email==input#xpath#//input[contains(@id,'text_emailaddress')]
preferences_voicemail_error_label==label#xpath#//label[contains(@id,'lb_err')]
preferences_voicemail_notification==input#xpath#//input[contains(@id,'chk_showSysNtfyForVoicemail')]
preferences_voicemail==div#xpath#//div[contains(text(),'Voicemail')]
pref_Pr_forward_number_autosuggest_scroll_bar==div#xpath#//div[contains(@class,'selected-contacts-wrap cf')]
preferences_drop_list==li#xpath#//li[contains(@can-click,'{clickToSelectUser}')]
preferences_notifications_im_dropdown==select#xpath#//select[contains(@id,'sel_seconds')]
PR_number_matches_text_error==label#xpath#//label[@id='err-number-match-entry-1' and @style='display: block;']
PR_timeis_time_from==input#xpath#//input[@can-value='{startTime}' and @value='00:00']
PR_timeis_time_to==input#xpath#//input[@can-value='{endTime}' and @value='00:00']
Routing_Slip_click==input#xpath#//input[contains(@can-value,'{showRoutingSlipAndCallNotes}')]
PR_account_access_delegate_suggess_list==span#xpath#//ul[@class='user-suggestion-wrap']/li/st-contact-token/span[@class='name']
preferences_video_conf_credencial_tab==div#xpath#//div[contains(text(),'Video Conference Credentials')]
preferences_account_AD_credential_tab==div#xpath#//div[contains(text(),'AD Credentials')]
preferences_MPV_username==input#xpath#//input[@can-value='{mpvUserName}']
preferences_MPV_password==input#xpath#//input[@can-value='{mpvPassword}']
preferences_account_save_MPV==button#xpath#//button[@id='btn_mpv_submit']
preferences_account_loginName_error==label#xpath#//label[contains(text(),'Please enter a valid user name.')]
preferences_account__loginPass_error==label#xpath#//label[contains(text(),'Please enter a valid password.')]
PR_outlook_donot_open_outlook == input#xpath#//input[@id='chk_contact_integration']
preferences_submit_create_rule1==div#xpath#//div[contains(@id,'create-rule-section')]/st-button/button[contains(@id,'create-rule-btn')]
canned_response_list==ol#xpath#//ol[@id="responseList"]/li
delete_selected_canned_msg==button#xpath#//button[@name="deleteResponseMsg"]
pref_select_number1_in_findme==div#xpath#//div/div/div[@id='findme-numbers-basic-section']/div[@id='findme1-input']/st-userphone/div/div[@id='divSelected']
pref_select_number2_in_findme==div#xpath#//div/div/div[@id='findme-numbers-basic-section']/div[@id='findme2-input']/st-userphone/div/div[@id='divSelected']
pref_select_number1_add_label==input#xpath#//div[@id='findme-numbers-basic-section']/div[@id='findme1-input']/st-userphone/div/div[@id='divForMenuPosition']/div/div/div[1]/p/input[contains(@id,'input_label')]
pref_select_number1_radio_button==input#xpath#//div[@id='findme-numbers-basic-section']/div[@id='findme1-input']/st-userphone/div/div[@id='divForMenuPosition']/div/div/div[1]/p/input[@type='radio']
pref_select_number1_add_number==input#xpath#//div[@id='findme-numbers-basic-section']/div[@id='findme1-input']/st-userphone/div/div[@id='divForMenuPosition']/div/div/div[1]/p/input[contains(@id,'input_number')]
pref_use_selected_number_button==button#xpath#//div[@id='findme-numbers-basic-section']/div[@id='findme1-input']/st-userphone/div/div[@id='divForMenuPosition']/div/div/st-button/button[@id='btn_submit']
pref_remove_selected_number==button#xpath#//div[@id='findme-numbers-basic-section']/div[@id='findme1-input']/st-userphone/div/div[@id='divForMenuPosition']/div/div/div[1]/p/div/div/st-button/button[contains(@id,'btn_remove')]
pref_remove_button_final==button#xpath#//div[@id='findme-numbers-basic-section']/div[@id='findme1-input']/st-userphone/div/div/div/p/st-button/button[@id='btn_remove_final']
pref_ring_my_findme_numbers==input#xpath#//input[@value='findMeFirst']
pref_save_call_routing_settings==button#xpath#//button[@id='btn-save']
