#old#recents_vm==div#xpath#//div[contains(@class,'icon-recents-voicemail')]
#second_panel_messagefilter==st-dropdown-filter#xpath#//st-dropdown-filter[contains(@options,'{typeOptions}')]/div[contains(@class,'options-value')]/span[contains(@class,'menu-icon icon icon-buttons-arrow-down')]
Recent_All_list==div#xpath#//div[contains(@id,'recent-list')]
recent_all_selected==li#xpath#//li[1][contains(@class,'selected')]
Recent_all_tab==li#xpath#//div[contains(@class,'recent-header')]/div[contains(@class,'recent-state')]/st-tab-filter[contains(@options,'{stateOptions1}')]/ul/li[1]
recent_call_history==div#xpath#//div[contains(@class,'recent-name recent-color-normal')]
Recent_call_tabs==li#xpath#//li[contains(@can-click,'{selectItem}')]
Recent_Deleted_tab==li#xpath#//div[contains(@class,'recent-header')]/div[contains(@class,'recent-state')]/st-tab-filter[contains(@options,'{stateOptions2}')]/ul/li[2]
Recent_dropdown_calls==option#xpath#//option[contains(@value,'history')]
Recent_dropdown_Everything==div#xpath#//div[contains(@id,'content')]/st-app/st-layout/st-panel[@params='{panelA}']/descendant::st-dropdown-filter/div[contains(@class,'options-container')]/ul/li[contains(@data-value,'everything')]
Recent_dropdown_Voicemail==div#xpath#//div[contains(@id,'content')]/st-app/st-layout/st-panel[@params='{panelA}']/descendant::st-dropdown-filter/div[contains(@class,'options-container')]/ul/li[contains(@data-value,'voicemail')]
Recent_dropdown_everything==option#xpath#//option[contains(@value,'everything')]
Recent_dropdown_groupcalls==option#xpath#//option[contains(@value,'groupCall')]
Recent_dropdown_list==ul#xpath#//ul[contains(@class,'options')]/li
Recent_dropdown_messages==option#xpath#//option[contains(@value,'message')]
Recent_dropdown_Messages1==div#xpath#//div[contains(@id,'content')]/st-app/st-layout/st-panel/descendant::st-dropdown-filter/div[contains(@class,'options-container')]/ul/li[contains(@data-value,'imSession')]
recent_dropdown_selected_option==st-dropdown-filter#xpath#//st-dropdown-filter
Recent_dropdown_voicemail==option#xpath#//option[contains(@value,'voicemail')]
Recent_dropdown_voicemails==div#xpath#//div[contains(@id,'content')]/st-app/st-layout/st-panel/descendant::st-dropdown-filter/div[contains(@class,'options-container')]/ul/li[contains(@data-value,'voicemail')]
Recent_dropdown==div#xpath#//div[@class='recent-header']/descendant::st-dropdown-filter
Recent_flagged_tab==div#xpath#//li[contains(text(),'Flagged')]
recent_IM_chat==st-paginator#xpath#//st-paginator/ul/li[1]/div[contains(@class,'leak-fix')]/div[contains(@class,'list-clickable im-OTO')]/div[contains(@class,'recent-item')]/div[contains(@class,'recent-icon icon-recents-message')]
recent_IM_chat2==st-paginator#xpath#//st-paginator/ul/li[1]/div[contains(@class,'leak-fix')]/div[contains(@class,'list-clickable im-MUC')]/div[contains(@class,'recent-item')]/div[contains(@class,'recent-icon icon-recents-message')]
recent_IM_datetime==st-paginator#xpath#//st-paginator/ul/li[1]/div[contains(@class,'leak-fix')]/div[contains(@class,'list-clickable im-OTO')]/div[contains(@class,'recent-item')]/div[contains(@class,'recent-time recent-color-normal')]
recent_IM_datetime2==st-paginator#xpath#//st-paginator/ul/li[1]/div[contains(@class,'leak-fix')]/div[contains(@class,'list-clickable im-MUC')]/div[contains(@class,'recent-item')]/div[contains(@class,'recent-time recent-color-normal')]
recent_IM_users==div#xpath#//div[contains(@class,'recent-name recent-color-normal')]
recent_IM_users1==div#xpath#//div[contains(@class,'list-clickable im-OTO')]
recent_IM==st-paginator#xpath#//st-paginator/ul/li[1]/div[contains(@class,'list-clickable im-MUC')]/div[@class='recent-item']
#recent_IMM==st-paginator#xpath#//st-paginator/ul/li[1]/div[@class='list-clickable im-MUC']/div
recent_IMM==st-paginator#xpath#//st-paginator/ul/li[1]/div/div
recent_IM1==st-paginator#xpath#//st-paginator/ul/li[2]/div/div[contains(@class,'list-clickable im-MUC')]/div
recent_IMS==div#xpath#//div[contains(@class,'recent-name recent-color-normal')]
recent_IMSD==st-recent-list#xpath#//st-recent-list[contains(@selected-recent,'{params.selectedRecent}')]
recent_IMSingle==st-paginator#xpath#//st-paginator/ul/li[1]/div/div[contains(@class,'list-clickable im-OTO')]/div
Recent_incoming_call==div#xpath#//div[contains(@class,'recent-icon icon-recents-call-incoming')]
Recent_list_first_name==div#xpath#//div[contains(@class,'recent-name recent-color-')]
Recent_list_name==div#xpath#//div[contains(@id,'recent-list')]/div/descendant::div[contains(@class,'recent-name recent-color-normal')]
recent_list==div#xpath#//div[contains(@id,'recent-list')]
Recent_missed_call==div#xpath#//div[contains(@class,'recent-icon icon-recents-call-incoming-missed')]
Recent_missed_tab_bak==div#xpath#//li[contains(text(),'Missed')]
Recent_missed_tab==st-tab-filter#xpath#//st-tab-filter[@options='{stateOptions1}']/ul/li[@can-click='{selectItem}'][2]
Recent_outgoing_call==div#xpath#//div[contains(@class,'recent-icon icon-recents-call-outgoing')]
Recent_tab==a#xpath#//a[contains(@id,'a-recent')]
recent_user_missed_vm==div#xpath#//div[contains(@class,'recent-name recent-color-missed recent-paired')]
recent_username_black_color==div#xpath#//div[contains(@class,'ui-resizable-handle ui-resizable-e')]
recent_vm_delete == button#xpath#//div[contains(@class,'actions')]/a[contains(@can-click,'{del}')]
recent_vm_forward_to==input#xpath#//st-autosuggest[contains(@placeholder,"Search for a contact...")]/div[contains(@class,"selected-contacts-wrap cf")]/div/input
recent_vm_forward==a#xpath#//div[contains(@class,'actions')]/a[contains(text(), 'Forward')]
recent_vm_read == button#xpath#//div[contains(@class,'list-header voicemail')]
recent_vm_reply_incOriginal==input#xpath#//input[contains(@can-value,'{includeOriginal}')]
recent_vm_reply_private==input#xpath#//input[contains(@can-value,'{isPrivate}')]
recent_vm_reply_receipt==input#xpath#//input[contains(@can-value,'{returnReceiptFlag}')]
recent_vm_reply_urgent==input#xpath#//input[contains(@can-value,'{isUrgent}')]
recent_vm_reply==a#xpath#//div[contains(@class,'actions')]/a[contains(text(), 'Reply')]
recent_vm_restore == button#xpath#//div[contains(@class,'actions')]/a[contains(@can-click,'{restore}')]
recent_vm_sender_read == button#xpath#//div[@class='name-text']/div[contains(@class,'recent-name recent-color-normal')]
recent_vm_sender_unread == button#xpath#//div[@class='name-text']/div[contains(@class, 'recent-name recent-color-missed')]
recent_vm_sender_unreadDel==button#xpath#//div[contains(@class,'recent-name recent-color-normal recent-paired')]
Recent_voice_mail==div#xpath#//div[contains(@class,'recent-name recent-color-missed')]
recent_voicemail_pause==span#xpath#//span[contains(@class,'icon icon-play-button icon-recents-pause')]
recent_voicemail_play_through_computer==button#xpath#//button[contains(@can-click,'{selectComputerDevice}')]
recent_voicemail_play_through_phone==button#xpath#//button[contains(@can-click,'{selectDeskphoneDevice}')]
recent_voicemail_play==span#xpath#//span[contains(@class,'icon icon-play-button icon-recents-play')]
recent_voicemail_unread==div#xpath#//div[contains(@class,'recent-icon icon-recents-voicemail-missed')]
recent_voicemail_unreadDel==div#xpath#//div[contains(@class,'list-header voicemail')]
recent_voicemails_delete==a#xpath#//a[contains(@can-click,'{del}')]
recents_vm==div#xpath#//div[contains(@class,'recent-icon icon-recents-voicemail-missed')]
recents_vms==div#xpath#//div[contains(@class,'icon icon-dashboard icon-controls-voicemail-white vm-notification')]
recents_vm1==div#xpath#//div[@id='recent-list']/st-paginator/ul[1]/li[1]/div[@class='list-clickable']
second_panel_messagefilter==st-dropdown-filter#xpath#//st-dropdown-filter[contains(@options,'{groups}')]/div[contains(@class,'options-value')]/span[contains(@class,'menu-icon icon icon-buttons-arrow-down')]
second_panel_messagefilter1==st-dropdown-filter#xpath#//st-dropdown-filter[contains(@options,'{typeOptions}')]/div[contains(@class,'options-value')]/span[contains(@class,'menu-icon icon icon-buttons-arrow-down')]
second_panel_messagefiltergroup==st-dropdown-filter#xpath#//st-dropdown-filter[contains(@options,'{typeOptions}')]/div[contains(@class,'options-container')]/ul/li
second_panel_minimize_old==st-panel#xpath#//st-panel[contains(@class,'panelA disable-resize')]/div/button[contains(@class,'icon icon-buttons-min close-panel')]
Recent_vm_indicate_urgent == div#xpath#//div[@class='icon icon-indicators-urgent voicemail-indicator']
Recent_vm_recipients == div#xpath#//div[@class='selected-contacts-wrap cf']
Recent_select_drop_down_im==st-dropdown-filter#xpath#//st-dropdown-filter[contains(@options,'{typeOptions}')]
Recent_selecting_message_drop==li#xpath#//li[contains(@data-value,'imSession')]
Recent_selecting_voice_drop==li#xpath#//li[contains(@data-value,'voicemail')]
Recent_vm_indicate_private == div#xpath#//div[@class='icon icon-indicators-private voicemail-indicator']
recent_Vm_list==div#xpath#//div[@class='recent-name recent-color-missed']
sp_recent_dropdown==st-recent#xpath#//st-recent/div/st-dropdown-filter//span[@class='menu-icon icon icon-buttons-arrow-down']
recent_dropdwn_vm==li#xpath#//li[@data-value='voicemail']
recent_conf_calls==div#xpath#//div[@class='recent-icon icon-recents-call-group-panel2']
recent_conf_calls_list==div#xpath#//div[@class='list-participant']/div
recent_all_tab == div#xpath#//div[contains(@class,'recent-state')]//li[1]
recent_VM_deletion==a#xpath#//a[@can-click='{del}']
recent_history_name == div#xpath#//div/div/div/div[contains(@class, 'recent-name')]
recent_history_number == div#xpath#//div/div/div/div[contains(@class, 'recent-number')]
recent_history_first_number == ul#xpath#//ul/li[1]/div/div/div/div[contains(@class, 'recent-number')]
recent_all_tab_first_item == div#xpath#//div[contains(@class,'recent-calls')]/st-paginator/ul/li[1]
recent_search_textbox == input#xpath#//st-recent/div[contains(@class,'recent-search')]/div[contains(@class,'search-text')]/input