lastcontact_filter_click==span#xpath#//span[contains(@class,'menu-icon icon icon-buttons-arrow-down')]
lastcontact_filter_group==div#xpath#//div[contains(@class,'options-container')]/ul/li
people_access==div#xpath#//div[contains(text(),'Access')]
people_close==button#xpath#//button[contains(@class,'icon icon-buttons-app-close close win')]
people_dscrdChanges_Popup_Cancel==button#xpath#//button[contains(@class,'mode-positive width-large height-large min-height-small')]
people_dscrdChanges_Popup_Yes==button#xpath#//button[contains(@class,'mode-negative width-large height-large min-height-small')]
people_dscrdChanges_Popup==st-common-dialog#xpath#//st-dialog/div[@class='footer']
people_event_click==div#xpath#//div[contains(@class,'events-content')]/div[1]
people_extension_button==input#xpath#//input[contains(@name,'phone')]
people_extension_dropdown==div#xpath#//div[contains(@id,'divSelected')]
people_filter_click==st-dropdown-filter#xpath#//st-dropdown-filter[contains(@options,"{groupList}")]/div/span[contains(@class,'menu-icon icon icon-buttons-arrow-down')]
people_filter_group==ul#xpath#//ul[contains(@class,'options')]/li[@data-value]
people_filter_lastcontact==div#xpath#//div[contains(@class,'first-name')]
people_full_name==span#xpath#//span[contains(@class,'name font-m')]
people_group_click==st-dropdown-filter#xpath#//st-dropdown-filter[contains(@options,'{groupList}')]/div/span[contains(@class,'menu-icon icon icon-buttons-arrow-down')]
people_group_list==li#xpath#//div[contains(@class,'styled-select groupcombo')]/st-dropdown-filter/div[contains(@class,'options-container')]/ul/li
people_grp_drop_drown_contact_name==ul#xpath#//ul[contains(@class,'user-suggestion-wrap')]/li
people_grp_drop_drown_contact_name1==div#xpath#//ul[contains(@class,'user-suggestion-wrap')]/li
people_grp_drop_drown_contact_name2==ul#xpath#//ul[contains(@class,"user-suggestion-wrap")]/li
people_IM-panel==div#xpath#//div[contains(@class,'message font-normal current-user-msg')]
people_input_contact==input#xpath#//input[contains(@can-value,'{value}')]
people_name_name==h2#xpath#//h2[contains(text(),'Name')]
people_name_people==h2#xpath#//h2[contains(text(),'Members')]
people_new_contact_add_num==div#xpath#//stc-select-dropdown[@items='{phoneNumberTypeOptions}']
add_number_button==span#xpath#//span[@class='add-number']
people_new_contact_address==input#xpath#//input[contains(@placeholder,'Address')]
people_new_contact_buisiness==input#xpath#//input[contains(@can-value,'{Buisiness}')]
people_new_contact_city==input#xpath#//input[contains(@placeholder,'City')]
people_new_contact_company_name==input#xpath#//input[contains(@placeholder,'Company')]
people_new_contact_country==input#xpath#//input[contains(@placeholder,'Country')]
people_new_contact_department==input#xpath#//input[contains(@placeholder,'Department')]
people_new_contact_drop_down == div#xpath#//stc-select-dropdown[@selected-value='{type}']
people_new_contact_drop_down_1==div#xpath#//stc-select-dropdown/span/div/ul/li[2]
people_new_contact_drop_down_2==div#xpath#//stc-select-dropdown/span/div/ul/li[3]
people_new_contact_drop_down_3==div#xpath#//stc-select-dropdown/span/div/ul/li[4]
people_new_contact_drop_down_4==div#xpath#//stc-select-dropdown/span/div/ul/li[5]
people_new_contact_drop_down_5==div#xpath#//stc-select-dropdown/span/div/ul/li[6]
people_new_contact_email==input#xpath#//input[contains(@class,'email')]
people_new_contact_fax==input#xpath#//input[contains(@can-value,'{Fax}')]
people_new_contact_first_name==input#xpath#//input[contains(@class,'first-name')]
people_new_contact_home_number==input#xpath#//input[contains(@can-value,'Home Number')]
people_new_contact_im==input#xpath#//input[contains(@can-value,'{im}')]
people_new_contact_job_title==input#xpath#//input[contains(@placeholder,'Title')]
people_new_contact_last_name==input#xpath#//input[contains(@class,'last-name')]
people_new_contact_middle_name==input#xpath#//input[contains(@can-value,'Middle name')]
people_new_contact_mobile==input#xpath#//input[contains(@can-value,'{Mobile}')]
people_new_contact_number==div#xpath#//div[@class="dropdown-field"]/input
people_new_contact_pager==input#xpath#//input[contains(@id,'Pager')]
people_new_contact_pager1==input#xpath#//input[contains(@placeholder,'Pager')]
people_new_contact_state==input#xpath#//input[contains(@placeholder,'State')]
people_new_contact_text==a#xpath#//a[contains(text(),'Create New Contact in Directory')]
people_new_contact_zip==input#xpath#//input[contains(@placeholder,'Zip')]
people_preferences==a#xpath#//a[contains(@id,'linkpreferences')]
people_profile_deskphone==inout#xpath#//input[contains(@class,'moption') and contains(@value,'dphone')]
people_profile_ext_radio_button==div#xpath#//div[contains(@id,'div_3')]/p/input[contains(@name,'input_radio')]
people_profile_ext3==div#xpath#//div[contains(@id,'div_3')]/p/input[contains(@name,'input_number')]
people_profile_ext4==div#xpath#//div[contains(@id,'div_4')]/p/input[contains(@name,'input_number')]
people_profile_ext5==div#xpath#//div[contains(@id,'div_5')]/p/input[contains(@name,'input_number')]
people_profile_ext6==div#xpath#//div[contains(@id,'div_6')]/p/input[contains(@name,'input_number')]
people_profile_ext7==div#xpath#//div[contains(@id,'div_7')]/p/input[contains(@name,'input_number')]
people_profile_external_DD==div#xpath#//st-userphone/div[contains(@id,'divUserPhone')]
people_profile_external==span#xpath#//st-endpoint-selector/div/div/label/span[contains(text(),'External Assignment Number')]
people_profile_final_remove_button==button#xpath#//button[contains(@id,'btn_remove_final')]
people_profile_home_radio_button==div#xpath#//div[contains(@id,'div_2')]/p/input[contains(@name,'input_radio')]
people_profile_home_remove_button==div#xpath#//div[contains(@id,'div_2')]/descendant::button
people_profile_home==div#xpath#//div[contains(@id,'div_2')]/p/input[contains(@name,'input_number')]
people_profile_keep_number_button==div#xpath#//button[contains(text(),'Keep Number')]
people_profile_label==input#xpath#//input[contains(@name,'input_label')]
people_profile_mob_remove_button==div#xpath#//div[contains(@id,'div_1')]/descendant::button
people_profile_mobile==div#xpath#//div[contains(@id,'div_1')]/p/input[contains(@name,'input_number')]
people_profile_number==input#xpath#//input[contains(@name,'input_number')]
people_profile_primary_button==input#xpath#//input[contains(@name,'input_radio')]
people_profile_primary_label==input#xpath#//input[contains(@name,'input_label')]
people_profile_primary_number==input#xpath#//input[contains(@name,'input_number')]
people_profile_remove_button==button#xpath#//button[contains(@class,'btn_remove mode-negative width-small height-small min-height-small')]
people_profile_softphone==label#xpath#//label/input[contains(@value,'sphone')]
people_saveDraft_popup_NO==button#xpath#//button[contains(@class,'btn mode-neutral width-small height-large min-height-small')]
people_saveDraft_popup_YES==button#xpath#//button[contains(@class,'btn mode-negative width-small height-large min-height-small')]
peoples_favorite1==button#xpath#//button[contains(@class,'contactFavIcon icon icon-buttons-favorite')]
second_panel_people_group_contact_list==a#xpath#//a[contains(@class,'peopleclick font-m ')]
people_saveDraft_popup==div#xpath#//div[contains(@id,'saveDraftmessage-id')]
people_search_list==div#xpath#//ul/li/div/a/div/div[@class='contactName font-m']
people_search==span#xpath#//div[@class='contactName font-m']
people_select_contact==ul#xpath#//span[contains(@class,'name')]
people_sort_dropdown==div#xpath#//div[contains(@class,'styled-select icon-buttons-arrow-down peoplesort')]
people_tab_ALL==div#xpath#//div[contains(text(),'All')][contains(@class,'options-value')]
peoples_all==div#xpath#//div[contains(@class,'styled-select groupcombo')]/st-dropdown-filter[contains(@options,'{groupList}')]
peoples_Auto_Attendant==span#xpath#//span[contains(text(),'Auto-Attendant')]
peoples_Broadcast==span#xpath#//span[contains(text(),'Broadcast')]
peoples_cancel_conferfation_popup==div#xpath#//div[contains(@id,'grpdetailmessage-id')]
peoples_cancel_confermation_popup_msg==span#xpath#//span[contains(text(),'Do you want to save as a Draft?')]
peoples_cancel_contact_no==button#xpath#//ul[contains(@id,'draft-list')]/li/div/button[contains(@class,'destroy icon icon-buttons-close')]
peoples_cancel_contact_yes==button#xpath#//button[contains(@id,'submit')] 
peoples_cancel==button#xpath#//button[contains(@class,'cancel font-normal mode-neutral width-small height-small min-height-small')]
peoples_group_cancel==button#xpath#//stc-button/button/div[@class='delete-btn']
people_popup_cancel==button#xpath#//button[contains(@class,'btn mode-neutral width-small height-large min-height-small')]
peoples_close_second_panel==button#xpath#//st-panel[contains(@class,'panelA ')]/div[contains(@class,'panel-header')]/button[contains(@class,'icon icon-buttons-min close-panel')]
peoples_close_third_panel_edit_mode==st-panel#xpath#//st-panel[contains(@class,'panelB')]/div/button[contains(@class,'icon icon-buttons-close close-panel')]
peoples_close_third_panel==button#xpath#//st-panel[contains(@class,'panelB')]/div/button[contains(@class,'icon icon-buttons-close close-panel')]
peoples_close_third_panel_min==button#xpath#//st-panel[contains(@class,'panelB')]/div/button[contains(@class,'icon icon-buttons-min close-panel')]
peoples_conference_Ext==span#xpath#//span[contains(text(),'Conference Ext.')]
peoples_customer_name==span#xpath#//span[contains(text(),'first-name')]/following-sibling::span[contains(text(),'last-name')]
peoples_default_delete_group==id#xpath#.//*[contains(@id,'group-list')]/li[2]/div/button
peoples_default==span#xpath#//span[contains(text(),'Default')]
peoples_delet_group_contact==button#xpath#//button[contains(@class,'delete icon icon-buttons-close')]
peoples_delete_group_contact_hover==ul#xpath#//ul[contains(@id,'group-list')]/li/div
peoples_delete_group_contact==button#xpath#//ul[contains(@id,'group-list')]/li/div/button[contains(@class,'destroy icon icon-buttons-close')]
peoples_delete_group_NO_button==button#xpath#//button[contains(@id,'groupTabcancelMessage')]
peoples_delete_group_yes_button==button#xpath#//st-button[contains(@id,'groupTabsubmit')]/button
peoples_drang_drop_name_more1==div#xpath#.//*[contains(@id,'grpaddmbrcontactList')]/ul/li/span
peoples_drang_drop_name==st-autosuggest#xpath#//div[@class='memberlist']/st-autosuggest/div/div/input
peoples_drang_drop_name1==div#xpath#.//*[contains(@id,'grpaddmbrcontactList')]/ul/ul/ul/ul/ul/li/span
peoples_edit_contact==div#xpath#//div[contains(@class,'available-state')]/span[contains(@class,'icon icon_im_presence_offline')]
peoples_editgrp==button#xpath#//button[contains(text(),'Edit Group')]
peoples_Executives==span#xpath#//span[contains(text(),'Executives')]
peoples_favorite_on==button#xpath#//button[contains(@class,'contactFavIcon icon icon-buttons-favorite-on')]
peoples_firstname==span#xpath#//span[contains(@class,'first-name')]
peoples_group_contact_drop_down==div#xpath#//div[contains(@id,'plstpopupcontactList')]/ul/li/span
peoples_group_delete_no==button#xpath#//st-button[@can-click='{hidePrompt}']/button[@class='mode-positive width-large height-large min-height-small']
peoples_group_delete_popup_masg==span#xpath#//st-dialog/h1[@class='dialogHeader font-lg']
peoples_group_delete_popup==st-dialog#xpath#//st-dialog
peoples_group_delete_yes==button#xpath#//st-button[@can-click='{deleteGroup}']/button[@class='mode-negative width-large height-large min-height-small']
peoples_group_name_click==ul#xpath#//ul[contains(@id,'group-list')]/descendant::lable
peoples_group==div#xpath#//div[contains(text(),'Groups')]
peoples_grp_contect==div#xpath#//div[contains(@class,'memberlist')]
#peoples_grp_customer_name1==div#xpath#//div[contains(@class,'memberlist')]
peoples_grp_customer_name==div#xpath#//div[@class='first-name']
peoples_grp_customer_name1==span#xpath#//span[contains(@class,'name font-normal-m')]
peoples_grp==ul#xpath#//div[@class='group-header ui-draggable']/label
#peoples_lastname==span#xpath#//span[contains(@class,'ContactName font-m')]
peoples_lastname==span#xpath#//span[contains(@class,'lname')]
peoples_Managers==span#xpath#//span[contains(text(),'Managers')]
peoples_message==div#xpath#//div/textarea[contains(@placeholder,' Type a message here... ')]
peoples_name==input#xpath#//input[contains(@can-value,'{group.name}')]
peoples_New_Contact_group==a#xpath#//a[contains(@class,'addContact')]
peoples_new_contact_text==input#xpath#//input[contains(@id,'plstpopupsearchName')]
peoples_new_contact_txt==st-quicksearch#xpath#//st-quicksearch/input
peoples_New_Contact==a#xpath#//a[contains(@class,'addContact')]
peoples_add_button==a#xpath#//a[contains(@class, 'add')]
peoples_panel_customer_name==div#xpath#//div[@class='contactName font-m']
peoples_panel_customer_name_new==div#xpath#//div[@class='contactName font-m']/span[@class='first-name']
peoples_people_button==div#xpath#//div[contains(text(),'People')]
peoples_people_peopleMemberlist==div#xpath#//div[contains(@id,'peopleMemberlist')]
peoples_people==a#xpath#//a[contains(@class,'peopleclick')]
peoples_presence_text==a#xpath#//a[contains(@class,'peopleclick')]/span/following-sibling::span[contains(@class,'contactpoint font-sm')]
peoples_same_name_contact_list==a#xpath#//a[contains(@class,'peopleclick')]/span/following-sibling::div[contains(@class,'status font-sm availability-available')]
peoples_save_Changes==span#xpath#//stc-button/button[contains(@class,'submit')]
peoples_search_first_name==span#xpath#//span[contains(@class,'first-name')]
peoples_search_first_name_new==div#xpath#//div[contains(@class,'first-name')]
peoples_SearchPeople_List==span#xpath#.//*[contains(@id,'searchResultsList')]
peoples_second_panel_minimized_button==button#xpath#//st-panel[contains(@params,'{panelA}')]/div/button[contains(@class,'icon icon-buttons-min close-panel')]
#peoples_second_panel_search_close==button#xpath#//st-panel[contains(@params,'{panelA}')]/div/button[contains(@class,'icon icon-buttons-min close-panel')]
peoples_second_panel_search_close==button#xpath#//div[@id="contactSearch"]/button[contains(@class,"close-panel")]
peoples_select_group==ul#xpath#//ul[contains(@id,'group-list')]/li[2]/div/a/lable
peoples_Staff==span#xpath#//span[contains(text(),'Staff')]
peoples_status_color==st-panel#xpath#//st-panel/div[2]/st-search/div[3]/st-paginator/ul/li/div/a/div[1]/div[1] 
peoples_vertical_scroll_bar_id==id#xpath#peopleMemberlist
peoples_vertical_scroll_bar==command#driver.execute_script("$(document).ready(function(){$('#peopleMemberlist').scrollTop(2000);});")
peoples_Voice_Mail_Login==span#xpath#//span[contains(text(),'Voice Mail Login')]
second_panel_call_hold==button#xpath#//button[contains(@class,'any-contact-action icon icon-maincontrols-hold hold')]
second_panel_call_unhold==button#xpath#//button[contains(@class,'any-contact-action icon icon-maincontrols-answer hold')]
second_panel_collect_group_list==div#xpath#//div[contains(@class,'font-m')]
second_panel_group_dropdown_list==div#xpath#//div[contains(@class,'styled-select groupcombo')]/ul/li
second_panel_hash==div#xpath#//div[contains(@class,'letter-separator1 font-xl')]
second_panel_picture==img#xpath#//img[contains(@class,'avatar-big')]
second_panel_profile_external==div#xpath#//div[contains(@id,'externalAssignment')]
second_panel_profile_user==div#xpath#//div[contains(@class,'profile')]/p
second_panel_pofile_conference==li#xpath#//li[contains(@class,'tabitem  ')][2]
second_panel_profile_no_conf_info==span#xpath#//span[contains(@class,'selectableText')]
second_panel_profile_join_conf==st-button#xpath#//st-button[contains(@can-click,'{joinConference}')]
second_panel_conf_header==span#xpath#//st-contact-info/div/div[@class='availability-wrap']/div[1]/span
second_panel_conf_failed==div#xpath#//div[contains(@class,'failed')]
second_panel_minimize==st-panel#xpath#//st-panel[contains(@params,'{panelA}')]/div[contains(@class,'panel-header')]/button[contains(@class,'icon icon-buttons-min close-panel')]
second_panel_minimizeB==st-panel#xpath#//st-panel[contains(@params,'{panelB}')]/div[contains(@class,'panel-header')]/button[contains(@class,'icon icon-buttons-min close-panel')]
second_panel_conferencebridge==div#xpath#//div[contains(text(),'My Conference Bridge')]
second_panel_joinmyevent==button#xpath#//button[contains(text(),'Join My Event Now')]
peoples_favorite_on_systemDir==button#xpath#//button[@class='contactFavIcon icon icon-buttons-favorite-on']
second_panel_Im_users==div#xpath#//div[@class='wrap ']/st-paginator/ul/li
group_im_notification==a#xpath#//a[@class='font-m  main-conversation-anchor multiple-participants']
recent_im_users==div#xpath#//div[@class='recent-item']
group_chat_band==div#xpath#//div[@class='icon-recents-message-group']
group_recent_search==div#xpath#//div[@class='search-wrap']
group_recent_search_input==div#xpath#//input[@can-search='{searchConversation}']
group_recent_content_name==div#xpath#//p[@class="content"]/span
group_recent_time==div#xpath#//div[@class='time']
second_panel_share==button#xpath#//button[@class='icon icon-controls-share']
second_panel_share_full==div#xpath#//div[@class='tooltip-wrap webshare']/st-contact-card-sharing/st-tooltip/div/ul/li[1]/st-button
peoples_list==st-paginator#xpath#//st-paginator/ul
close_panel==st-panel#xpath#//st-panel[contains(@class,'panelB')]/div[1]/button
peoples_search_name_group==div#xpath#//div[contains(@class,'first-name')]
verify_people_group_chat==div#xpath#//div[contains(@class,'list-participant')]/div/span[2]
verify_im_sorting==p#xpath#//p[contains(@class,'selectableText')]
default_verify_selection==div#xpath#//div[contains(@class,'options-value')]
peoples_first_group==div#xpath#//div[contains(@class,'group-header ui-draggable')]
peoples_favorite_tab==div#xpath#//div[contains(text(),'Favorites')]
second_people_fav_icon==button#xpath#//button[contains(@class, 'icon icon-buttons-favorite')]
second_PP_favTab_select==li#xpath#//li[@class='tabitem  itemSelected']
second_PP_view_selected==li#xpath#//li[@class='selected']
SP_anchor_contact==a#xpath#//a[@class='contactAnchor']
First_visible_contact==a#xpath#//a[contains(@class,'contactAnchor')][1]
Group_chat_verify==st-im-group#xpath#//st-im-group[contains(@message,'{message}')]
second_panel_user_favorite_button==button#xpath#//button[@class='contactFavIcon icon icon-buttons-favorite']
SP_all_search_contact==st-paginator#xpath#//st-paginator[@items='{contacts}']
peoples_fav_big_A==st-tab-filter#xpath#//span[@class='font-lg']
SP_tabList==ul#xpath#//ul[@class='tab-list ui-droppable']
SP_group_cancel_button==button#xpath#//button[@class='cancel font-normal mode-neutral width-large height-small min-height-small']
extension_close_searching==button#xpath#//st-search/div/button[contains(@class,'icon icon-buttons-close close-panel')]
People_all_fav_contact==st-paginator#xpath#//st-paginator[@items='{members}']
second_panel_options_value==div#xpath#//div[@class='options-value']
second_PP_Tab_select==li#xpath#//li[@class='tabitem  itemSelected']
peoples_listIcon==span#xpath#//span[contains(@class,'listIcon')]
peoples_gridIcon==span#xpath#//span[contains(@class,'gridIcon')]
SP_contactName_withFavIcon==div#xpath#//div[@class='contact-item  ui-draggable']
SP_group_contact_list==div#xpath#//div[@class='name font-m']
SP_contexBlindT==li#xpath#//li[contains(text(),'Blind Transfer')]
SP_contexConsultT==li#xpath#//li[contains(text(),'Consult Transfer')]
SP_contexIntercomT==li#xpath#//li[contains(text(),'Intercom Transfer')]
SP_contexParkT==li#xpath#//li[contains(text(),'Park')]
SP_contexBlindConfT==li#xpath#//li[contains(text(),'Blind Conference')]
SP_contexTransMailbox==li#xpath#//li[contains(text(),'Transfer Mailbox')]
SP_contexWhisperT==li#xpath#//li[contains(text(),'Transfer Whisper')]
SP_contexConsConf==li#xpath#//li[contains(text(),'Consult Conference')]
SP_twoLegCall_Outer_Color==div#xpath#//div[@class='consult-calls']
spp_double_click_answers==div#xpath#//div[@class='icon icon-dashboard icon-controls-voicemail-white vm-notification']
second_panel_number==input#xpath#//input[@placeholder='Select Number']
people_favContact_withicon==div#xpath#//div[@class='peopleItemList']
people_favContact_ring1==div#xpath#//div[@class='peopleItemList ui-draggable']
people_favContact_with_ringingIndicator==a#xpath#//a[@class='peopleclick font-m ']
people_favContact_ring==a#xpath#//a[@class='peopleclick font-m selected']
people_TopCall_first==ul#xpath#//ul[@class='calls-list']/li[1]
people_TopCall_second==ul#xpath#//ul[@class='calls-list']/li[2]
people_TopCall_third==ul#xpath#//ul[@class='calls-list']/li[3]
people_TopCall_fourth==ul#xpath#//ul[@class='calls-list']/li[4]
peoples_groupContact_ringingIndicator==a#xpath#//a[@class='font-m personclick ']
Peoples_ringing_indicatorAvailableOrange==div#xpath#//div[@class='status font-sm availability-on-the-phone ']
dailog_box_in_groups==div#xpath#//div[@id='draftmessage-id']
discard_my_changes_button==button#xpath#//button[@class='btn mode-negative width-small height-large min-height-small']
cancel_my_changes_button==button#xpath#//button[@class='btn mode-neutral width-small height-large min-height-small']
verify_BK_CLR_contact==div#xpath#//div[@class='contact-item searchResultListColorSelected dragentered']
recent_voicemail==div#xpath#//div[@class="recent-item"]
Available_contact==div#xpath#//div[contains(@class,'contactNamePresenceText font-sm')]
No_Available_contact==div#xpath#//div/h2[text()='No Results Found']
search_peoplel_list==st-paginator#xpath#//st-paginator/ul/li
people_merge_call==button#xpath#//button[@class='icon icon-maincontrols-join-conference complete-consult']
people_on_hold_label_merge_call==div#xpath#//div[@class='contact-transfer-info']/div[@class='info-wrap']
people_consulting_label_merge_call==div#xpath#//div[@class='name-availability-wrap']
people_view_screen_share==div#xpath#//st-im/st-common-dialog/st-dialog/div/st-im-bridgeurl/div/div[@class='clickable view-screenshare']
people_copy_clipboard==div#xpath#//st-im/st-common-dialog/st-dialog/div/st-im-bridgeurl/div/div[@class='clickable copy clipboard-button']
people_automatically_connect==div#xpath#//div[@id='div_1']/p[2]/div[@class='select-div']/div[@class='connect-options']/select/option[@value='1']
people_press1_toconnect==div#xpath#//div[@id='div_1']/p[2]/div[@class='select-div']/div[@class='connect-options']/select/option[@value='2']
people_number_rings==div#xpath#//div[@class="ring-section"]/span/input
people_number_rings2==div#xpath#//div[@id='div_2']/p[2]/div[@class='select-div']/div[@class='num-rings-section']/input
people_click_external==div#xpath#//div[@id='divUserPhone']
people_profile_mobile_radio_button1==div#xpath#//div[contains(@id,'div_1')]/p/input[contains(@name,'input_radio')]
people_profile_mobile_radio_button2==div#xpath#//div[contains(@id,'div_2')]/p/input[contains(@name,'input_radio')]
people_profile_primary_label1==input#xpath#//input[@placeholder="Add Label"]
people_profile_primary_number1==input#xpath#//input[@placeholder="Add Number"]
people_profile_primary_label2==div#xpath#//div[contains(@id,'div_2')]/p/input[contains(@name,'input_label')]
people_profile_primary_number2==div#xpath#//div[contains(@id,'div_2')]/p/input[contains(@name,'input_number')]
people_remove_buttonfinal==div#xpath#//button[@id='btn_remove_final']
people_search_button_close==div#xpath#//button[@class='icon icon-buttons-close close-panel']
people_favourite_list==div#xpath#//st-peoplelist/st-paginator/ul/li[1]/div
people_group_first==div#xpath#//div[@class='group-members']/st-person
people_image==div#xpath#//st-contact-info/div/div/div/shor-avatar
people_options==div#xpath#//st-dropdown-filter[@class='call-features']/div[@class='options-value']
people_right_click_company == label#xpath#//div/label[contains(@class, 'company')]
people_right_click_dept == label#xpath#//div/label[contains(@class, 'dept')]
people_right_click_number == span#xpath#//div/label/span[contains(@class, 'number')]
people_profile_connect_options1 == span#xpath#//div[@class='ring-dropdown-wrapper']/span
people_select_number==button#xpath#//div[@class="footer-buttons"]/stc-button/button
people_remove_button1==div#xpath#//button[@id='btn_remove_1']
people_profile_labels == input#xpath#//input[@can-value='{Label}']
people_profile_remove_label_confirm == div#xpath#//div[contains(@id,'divConfirm')]
group_arrow==button#xpath#//button[@class="group-header-button icon icon-group-more"]
peoples_favorite==button#xpath#//button[@class="contactFavIcon icon icon-buttons-favorite"]
edit_group==button#xpath#//button[contains(@can-click,'{toggleGroupDetail}')]
drag_source==ul#xpath#//ul[@class='calls-list']/li/st-dashboard-consult-call/st-dashboard-call-cell/div/a
drag_destination==a#xpath#//a[@class='contactAnchor']
drag_destinationgroup==div#xpath#//div[@class='compact person-container']
drag_favouritecontact_group==div#xpath#//div[@class='peopleItemList  ui-draggable']/a
drag_favouritecontact==div#xpath#//st-paginator/ul/li/div/a
Blind_Transfer_Menu==div#xpath#//st-dashboard-call-cell/st-operator-menu/ul/li[contains(text(),"Blind Transfer")]
Intercom_Transfer==div#xpath#//st-dashboard-call-cell/st-operator-menu/ul/li[contains(text(),"Intercom Transfer")]
Blind_Conference==div#xpath#//st-dashboard-call-cell/st-operator-menu/ul/li[contains(text(),"Blind Conference")]
context_menu==div#xpath#//st-dashboard-call-cell/st-operator-menu
Park==div#xpath#//st-dashboard-call-cell/st-operator-menu/ul/li[contains(text(),"Park")][1]
Transfer_Whisper==div#xpath#//st-dashboard-call-cell/st-operator-menu/ul/li[contains(text(),"Transfer Whisper")]
search_group_input==div#xpath#//st-grouplist/div/input
change_view_group_list==span#xpath#//span[@class="icon  listIcon "]
change_view_group_grid==span#xpath#//span[@class="icon  gridIcon "]
peoples_favorite_list==button#xpath#//button[@class="peopleFavIcon icon icon-buttons-favorite-on"]
Consult_Transfer_Menu==div#xpath#//st-dashboard-call-cell/st-operator-menu/ul/li[contains(text(),"Consult Transfer")]
External_Automatically_Connect==div#xpath#//div[@class='dropdown ring-dropdown']//li[contains(text(),'Automatically connect')]
External_Press_1_Connect==div#xpath#//div[@class='dropdown ring-dropdown']//li[contains(text(),'Press 1 to connect')]
Click_Update_External==button#xpath#//button[@class='update-external-number font-normal color-scheme-positive filled small']
people_sort==span#xpath#//span[contains(@class,'icon sortIcon')]
add_new_group==div#xpath#//div[contains(text(),'Add Group')]
add_new_contact==div#xpath#//div[contains(text(),'Add Contact')]
compact_view==div#xpath#//div[contains(text(),"Compact View")]
list_view==div#xpath#//div[contains(text(),"List View")]
outside_of_panel==st-chromebar#xpath#//st-chromebar