event_click_modify==div#xpath#//div[contains(@class,'events-subject font-m')]
event_click_modify1==div#xpath#//div[contains(@class,'events-content')]
events_calendar_widget==input#xpath#//input[contains(@class,'icon-calendar hasDatepicker')]
events_conference_list==li#xpath#//li[contains(@class,'events-meeting-content ')]/descendant::div[contains(@class,'events-subject')]
events_create_invite==button#xpath#//button[@id='eventInvite']
events_create_invite2==button#xpath#//button[contains(text(),'Create Event Invite')]
events_datepicker==div#xpath#//div[contains(@id,'ui-datepicker-div')]
events_edit_meeting==span#xpath#//span[contains(@class,'event-edit-meeting')]
events_joinconference==button#xpath#//button[contains(@class,'icon add icon-controls-add')]
events_more_settings==div#xpath#//div[@class='more-settings']
events_more_settings_arrow_down==div#xpath#//div[@class='more-settings']/span[contains(@class, 'icon-buttons-arrow-down-blue')]
events_more_settings_arrow_up==div#xpath#//div[@class='more-settings']/span[contains(@class, 'icon-buttons-arrow-up-blue')]
events_meeting_title==input#xpath#//input[contains(@class, 'subject-input')]
events_meeting_type==label#xpath#//label[contains(text(),'Meeting type')]
events_mute_all_on==button#xpath#//button[contains(@class,'icon mute-all icon-controls-mute-all-on')]
events_mute_all==button#xpath#//button[contains(@class,'icon mute-all icon-controls-mute-all')]
events_name_second_panel==div#xpath#//div[contains(@class,'events-subject')]
events_new_event_button==span#xpath#//span[contains(@class,'new-event icon-new-event')]
events_new_event_error_notification==div#xpath#//div/lable[[contains(@text(),'Please ask your IT administrator to enable the conferencing feature for you')]
events_new_event_error==lable#xpath#//lable[contains(text(),'Please ask your IT administrator to enable the conferencing feature for you')]
events_new_event==a#xpath#//a[contains(@class,'new-event-btn newEvent')]
events_organisers_in==st-autosuggest#xpath#//st-autosuggest[contains(@selected-users,'{event.organizers}')]/div/div/input[contains(@type,'text')]
events_organisers==st-autosuggest#xpath#//st-autosuggest[contains(@selected-users,'{event.organizers}')]
events_participants_in==st-autosuggest#xpath#//st-autosuggest[contains(@selected-users,'{event.participants}')]/div/div/input
events_participants==st-autosuggest#xpath#//st-autosuggest[contains(@selected-users,'{event.participants}')]
events_past_tab==a#xpath#//a[contains(@class,'past-events-btn')]
events_past_users==st-event-item#xpath#//st-event-item[contains(@can-click,'{openEvent}')]
events_popup_cancel_meeting==button#xpath#//button[contains(@id,'eventcancelCancelMeeting')]
events_presenters_in==st-autosuggest#xpath#//st-autosuggest[contains(@selected-users,'{combinedPresenters}')]/div/div/input[contains(@type,'text')]
events_presenters==st-autosuggest#xpath#//st-autosuggest[contains(@selected-users,'{combinedPresenters}')]
events_presenters1==div#xpath#//div[@id='eventedit-presentersCombined']/st-autosuggest[@placeholder='Enter presenter names']/div/div/st-contact-token/span[@class='name']
events_raise_hand_button==button#xpath#//button[contains(@class,'icon icon-controls-raisehand')]
events_second_panel_name==div#xpath#//div[contains(@class,'events-subject')]
events_second_text==div#xpath#//div[contains(@class,'white-content font-m')]/i
events_select_date==td#xpath#//td[contains(@data-handler,'selectDay')]
events_select_organizers_user==st-autosuggest#xpath#//st-autosuggest[contains(@selected-users,'organizersCAS')]/div/div/st-contact-token/span[contains(@class,'name')]
events_select_participants_user==st-autosuggest#xpath#//st-autosuggest[contains(@selected-users,'participantsCAS')]/div/div/st-contact-token/span[contains(@class,'name')]
events_select_presenters_user==st-autosuggest#xpath#//st-autosuggest[contains(@selected-users,'presentersCAS')]/div/div/st-contact-token/span[contains(@class,'name')]
events_select_user==span#xpath#//li/st-contact-token/span[contains(@class,'name')]
events_share_button==button#xpath#//button[contains(@class,'icon-contactcard-share')]
events_start_date==input#xpath#//input[contains(@id,'eventedit-start-date')]
events_third_panel==div#xpath#//div[contains(@id,'event-draft-main-panel')]
events_upcoming_meeting_names==ul#xpath#//ul[contains(@id,'event-list-ul')]/li/a/div/div/div/div[contains(@class,'events-subject')]
events_upcoming_participants_hosts==ul#xpath#//ul[contains(@id,'event-list-ul')]/li/a/div/div/div[contains(@class,'events-location')]
events_upcoming_tab==a#xpath#//a[contains(@class,'upcoming-events-btn')]
events_users_second_event==div#xpath#//div[contains(@class,'events-content')]
events_users_second_panel==div#xpath#//div[contains(@class,'events-location')]
events_time==div#xpath#//div[contains(@class,'date font-normal-m')]
contact_anchor_list1==div#xpath#//div[@class='contactName font-m']
contact_anchor_list11==ul#xpath#//ul[@id='searchResultsList']/li[1]/a/span[1]
recent_badge_number==span#xpath#//span/span[@class='badge font-sm']
recent_people_list==div#xpath#//div[@class='recent-name recent-color-missed']
recent_voicemail_notification==div#xpath#//div[@class='recent-item']/div[@class='recent-icon icon-recents-voicemail-missed']
voicemail_notification==div#xpath#//div[@class='from font-m']
exit_client==button#xpath#//button[@class='icon icon-buttons-app-close close win']
event_participant_name==div#xpath#//div/input[@placeholder='Enter participant names']
event_presenter_name==div#xpath#//div/input[@placeholder='Enter presenter names']
event_labels==div#xpath#//div[contains(@class,'eventedit-tabbed')]/label
enent_presenters_drop_down==span#xpath#//span[contains(@class,'icon icon_im_presence_offline')]
sender_name_list==div#xpath#//div[@class='recent-name recent-color-normal']
extension_close_searching==button#xpath#//button[@class='icon icon-buttons-close close-panel']
recent_deleted_tab1==div#xpath#//div[contains(@class,'recent-header')]/div[contains(@class,'recent-state')]/st-tab-filter[contains(@options,'{stateOptions2}')]/ul/li[2]
recent_all_tab==div#xpath#//div[contains(@class,'recent-header')]/div[contains(@class,'recent-state')]/st-tab-filter[contains(@options,'{stateOptions1}')]/ul/li[1]
dropdown_voicemail_option==li#xpath#//li[@data-value='voicemail']
recent_contact_history==div#xpath#//div[@class='recent-icon icon-recents-voicemail-missed']
recent_minimize_icon==st-panel#xpath#//st-panel[@class='panelB']/div[@class='panel-header']/button[@class='icon icon-buttons-min close-panel']
search_ppl_list==a#xpath#//a[@class='contactAnchor']
search_ppl_list1==input#xpath#//input[@placeholder='Drag or type contact name...']
drag_n_drop_name==div#xpath#//div[@class='selected-contacts-wrap cf ui-droppable']/input[@type='text']
eventHover==a#xpath#//a[@id='a-events']
join_web_conf==a#xpath#//div[@class='show-info']/span/a[contains(@class,'icon-maincontrols-join-screenshare')]
exo_endo_client_name==div#xpath#//div[@class='attendee ']
exo_end_rootIconOpen==div#xpath#//div[@class='icon-dashboard-profile-open ']
exo_end_rootIconClose==div#xpath#//div[@class='icon-dashboard-profile-closed ']
now_speaking_option==div#xpath#//div[@class='title font-normal']
send_IM_endo==textarea#xpath#//textarea[@can-value='{currentMessage.message}']
exo_client_list==a#xpath#//a[@class='font-normal-m']/span[@style='text-align: left;']
send_IM_exo==div#xpath#//div[@class='message-wrap']/textarea
exo_IM_notification==div#xpath#//div[@class='badge']
endo_IM_notification==div#xpath#//div[@class='badge font-sm show-badge']
endo_IM_notification1==div#xpath#//div[@class='from font-m']
recent_VM_reply==a#xpath#//a[@can-click='{reply}']
recent_VM_forward==a#xpath#//a[@can-click='{forward}']
recent_VM_deletion==a#xpath#//a[@can-click='{del}']
group_delete_popup_descard==button#xpath#//button[@class='btn mode-negative width-small height-large min-height-small']
recent_notification_iconAndname==div#xpath#//div[@class='cf type-vm']
VM_icon==div#xpath#//div[@class='icon icon-controls-voicemail-white vm-notification']
event_form==div#xpath#//div[@id='event-draft-main-panel']/form
group_form==st-panel#xpath#//st-panel[@class='panelB']/div[@class='panel-wrap ']
event_onsite==input#xpath#//input[@placeholder='On Site Location']
event_name==input#xpath#//input[@value='event1']
event_DashB_notification==div#xpath#//div[@class='dashboard-notification-container  ']
SPE_event_name==div#xpath#//div[@class='events-subject font-m']
SPE_event_join_call1==div#xpath#//div[@class='join-icon icon-maincontrols-answer']
events_evntBadge_no==span#xpath#//span[@class='icon icon-dashboard-events ']/span[@class='badge font-sm']
events_join_dial==div#xpath#//div[@class='join-icon icon-maincontrols-answer']
events_join_chat==a#xpath#//a[@can-click='{joinConferenceNoDial}']
event_notification==div#xpath#//div[@class='event-wrap ']
event_fields_labels == span#xpath#//span[@class='label header']
event_share_full_screen==button#xpath#//button[contains(@class,'screen ')]
event_share_area==button#xpath#//button[contains(@class,'rect ')]
event_share_window==button#xpath#//button[contains(@class,'window ')]
event_wait_for_approval==div#xpath#//div[@can-click='{hideWaitingShareApproval}']
event_wait_for_approval_dialog_disappear==st-tooltip#xpath#//st-tooltip[@id='waitingShareApproval' and contains(@style, 'display: none;')]
event_reject_permission==div#xpath#//div[@can-click='{rejectShare}']
event_accept_permission==div#xpath#//div[@can-click='{acceptShare}']
event_approval_dialog_disappear==st-tooltip#xpath#//st-tooltip[@id='screenShareTooltip' and contains(@style, 'display: none;')]
event_approval_text==div#xpath#//st-tooltip[@id='waitingShareApproval']/div/div[1]
event_start_recording == button#xpath#//button[contains(@class,'icon record-icon icon-controls-record')]
event_stop_recording == button#xpath#//button[contains(@class,'icon record-icon icon-controls-record-on')]
event_recording_notification == button#xpath#//st-button[@can-click='{notificationDialogYes}']/button
event_recording_arrow == span#xpath#//span[@data-title="View Recording"]
event_recording_options == li#xpath#//ul[@id='recording-sub-menu']/div[1]/li[1]
event_play_recording_button == span#xpath#//button[@can-click='{togglePlaying}']/span[contains(@class,'icon icon-play-button')]
event_recording_playing_screen == canvas#xpath#//div/canvas[contains(@style, 'display: inline;')]
event_dial_out_participant == input#xpath#//stc-select-dropdown[@selected-value='{event.audioJoinQualifier}']
event_press_one_join_audio == input#xpath#//stc-select-dropdown[@selected-value='{event.audioJoinQualifier}']/span/div/ul/li[1]
event_automatic_join_audio == input#xpath#//stc-select-dropdown[@selected-value='{event.audioJoinQualifier}']/span/div/ul/li[2]
event_events_name == div#xpath#//st-event-item[@can-click='{openEvent}']/div[@class="event-details-container"]/div[@class='events-content']/div[contains(@class,'events-subject')]
event_callme_number_input == input#xpath#//input[@can-value="{callMeNumber}"]
event_callme_button == div#xpath#//button[contains(@class,'button-group btnCallMe ')]
event_conference_entry == li#xpath#//ul/li/st-event-cell
event_close_conf_dashboard == span#xpath#//div/span[@can-click='{leave}']
event_leave_end_conf == button#xpath#//st-dialog/div/stc-button/button[text()='Leave & End']
event_leave_goodbye_conf == button#xpath#//st-dialog/div/stc-button/button[text()='OK']
event_leave_conf_yes == button#xpath#//st-dialog/div/stc-button/button[text()='Leave']
event_exo_call_button == input#xpath#//st-control-bar/div/input[contains(@class,'call control-img')]
event_exo_callme_input == input#xpath#//st-control-bar/div/div/div/div/div/form[@id='fm-call-me']/label/input[contains(@class,'call-me-input')]
event_exo_callme_button == span#xpath#//st-control-bar/div/div/div/div/div/form[@id='fm-call-me']/label/span[contains(@class, 'audio-modality-button')]
event_exo_share_button == input#xpath#//st-control-bar/div/input[contains(@class,'start-sharing')]
event_exo_share_options == li#xpath#//st-control-bar/div/div/st-tooltip/div/ul/li
event_security_cert_error_link == a#xpath#//a[@id='overridelink']
event_exchange_username == input#xpath#//form[@id='exchangeCred']/p/input[@id='text_username']
event_exchange_password == input#xpath#//form[@id='exchangeCred']/p/input[@id='text_password']
event_exchange_submit == button#xpath#//form[@id='exchangeCred']/st-button/button[@id='submitExchangeCred']
event_exchange_ok_button == button#xpath#//st-button/button[@id='btnOk']
event_info == input#xpath#//label[@class='cursor-pointer font-sm']
event_availability == input#xpath#//span[@class='availability-bar availability-available ']
event_attendee_name== input#xpath#//span[@class='name']
event_dial_me_in == div#xpath#//*[@id="content"]/st-app/st-layout/st-panel[2]/div[2]/st-event/div/div/div/div[2]/div[3]/span[2]/st-callme-dropdown/div/div[1]
event_join_on_softphone == div#xpath#//st-event/div/div/div/div/div/span/st-callme-dropdown/div/div[@data-title='Dial Me In']
event_join_on_external_number == div#xpath#//st-event/div/div/div/div/div/span/st-callme-dropdown/div/div[@data-title='Dial Me At']
event_exo_sharing_panel == st-control-panel#xpath#//st-control-panel[contains(@class, 'item-bottom')]
event_exo_control_bar == div#xpath#//st-control-panel/div[@style='display: block;']
event_participant_code == input#xpath#//input[@class="participant-code fullwidth "]
event_host_code == input#xpath#//input[@class="host-code fullwidth "]
event_show_participant==label#xpath#//label[@class='use-presentation']
event_discard_yes==button#xpath#//button[@id ='discard']
text_join_on_softphone == div#xpath#//st-panel[@params='{panelB}']/div/st-event/div/div/div/st-callme-dropdown/div/div[contains(@class, 'cursor-pointer join-call-icon icon-call-me-feature-call')]
text_join_via_deskphone == div#xpath#//st-panel[@params='{panelB}']/div/st-event/div/div/div/st-callme-dropdown/div/div[contains(@class, 'cursor-pointer join-call-icon icon-call-me-feature-call')]
event_reload_conference == button#xpath#//button[@class="color-scheme-positive filled medium"]
event_conference_loaded == div#xpath#//div[@class="conference-wrap"]