IM_sender_name == div#xpath#//div[contains(@class, 'name active-color font-m')]
IM_read_sender_name == div#xpath#//div[@class='detail-group']/div[contains(@class, 'name')]
IM_im == div#xpath#//div[contains(@class, 'message font-normal-m')]
IM_Hover_cannedIM == div#xpath#//div[contains(@can-click,'{imResponse}')]
IM_Hover_savedIM == li#xpath#//li[contains(@id,'im-1')]
IM_Presence_Avatar == div#xpath#//div[contains(@class,'im-presence large online')]
IM_NOT_Presence_Avatar == div#xpath#//div[contains(@class,'im-presence large offline')]
IM_Contact_Card_Avatar_Presence == div#xpath#//div[contains(@class,'im-status  im-presence xlarge  online ')]
IM_Contact_Card_Avatar_Not_Presence == div#xpath#//div[contains(@class,'im-status  im-presence xlarge  offline ')]
IM_Text_Respond_with_heading == div#xpath#//div[contains(@class,'title font-sm')]
IM_Verify_Saved_Canned_IMs == li#xpath#//li[contains(@id,'im-1')]
IM_Verify_Text_Box_Write_NewIM == input#xpath#//input[contains(@placeholder,'Custom your response and press enter to send')]
