WK_bell_button==button#xpath#//button[contains(@class,'icon icon-workgroups-settings btn')]
WK_Login_button==button#xpath#//button[contains(@class, 'btn workgroups-login')]
WK_logout_button_bak==button#xpath#//button[contains(@class,'btn icon-workgroups-logout')]
WK_logout_button==button#xpath#//button[@class='btn workgroups-logout ']
WK_name_agents==li#xpath#//div[contains(@class,'workgroup')]/descendant::li[2]
WK_name_calls==li#xpath#//div[contains(@class,'workgroup')]/descendant::li[1]
WK_name_panel==div#xpath#//div[contains(@class,'workgroups')]
WK_name_voicemails==li#xpath#//div[contains(@class,'workgroup')]/descendant::li[3]
WK_name_wait_button==button#xpath#//button[contains(@class,'icon collapse icon-buttons-arrow-down')]
WK_name_wait_DD==select#xpath#//select[contains(@class,'selectSortType noArrow')]
WK_name==div#xpath#//div[contains(@class,'workgroupName')]
WK_setting_button==button#xpath#//button[contains(@id,'settings') and contains(text(),'Settings')]
WK_stepaway_button==button#xpath#//button[contains(@id,'stepaway') and contains(text(),'Step Away//div[contains(@class,'workgroups')]')]
SPW_wrapUp==button#xpath#//button[contains(text(),'Wrap-Up')]
FP_compressed_workgrp_yellow_color==span#xpath#//span[@class='icon icon-dashboard-workgroups-wrap-up compressed']
FP_compressed_wg_black_color==span#xpath#//span[@class='icon icon-dashboard-workgroups compressed']
FP_workgrp_green_color==span#xpath#//span[@class='icon icon-dashboard-workgroups-loggedin ']
FP_workgrp_yellow_color==span#xpath#//span[@class='icon icon-dashboard-workgroups-wrap-up ']
FP_wrkgrp_wrapup_text==div#xpath#//div[@class='wrapup-timer']
FP_wg_black_color==span#xpath#//span[@class='icon icon-dashboard-workgroups ']
SP_SWD_deatils==div#xpath#//div[@class='workgroupDetails font-normal ']
SP_SWD_deatils_not==div#xpath#//div[@class='workgroupDetails font-normal showDetails']
TP_queues_text1==ul#xpath#//ul/li[@class='tabitem  itemSelected']/div[contains(text(),'Queues')]
TP_queues_text==ul#xpath#//ul/li[@class='tabitem  ']/div[contains(text(),'Queues')]
TP_agents_text==ul#xpath#//ul/li[@class='tabitem  ']/div[contains(text(),'Agents(2)')]
TP_agents_text_selected==ul#xpath#//ul/li[@class='tabitem  itemSelected']/div[contains(text(),'Agents(2)')]
TP_voicemail_text==ul#xpath#//ul/li[@class='tabitem  ']/div[contains(text(),'Voicemails')]
TP_agents_list==a#xpath#//a/table/tr/td[@class='row-item nameStatus']
TP_login_dropdown==div#xpath#//div/span[@class='menu-icon icon icon-buttons-arrow-up']
TP_warpup==li#xpath#//li[contains(@data-value,'enterWrapUp') and contains(text(),'Wrap-Up')]
Tp_dropdown_box==table#xpath#//table/tr/td[@class='row-item nameStatus']/div[@class='agentInfo contactpoint font-sm']/st-dropdown-filter/div/span[@class='menu-icon icon icon-buttons-arrow-down']
