voicemail_all_tab==div#xpath#//div[contains(@class,'voicemail-header')]/div[contains(@class,'voicemail-state')]/st-custom-tab[contains(@options,'{allAndFlaggedTabs}')]/ul/li[1]
vm_flagged_tab == li#xpath#//ul/li[contains(text(), 'Flagged')]
vm_unread == div#xpath#//div[@class='recent-time-flex']/div[contains(@class,'timestamp-text')][1]
vm_read_unread == div#xpath#//div[@id='voicemail-list']/st-paginator/ul/li/div/div[contains(@class, 'voicemail-item')]
vm_play_through_phone==button#xpath#//button[contains(@can-click,'{selectDeskphoneDevice}')]
vm_play_through_computer==button#xpath#//button[contains(@can-click,'{selectComputerDevice}')]
vm_play_button == span#xpath#//span[contains(@class,'icon icon-play-button icon-recents-play')]
vm_pause_button == span#xpath#//span[contains(@class,'icon icon-play-button icon-recents-pause')]
vm_reply_button == a#xpath#//div/a[contains(text(), 'Reply')]
vm_subject_field == div#xpath#//div/input[@can-value='{subject}']
vm_start_record_button == span#xpath#//button/span[contains(@class,'icon-recents-record')]
vm_stop_record_button == span#xpath#//button/span[contains(@class,'icon-recents-stop')]
vm_cancel_button == button#xpath#//stc-button[contains(@can-click,'{cancel}')]/button[text()='Cancel']
vm_send_button == button#xpath#//stc-button[contains(@can-click,'{shouldSend}')]/button[text()= 'Send']
voicemail_deleted_dropdown==div#xpath#//div[contains(@class,'deleted-records-count')]/span[@class='vmheader icon icon-voicemails-collapse-arrow-down']
vm_deleted_vms == span#xpath#//div[contains(@class,'deleted-records-count')]/span[@class='vmheader icon icon-voicemails-collapse-arrow-down']
vm_recent_deleted_voicemail == li#xpath#//st-im-voicemail/div[@can-click='{toggleDeletedRecords}'] /../../following::li[1]
vm_restore == div#xpath#//div[@class='actions']/a[@can-click='{restore}']
vm_hover==div#xpath#//div[@id='voicemail-list']/st-paginator/ul/li[1]/div[@class='list-clickable']/div[@class='voicemail-item']
vm_saved == div#xpath#//div[contains(@class, 'icon icon-indicators-flagged voicemail-indicator')]
vm_saved_folder == li#xpath#//st-custom-tab[@options='{allAndFlaggedTabs}']/ul/li[3]
vm_first_in_list == li#xpath#//st-voicemails-list/div/st-paginator/ul/li[1]
vm_save_button == a#xpath#//st-voice-message/div/div/div/a[contains(@can-click,'save')]
vm_unsave_button == a#xpath#//st-voice-message/div/div/div/a[contains(@can-click,'unsave')]
vm_cleanup == ul#xpath#//ul[@class="flist "]
vm_all_tab == li#xpath#//li[@class="selected"]
delete_vm == a#xpath#//a[@class='critical-action']