TP_close_minimise==button#xpath#//st-panel[@class='panelB']/div[@class='panel-header']/button[contains(@class,'icon icon-buttons')]
details_Status==div#xpath#//div[contains(@class,'availability-wrap font-s')]
detials_after_foo_bar==div#xpath#//div[contains(@class,'message font-m current-user-msg')]
detials_attach_file==div#xpath#//div[contains(@class,'icon icon-chat-attach')]
detials_before_foo_bar==div#xpath#//div[contains(@class,'message font-m other-user-msg')]
detials_Cancel==a#xpath#//a[contains(text(),'Cancel')]
detials_cancel==button#xpath#//button[contains(text(),'Cancel')]
detials_control_adds==button#xpath#//div[contains(@class, 'conference-add')]/button[contains(@class,'icon-controls-add')]
detials_control_share==button#xpath#//button[contains(@class,'icon-contactcard-share')]
detials_control_video==button#xpath#//button[contains(@class,'icon icon-controls-video')]
detials_Delete==a#xpath#//a[contains(text(),'Delete')]
detials_download==a#xpath#//a[contains(text(),'Download')]
detials_filename==div#xpath#//div[contains(@class,'filename')]
detials_Forward==a#xpath#//a[contains(text(),'Forward')]
detials_massagetype==select#xpath#//select[contains(@can-value,'messageType')]
detials_origanal_checkbox==input#xpath#//input[contains(@can-value,'replyMessage.includeOriginal')]
detials_private_checkbox==input#xpath#//input[contains(@can-value,'replyMessage.isPrivate')]
detials_recepit_checkbox==input#xpath#//input[contains(@can-value,'replyMessage.getRecepit')]
detials_Reply==a#xpath#//a[contains(text(),'Reply')]
detials_send==button#xpath#//button[contains(text(),'Send')]
detials_subject==input#xpath#//input[contains(@can-value,'replyMessage.title')]
detials_To==input#xpath#//input[contains(@placeholder,'HERE COMES THE PEOPLE SELECT COMPONENT')]
detials_urgent_checkbox==input#xpath#//input[contains(@can-value,'replyMessage.isUrgent')]
detials_view==a#xpath#//a[contains(text(),'View')]
third_conversational_panel_statusColor==div#xpath#//div[contains(@class,'availability-wrap font-s')]/div/span[1]
third_conversational_panel_statusColornew==div#xpath#//div[contains(@class,'availability-wrap font-s')]/div[contains(@class,'list-participant')]/div[contains(@class,'each-participant')]/span[contains(@class,'availability-bar availability-on-the-phone ')]
third_conversational_panel_user==div#xpath#//div[contains(@class,'availability-wrap font-s')]/div[contains(text(),'')]
third_panel_add_new_contact==button#xpath#//button[contains(@class,'newContact icon icon-addnewcontact')]
third_panel_answer_call==button#xpath#//button[@class="any-contact-action icon  icon-contactcard-call  call  generic-tooltip-contact-call-info"]
third_panel_answer_callDisable==button#xpath#//button[contains(@class,'any-contact-action icon icon-maincontrols-answer call disabled')]
third_panel_auto_attendent==div#xpath#//div[contains(text(),'Backup Auto-Attendant')]
third_panel_blind_conf_click==div#xpath#//div[@class='action-btn conference-btn-icons add-to-conference-blind any-contact-action ']
third_panel_blind_cons_click==div#xpath#//div[@class='action-btn conference-btn-icons add-to-conference-consult any-contact-action ']
third_panel_call_end==button#xpath#//button[contains(@class,'any-contact-action icon icon-maincontrols-end end')]
third_panel_call_hold==button#xpath#//button[contains(@class,'icon icon-maincontrols-hold hold')]
third_panel_call_timer==p#xpath#//p[contains(@class,'connected-call-timer')]
third_panel_cancel_consult==button#xpath#//button[contains(@class,'icon icon-maincontrols-end cancel-consult')]
third_panel_chatBox==textarea#xpath#//textarea[contains(@can-value,'{currentMessage.message}')]
third_panel_chatBox1==div#xpath#//div[contains(@class,'message-wrap')]
third_panel_chm_status==span#xpath#//span[contains(@class,'contact-custom-color')]
third_panel_complete_consult_on_hold==p#xpath#//p[contains(@class,' held-call-indicator ')]
third_panel_complete_consult==button#xpath#//button[contains(@class,'icon icon-maincontrols-transfer complete-consult')]
third_panel_conf_click==div#xpath#//div[contains(@class,'action-btn any-contact-action blind-conf')]
third_panel_conf_input==input#xpath#//div[contains(@class,'selected-contacts-wrap cf')]/div/input
third_panel_conf_user==span#xpath#//span[contains(@class,'name')][contains(text(),'')]
third_panel_conf==button#xpath#//button[contains(@class,'icon-controls-add')]
third_panel_conference_text==st-autosuggest#xpath#//st-autosuggest/div[contains(@class,'selected-contacts-wrap cf')]/div/input
third_panel_conference_user==st-contact-token#xpath#//st-contact-token
third_panel_consulting==p#xpath#//p[contains(@class,'consulting')]
third_panel_contact_availstatus==span#xpath#//span[contains(@class,'availability-bar')]
third_panel_contact_card_vm_delete==a#xpath#//a[contains(@can-click,'del')]
third_panel_contact_card_vm_forward==a#xpath#//a[contains(@can-click,'forward')]
third_panel_contact_card_vm_play_via_device==button#xpath#//button[contains(@can-click,'{selectComputerDevice}')]
third_panel_contact_card_vm_play_via_phone==button#xpath#//button[contains(@can-click,'{selectDeskphoneDevice}')]
third_panel_contact_card_vm_reply==a#xpath#//a[contains(@can-click,'reply')]
third_panel_contact_card_vm_timer==div#xpath#//div[contains(@class,'start-end-time-wrap')]
third_panel_contact_delete_popup==div#xpath#//div[@id='deletemessage-id']
third_panel_contact_delete_yes==button#xpath#//st-button[contains(@class,'delete')]/button[@class='mode-negative width-large height-small min-height-small']
third_panel_contact_delete_cancel==button#xpath#//st-button[contains(@id,'deleteCancel')]/button[@class='btn mode-negative width-small height-large min-height-small']
third_panel_contact_list_delete==span#xpath#//st-panel[contains(@class,'panelB')]/div/st-groupdetail/form/div/st-autosuggest/div/div/span[contains(@class,'remove-user')]
third_panel_contact_list==span#xpath#//st-contact-token/span[contains(@class,'name')]
third_panel_contact_save==button#xpath#//button[contains(@class,'create-btn')]
third_panel_contact_cancel==button#xpath#//st-button[@can-click='{showPrompt}']/button[@class='mode-negative width-large height-small min-height-small']
third_panel_create_event_button==button#xpath#//button[contains(@class,'event-create-invite')]
third_panel_delete_contact==button#xpath#//button[contains(@class,'deleteButton')]
third_panel_delete_contact_yes==button#xpath#//button[contains(@class,'delete-contact-btn')]
third_panel_delete_VM==a#xpath#//a[contains(@can-click,'del')]
third_panel_detail_open_voicemail_1==st-im-voicemail#xpath#//st-im-voicemail[1]/div[contains(@class,'voicemail')]/div[contains(@class,'icon-recents-voicemail')]
third_panel_detail_play_vm==div#xpath#//div[contains(@class,'icon icon-recents-play ')]
third_panel_disabled_conf_button==button#xpath#//button[contains(@class,'icon add icon-controls-add button-disabled')]
third_panel_drop_down_VM==div#xpath#//div[contains(@class,'voicemail')]
third_panel_edit_contact==button#xpath#//st-button[@can-click='{editContact}']/button[contains(@class,'mode-positive width-large height-small')]
third_panel_edit_group==div#xpath#//div[@class='editGroupItem group-edit icon icon-group-edit']
third_panel_end_call==div#xpath#//div/button[contains(@class,'any-contact-action icon icon-maincontrols-end')]
third_panel_filter_all==select#xpath#//select[contains(@can-value,'selected')]/option[contains(@value,'everything')]
third_panel_filter_calls==select#xpath#//select[contains(@can-value,'selected')]/option[contains(@value,'calls')]
third_panel_filter_VM==select#xpath#//select[contains(@can-value,'selected')]/option[contains(@value,'voicemails')]
third_panel_forward_VM==a#xpath#//a[contains(@can-click,'forward')]
third_panel_green_button==button#xpath#//button[contains(@class,'any-contact-action icon icon-maincontrols-answer call button-disabled')]
third_panel_group_contact_chm_status==div#xpath#//div[contains(@class,'selected-contacts-wrap cf')]/descendant::span[contains(@class,'availability-bar')]
third_panel_group_contact_chm_status1==span#xpath#//span[contains(@class,'name')]
third_panel_group_contact_statusColor==span#xpath#//span[contains(@class,'contact-custom-color availability-not-available')]
third_panel_groupIM_old==st-paginator#xpath#//st-paginator[contains(@items,"{messages}")]/ul/li[1]/st-im-group/div[contains(@class,'groupim')]
third_panel_groupIM==st-paginator#xpath#//st-paginator[contains(@items,"{messages}")]/ul/li[1]/st-im-group/div[1]
third_panel_history_calls==st-im-call#xpath#//st-im-call
third_panel_history_dropdown_all==select#xpath#//select[contains(@can-value,'selected')]/option[contains(@value,'everything')]
third_panel_history_dropdown_call==select#xpath#//select[contains(@can-value,'selected')]/option[contains(@value,'calls')]
third_panel_history_dropdown_im==select#xpath#//select[contains(@can-value,'selected')]/option[contains(@value,'messages')]
third_panel_history_dropdown_voicemail==select#xpath#//select[contains(@can-value,'selected')]/option[contains(@value,'voicemails')]
third_panel_history_dropdown==select#xpath#//select[contains(@can-value,'selected')]
third_panel_history_ims==st-im-message#xpath#//st-im-message
third_panel_history_vms==st-im-voicemail#xpath#//st-im-voicemail
third_panel_hold_call123==button#xpath#//button[@class="any-contact-action icon icon-call-hold hold generic-tooltip-contact-call-info"]
third_panel_info_button==label#xpath#//label[contains(text(),'+ Info')]
third_panel_info_email==label#xpath#//st-contact-card-contact-points/div[contains(@class,'contact-points')]/ul/li[2]/div[2]/div/label
third_panel_info_extension==label#xpath#//st-contact-card-contact-points/div[contains(@class,'contact-points')]/ul/li[1]/div[2]/div/label
third_panel_info==li#xpath#//st-im/div[contains(@class,'filter-wrap')]/div/st-custom-tab/ul/li[1]
third_panel_meeting_name==input#xpath#//input[contains(@id,'eventedit-meeting-name')]
third_panel_meeting_organizers==st-autosuggest#xpath#//st-autosuggest[contains(@selected-users,'{organizersCAS}')]/div/input
third_panel_meeting_presenters==st-autosuggest#xpath#//st-autosuggest[contains(@selected-users,'presentersCAS')]/div/input
second_panel_messagefilter==st-dropdown-filter#xpath#//st-dropdown-filter[contains(@options,'{typeOptions}')]/div[contains(@class,'options-value')]/span[contains(@class,'menu-icon icon icon-buttons-arrow-down')]
third_panel_minimize_button==st-panel#xpath#//st-panel[contains(@data-panel,'B')]/div/button[contains(@class,'icon icon-buttons-min close-panel')]
third_panel_minimize==st-panel#xpath#//st-panel[contains(@class,'panelB')]/div/button[contains(@class,'icon icon-buttons-min close-panel')]
third_panel_mute==button#xpath#//span[@class='mute-wrapper']/button[contains(@class,"icon-controls-mute")]
third_panel_hold_call==div#xpath#//div[contains(@class,'icon-wrap two-button')]/button[contains(@class,'icon-call-hold')]
third_panel_new_contact==span#xpath#//st-contact-info/div/div/span[contains(@class,'participant-name')]
third_panel_newContact_add_contact==button#xpath#//button[contains(@can-click,'{createNewContact}')]
third_panel_newContact==button#xpath#//button[contains(@class,'newContact icon icon-addnewcontact')]
third_panel_on_hold_icon==p#xpath#//p[contains(@class,'held-call-indicator')]
third_panel_organizers_listing==li#xpath#//li[contains(@can-click,'clickToSelectUser')]/st-contact-token/span[contains(@class,'name')]
third_panel_play_VM==div#xpath#//div[contains(@class,'icon icon-recents-play ')]
third_panel_presenters_listing==st-autosuggest#xpath#//st-autosuggest[contains(@selected-users,'presentersCAS')]/ul/li/st-contact-token/span[contains(@class,'name')]
third_panel_recentlist_name==h2#xpath#//h2[contains(@class,'font-lg full-name')]
third_panel_record==button#xpath#//button[contains(@class,'icon icon-controls-record button-disabled')]
third_panel_reply_VM==a#xpath#//a[contains(@can-click,'reply')]
third_panel_screenshare==a#xpath#//a[contains(@class,'join-icon icon-maincontrols-join-screenshare')]
third_panel_selecteventchat==st-attendee#xpath#//st-attendee
third_panel_share==button#xpath#//button[contains(@class,'icon-contactcard-share')]
third_panel_shareing_button==button#xpath#//button[contains(@class,'icon icon-controls-share button-disabled')]
third_panel_statusColor==span#xpath#//div/span[contains(@class, 'contact-chm')]
third_panel_statusText==div#xpath#//div[@class='chm-text']
third_panel_transfer_click==div#xpath#//div[contains(@class,'action-btn blind-xfer any-contact-action ')]
third_panel_transfer_consult==div#xpath#//div[contains(@class,'action-btn consult-xfer ')]
third_panel_transfer_input==div#xpath#//div[contains(@class,'selected-contacts-wrap cf')]/div/input
third_panel_transfer_park_answer==button#xpath#//button[contains(@class,'icon icon-maincontrols-answer icon-dashboard hold')]
third_panel_transfer_park_held==p#xpath#//p[contains(@class,' held-call-indicator ')]
third_panel_transfer_park_option1==button#xpath#//button[contains(@class,'icon icon-maincontrols-park park')]
third_panel_transfer_park_option2==button#xpath#//div[@class='park-container']/div[contains(text(),'Park & Page')]
third_panel_transfer_park_option3==button#xpath#//button[contains(@class,"icon icon-maincontrols-park-intercom park-intercom")]
third_panel_transfer_park==div#xpath#//div[@class='transfer-btn-icon park icon-call-park']
third_panel_transfer_user==st-contact-token#xpath#//st-contact-token/span[contains(@class,'name')]
third_panel_transfer==button#xpath#//button[contains(@class,'icon-controls-transfer transfer')]
third_panel_type_pager==select#xpath#//option[contains(@value,'assistant')]
third_panel_unhold_call==button#xpath#//button[contains(@class,"call hold unhold")]
third_panel_video_disabled==button#xpath#//button[contains(@class,'icon icon-controls-video button-disabled')]
third_panel_video==button#xpath#//button[contains(@class,'icon icon-controls-video button-disabled')]
TP_ADD_contact_number==input#xpath#//input[contains(@can-click,'{addAnotherPhone}')]
TP_add_contact==input#xpath#//input[contains(@can-value,'{value}')]
TP_ADD_CONTACT1==div#xpath#//div[contains(@class,'action-btn add-to-conversation any-contact-action ')]
TP_AUTO_CONTACT==st-contact-token#xpath#//st-contact-token/span[contains(@class,'name')]
Tp_call_dropdown_container_disable_list==div#xpath#//div[contains(@class,'options-container')]/ul/li[contains(@class,'opt-disabled option ')]
Tp_call_dropdown_container==div#xpath#//div[contains(@class,'options-container')]/ul/li
Tp_call_dropdown==div#xpath#//div[contains(@class,'feature-wrap ')]/st-dropdown-filter
Tp_call_hangup==div#xpath#//div[contains(@class,'icon-wrap')]/button[contains(@data-title,'Hangup')]
TP_Call_History_RS==st-im-call#xpath#//st-im-call/div[contains(@class,'row')]/div[contains(@class,'row-value')]
Tp_call_rec_hangup==div#xpath#//div[contains(@class,'icon-wrap two-button')]/button[contains(@data-title,'Hangup')]
TP_CallHistory_AfterCall==div#xpath#//div[contains(@class,'call outgoing-call')]
TP_CallHistory_DuringCall==div#xpath#//div[contains(@class,'call received-call')]
TP_CallNote_Input==input#xpath#//div[contains(@class,'row-value')]/textarea[contains(@class,'call-note')]
TP_chat_add_participants_add==div#xpath#//div[contains(@class,'action-btn add-to-conversation any-contact-action ')]
TP_chat_add_participants_input==input#xpath#//input[contains(@placeholder,'Type name or extension.')]
TP_chat_add_participants_user==ul#xpath#//ul/li[1][contains(@can-click,'{clickToSelectUser}')]
TP_chat_add_participants==button#xpath#//button[contains(@data-title,'Add Participant')]
TP_chat_list_first==ul#xpath#//ul/li/st-im-message/div/div[contains(@class,'time')]
TP_chat_list==ul#xpath#//ul/li/st-im-message
TP_chat_textarea==div#xpath#//textarea[contains(@placeholder,' Type a message here... ')]
TP_chat_time==div#xpath#//div[contains(@class,'time font-sm')]
TP_contact_form_close==button#xpath#//div[contains(@class,'panel-header')]/button[contains(@class,'icon icon-buttons-close close-panel')]
TP_contact_Edit_cancel_discardChanges == button#xpath#//st-button[@can-click='{destroyDraft}']/button
TP_contact_Edit_cancel_cancel == button#xpath#//st-button[@can-click='{hidePrompt}']/button
TP_contact_info==label#xpath#//label[contains(@can-click,'{callContactPoint}')]
TP_contact_savePopup_msg==div#xpath#//div[contains(@id,'errormsgmessage-id')]/span[contains(@class,'font-lg')]
TP_contact_savePopup_OK==button#xpath#//button[contains(@id,'numbererrormsgOK')]
TP_contact_savePopupName==div#xpath#//div[contains(@id,'errormsgmessage-id')]
TP_contact_savePopupNumber==div#xpath#//div[contains(@id,'numbererrormsgmessage-id')]
TP_contactsave_verify_firstname_required==input#xpath#//input[contains(@class,'input required')]
TP_dashboard_end_call==button#xpath#//button[contains(@class,'icon icon-maincontrols-end  icon-dashboard end')]
TP_edited_contact_save==button#xpath#//st-button/button[contains(@class,'mode-positive width-large height-small min-height-small')]
TP_event_cancel==button#xpath#//stc-button/button[contains(@class,'cancel-meeting')]
TP_event_cancel_yes==button#xpath#//stc-button/button[text()='Cancel']
TP_event_discard==button#xpath#//st-button[contains(@id,'eventEditDiscard')]/button[contains(@class,'btn mode-negative width-small height-large min-height-small')]
TP_Group_Members_ScrollClass==class#xpath#memberlist
TP_Group_VM==span#xpath#//div[@class='icon group-conversation-btn-icon groupVoicemail icon-group-send-voicemail ']
TP_GroupUserDetail==h2#xpath#//h2[contains(@class,'font-lg full-name')]
TP_GroupUsers==span#xpath#//div[@class='members']/div/div[contains(@class, 'org-name')]
TP_GroupVM_Cancel==button#xpath#//stc-button[contains(@can-click,'{cancel}')]/button[contains(@class,'small')]
TP_GroupVM_Popup_No==button#xpath#//st-button[contains(@id,'sendGroupVMcancelMessage')]/button[contains(@class,'btn mode-negative width-small height-large')]
TP_GroupVM_Popup_Yes==button#xpath#//st-button[contains(@id,'sendGroupVMsubmit')]/button[contains(@class,'btn mode-positive width-small height-large')]
TP_GroupVM_Popup==div#xpath#//div[contains(@id,'sendGroupVMmessage-id')]
TP_GroupVM_Record==span#xpath#//button/span[contains(@class,'icon icon-record-button icon-recents-record')]
TP_GroupVM_StopRecord==span#xpath#//button[contains(@class,'btn record-btn ')]/span[contains(@class,'icon icon-record-button icon-recents-stop')]
TP_GroupVM_Subject==input#xpath#//div[contains(@class,'form-subject-wrap')]/input[contains(@class,'form-subject')]
TP_Hide_Info_Label==div#xpath#//div[contains(@class,'wrap ')]/st-im-call/div[contains(@class,'row')]/div[contains(@class,'row-title row-click supportInfo')]
TP_History_DD_Li==li#xpath#//div[contains(@class,'filter-wrap')]/st-dropdown-filter/div[contains(@class,'options-container')]/ul/li
TP_History_DDArrow==div#xpath#//div[contains(@class,'panel-wrap ')]/st-recent/div/st-dropdown-filter/div[contains(@class,'options-value')]
TP_Info_Label==div#xpath#//div[contains(@class,'wrap ')]/st-im-call/div[contains(@class,'row')]/div[contains(@class,'row-title row-click supportInfo')]
TP_info==label#xpath#//label[contains(@can-click,'{toggleInfo}')]
TP_MeetingWithGroup==span#xpath#//div[contains(@class, 'icon-group-schedule-meeting')]
TP_RS_GUID_Info==div#xpath#//div[contains(@class,'wrap ')]/st-im-call/div[contains(@class,'row')]/div[contains(@class,'row-value selectableText')]
TP_SendGroup_VM==button#xpath#//stc-button[contains(@can-click,'{shouldSend}')]/button[contains(@class,'small')]
TP_StartGroupchat==div#xpath#//div[@class='icon group-conversation-btn-icon startGroupChat icon-group-start-chat']
Tp_transfer_close==div#xpath#//div[contains(@class,'conference-transfer-destroy icon icon-buttons-close')]
TP_Type==select#xpath#//select[contains(@can-change,'{setType}')]
Tp_unmute==button#xpath#//span[@class='mute-wrapper']/button[contains(@class,"icon-controls-mute-on")]
TP_VM_History_DownArrow==div#xpath#//div[contains(@class,'show-info icon_workgroup_collapsearrow_down')]
TP_VM_History_Users==span#xpath#//st-contact-token/span[contains(@class,'name')]
TP_VM_History==div#xpath#//st-im-voicemail/div[@class='voicemail']
Tp_whisper_page_add_participants==div#xpath#//div[contains(@class,'icon-bar')]/button[contains(@class,'icon add icon-controls-add button-disabled')]
Tp_whisper_page_mute==div#xpath#//div[contains(@class,'icon-bar')]/button[contains(@class,'icon mute icon-controls-mute button-disabled')]
Tp_whisper_page_record==div#xpath#//div[contains(@class,'icon-bar')]/button[contains(@class,'icon icon-controls-record button-disabled')]
Tp_whisper_page_transfer==div#xpath#//div[contains(@class,'icon-bar')]/button[contains(@class,'icon icon-controls-transfer button-disabled transfer')]
Tp_whisper_page==div#xpath#//div/p[contains(@class,' connected-call-timer ')]
third_panel_blind_callDisable==button#xpath#//button[@class='icon add icon-controls-add button-disabled']
TP_get_time==input#xpath#//input[contains(@can-value,'{eventStartTime}')]
TP_Findme_Disabled==div#xpath#//div/input[@class='findme-enabled-btn' and @value='disabled']
TP_Findme_Enabled==div#xpath#//div/input[@class='findme-enabled-btn' and @value='enabled']
TP_Findme_EnabledSettings==div#xpath#//div/input[@class='findme-first-btn' and @value='findMeFirst']
TP_Findme_EnabledSettingsVM==div#xpath#//div/input[@class='findme-first-btn' and @value='playVMFirst']
TP_Findme_EnabledSettingsCheck==div#xpath#//div[@class='findme-prompt-caller height-25']/input[@type='checkbox' and @can-value='{form.findMe.playVMFirstPromptCaller}']
TP_Findme_Number1==st-userphone#xpath#//st-userphone[@type='1' and @id='findme-addtl-num1']
TP_Findme_Number2==st-userphone#xpath#//st-userphone[@type='1' and @id='findme-addtl-num2']
TP_HOME==div#xpath#//div[@id='simulring1-input']/st-userphone/div/div[@id='divForMenuPosition']/div/div[@id='phoneGroups']/div[@id='div_1']/p/input[@id='input_radio_1']
TP_SUBMIT==div#xpath#//div[@id='simulring1-input']/st-userphone/div/div[@id='divForMenuPosition']/div[@id='divMenu']/div[@class='bottom ']/st-button/button[@id='btn_submit']
TP_SAVE==button#xpath#//button[@id='btn-save']
TP_EVENT_INFO==label#xpath#//div[@class='show-info']/span/span[contains(text(),'Info')]
EXO_JOIN==input#xpath#//input[contains(@id,'input-id-inputNamePrompt0')]
EXO_JOIN_MEETING==input#xpath#//input[contains(@class,'call control-img ')]
Exo_click_groupchat==div#xpath#//div[contains(@id, 'group_')]
Exo_individual_chat==div#xpath#//st-attn/div[contains(@id, 'attn_')]/a/span
EXO_panel_chatBox1==div#xpath#//div[contains(@class,'message-wrap')]/textarea
EXO_IM_ver_Endo==section#xpath#//section[contains(@class,'meetings')]/ul/li/st-event-cell/div/div/st-attendee
EXO_Control_Panel_call_Button==div#xpath#//div[@id='app']/st-layout/st-sharedpane/div/st-control-panel/div/div/st-control-bar/div[1]/input
EXO_Control_Panel_call_Dialog==div#xpath#//div[@id='app']/st-layout/st-sharedpane/div/st-control-panel/div/div/st-control-bar/div[1]/div/div
EXO_Control_Panel_More_info==div#xpath#//div[@id='moreInfo']
EXO_Control_Panel_Clipboard==div#xpath#//div[@id='clipboard']
EXO_Full_Area==a#xpath#//div[@id='app']/st-layout/st-sharedpane/div/st-screen-share/div
EXO_Group_Chat_text==a#xpath#//a/span/b[contains(text(),'Group Chat')]
EXO_Group_Chat_Icon==a#xpath#//a/span/img[@src="images/icons/group_30.png"]
EXO_share_Pane==div#xpath#//div[@id='app']/st-layout/st-sharedpane/div/st-control-panel"]
EXO_Control_Panel==div#xpath#//div[@id='app']/st-layout/st-sharedpane/div/st-control-panel/div/div
EXO_Control_Panel_Call==div#xpath#//div[@id='app']/st-layout/st-sharedpane/div/st-control-panel/div/div/st-control-bar/div[1]
EXO_Control_Panel_mute==div#xpath#//div[@id='app']/st-layout/st-sharedpane/div/st-control-panel/div/div/st-control-bar/div[3]
EXO_Control_Panel_Share==div#xpath#//div[@id='app']/st-layout/st-sharedpane/div/st-control-panel/div/div/st-control-bar/div[5]
EXO_Control_Panel_invite==div#xpath#//div[@id='app']/st-layout/st-sharedpane/div/st-control-panel/div/div/st-control-bar/div[7]
EXO_Control_Panel_raise_hand==div#xpath#//div[@id='app']/st-layout/st-sharedpane/div/st-control-panel/div/div/st-control-bar/div[9]
EXO_call_me_input==form#xpath#//form[@id='fm-call-me']/label/input
EXO_call_me_button==div#xpath#//div[@class="audio-modality-button" and contains(text(),'Call Me')]
TP_close_conatct_green_tele==span#xpath#//st-dropdown-filter[contains(@class,'call-features')]/div/span[contains(@class,'menu-icon icon icon-buttons-arrow-down')]
TP_close_contact_alert==li#xpath#//li[contains(@data-value,'alert')]
third_panel_user==div#xpath#//div[@class='nametext']/span[1]
third_panel_extn==div#xpath#//div[@class='nametext']/span[2]
third_panel_save==button#xpath#//button[contains(@class,'save font-normal  mode-positive width-large height-small min-height-small')]
TP_contact_name==div#xpath#//div/span[contains(@class, 'participant-name')]
Tp_contact_verify_shedule==a#xpath#//a[contains(@class,'menu-item font-normal-m scheduleMeeting')]
Tp_verify_members==span#xpath#//span[contains(@class,'name font-normal-m')]
TP_close==button#xpath#//button[@class='icon icon-buttons-app-close close win']
TP_presenterplaceholder==div#xpath#//div[@id='eventedit-presenters']/st-autosuggest/div/input
TP_participantplaceholder==div#xpath#//div[@id='eventedit-participants']/st-autosuggest/div/input
third_panel_blocklist_name==span#xpath#//span[contains(@class, 'name')]
TP_group_member_field_name==span#xpath#//div[@class='selected-user-wrap']/st-contact-token/st-autosuggest-selected-item/div/span[@class='selected-name']
TP_group_member_field==div#xpath#//div[@class='selected-user-wrap']/st-contact-token
TP_delete_group==button#xpath#//stc-button/button/div[@class='delete-btn']
Tp_transfer_toWhisper==div#xpath#//div[@class='action-btn whisper-xfer ']
third_p_contact_name==div#xpath#//div/h2[@class='font-lg full-name']
TP_detele_confirm==button#xpath#//div/stc-button/button[@id='delete']
TP_delete_discard==button#xpath#//div/stc-button/button[@id='cancel']
TP_park_intercom_disable==button#xpath#//button[@class='icon icon-maincontrols-park-intercom park-intercom disabled']
VM_record_option==span#xpath#//span[@class='icon icon-record-button icon-recents-record']
TP_group_edit_cancel==button#xpath#//button[@class='cancel font-normal mode-neutral width-small height-small min-height-small']
TP_group_edit_save==button#xpath#//button[@class='save font-normal  mode-positive width-small height-small min-height-small']
TP_transfer_contact_option==st-contact-token#xpath#//st-contact-token[@class='alt-suggestion status-available']
TP_Event_Org==table#xpath#//table[1][@id='event-presenters']/tr[1]/td[1]/div/div[@class='event-org-name font-normal-m']
third_panel_conference_select==div#xpath#//div[contains(@class,'add-to-conference-blind')][1]
TP_consult_conference_button == div#xpath#//div[contains(text(), 'Consult')]
TP_contact_fullname==h2#xpath#//div/h2[@class='font-lg full-name ']
TP_contact_company==h3#xpath#//h3[@class='font-m company-name']
TP_contact_title==h3#xpath#//h3[@class='font-sm company-title']
TP_contact_dept==h3#xpath#//h3[@class='font-sm company-dept']
TP_contact_address==div#xpath#//div[@class='title-text' and contains(text(), 'ADDRESS')]
TP_im_filter_content==st-dropdown-filter#xpath#//st-dropdown-filter[contains(@options,'{groups}')]/div/ul/li
TP_block_notification==div#xpath#//div[contains(text(),'Block Notifications')]
End_call==button#xpath#//button[@class="any-contact-action icon icon-maincontrols-end end"]
TP_contact_FName_required==input#xpath#//input[@can-value='{firstName}' and @class='first invalid']
TP_contact_LName_required==input#xpath#//input[@can-value='{lastName}' and @class='last invalid']
TP_contact_Email_required==input#xpath#//input[@can-value='{email}' and contains(@class, 'email  invalid')]
TP_contact_IM_required==input#xpath#//input[@can-value='{im}' and contains(@class, 'im  invalid')]
TP_contact_PhoneNums_required==input#xpath#//input[@can-value='{value}' and contains(@class, 'number   invalid')]
TP_read_vm==div#xpath#//div[@class='voicemail']/div[@class='recent-icon icon-recents-voicemail']
TP_conf_intercom==div#xpath#//div[@class='conference-btn-icons add-to-conference-intercom any-contact-action  icon-call-intercom']
TP_conf_transfer_time==div#xpath#//div[@class='transfer-call-indicator']
TP_conf_transfer_join==div#xpath#//button[@can-click='{transferOrConference}']
TP_call_record_off==button#xpath#//button[@class='icon icon-controls-record record ']
TP_call_record_on==button#xpath#//button[@class='icon icon-controls-record-on record ']
TP_complete_consult_transfer==div#xpath#//div[@can-click='{transferOrConference}']
TP_merge_list==div#xpath#//div[@class='each-participant']
default_IM_chat==st-dashboard-conversation-cell#xpath#//st-dashboard-conversation-cell
default_unhold_thirdpanel==button#xpath#//button[@class='any-contact-action icon icon-maincontrols-answer hold']
TP_waiting_to_share==h1#xpath#//div[@class='waiting']/h1
TP_shared_window==canvas#xpath#//div/canvas[@id='img-dst']
TP_ended_sharing==h1#xpath#//div[@class='ended']/h1
TP_discard_changes_draft_button == button#xpath#//st-button[@can-click='{destroyDraft}']/button
TP_cancel_draft_button == button#xpath#//st-button[@can-click='{hidePrompt}']/button
TP_video==st-panel#xpath#//st-panel[@class='panelC']
TP_im_presence == span#xpath#//st-contact-info/div/div/div[contains(@class, 'im-presence')]
TP_transfer_intercom == div#xpath#//div[@class='transfer-btn-icon intercom-xfer icon-call-intercom']
TP_transfer_intercom_complete == div#xpath#//div[@can-click='{transferOrConference}' and contains(@class,'icon-call-transfer')]
TP_share_minimize == button#xpath#//st-panel[contains(@class,'panelC')]/div/button[contains(@class,'icon icon-buttons-min close-panel')]
TP_first_recent_entry == div#xpath#//div[contains(@class,'wrap')]/st-paginator/ul[contains(@class,'flist')]/li[1]
TP_first_recent_entry_routing_slip_origin == div#xpath#//div[contains(@class,'wrap')]/st-paginator/ul[contains(@class,'flist')]/li[1]/st-im-call/div[2]/div[2]
TP_Close==button#xpath#//button[@class="icon icon-buttons-close close-panel"]
TP_event_duration_hours==input#xpath#//input[contains(@class, 'duration-hours')]
TP_event_duration_minutes==input#xpath#//input[contains(@class, 'duration-minutes')]
TP_Info_tab==li#xpath#//st-custom-tab/ul/li[text()='Info']
TP_Messages_tab==li#xpath#//st-custom-tab/ul/li[text()='Messages']
TP_Calls_tab==li#xpath#//st-custom-tab/ul/li[text()='Calls']
TP_Voicemails_tab==li#xpath#//st-custom-tab/ul/li[text()='Voicemails']
TP_Latest_Voicemail==div#xpath#//li[1]/st-im-voicemail/div[@class='list-header voicemail']
third_panel_messages==li#xpath#//st-custom-tab/ul/li[text()='Messages']
third_panel_calls==li#xpath#//st-custom-tab/ul/li[text()='Calls']
third_panel_voicemail==li#xpath#//st-custom-tab/ul/li[text()='Voicemails']
TP_close_sharing_dialog==span#xpath#//div[@class='close-section']/span[contains(@class,'icon-buttons-close')]
TP_icon_available==span#xpath#//span[@class='contact-chm person-availability-available ']
TP_icon_in_a_meeting==span#xpath#//span[@class='contact-chm person-availability-busy ']
TP_icon_out_of_office==span#xpath#//span[@class='contact-chm person-availability-not-available ']
TP_icon_vacation==span#xpath#//span[@class='contact-chm person-availability-vacation ']
TP_icon_dnd==span#xpath#//span[@class='contact-chm person-availability-dnd ']
TP_icon_custom==span#xpath#//span[contains(@class,'contact-chm person-availability-custom')]
Third_panel_transfer_disabled==button#xpath#//button[contains(@class,'icon  icon-controls-transfer button-disabled')]
Third_panel_callmove==button#xpath#//button[contains(@class,'icon icon-controls-callMove button-disabled')]
Third_panel_additional_option==button#xpath#//span[contains(@class,'menu-icon icon icon-buttons-arrow-down')]
TP_Contactcard_More_Dropdown_Intercom==span#xpath#//span[contains(@data-title,'Intercom')]
TP_Call_Me==div#xpath#//div[contains(@class,'cursor-pointer menu-icon icon-call-me-feature-dropdown')][1]
TP_call_Me_Number==input#xpath#//input[contains(@can-value,'{callMeNumber}')]
TP_Call_Me_Button==div#xpath#//div[contains(@class,'button-group btnCallMe ')]
TP_conference_dial_in==div#xpath#//div[@class='font-normal-m event-info-data']/div[@class='info'][5]
TP_access_code==div#xpath#//div[@class='font-normal-m event-info-data']/div[@class='info'][1]
TP_Accept_Share_From_Popup==div#xpath#//div/st-im-bridgeurl/div/div[@class='clickable view-screenshare']
TP_Accept_ScreenShare==div#xpath#//ul/st-im-bridgeurl/div/div[@class='clickable view-screenshare']
TP_Group_Form_Close==button#xpath#//button[@class='icon icon-buttons-close close-panel']
TP_Group_Form_Close_Yes==button#xpath#//button[@id='discard']
TP_Group_Form_Close_Cancel==button#xpath#//button[@id='cancel']

