Home_menu==tab#id#menu
Home_tab==link#xpath#//ul[@id="menu"]/li/a[contains(text(),'Home')]
Phone_system_tab==link#id#phone_system_nav
Personal_contacts_link==id#xpath#//a[contains(text(),'Personal Contacts')]
Operations_tab==link#id#operations_nav
Organization_tab==id#xpath#//ul[@id='menu']/li/a[contains(text(),'Organization')]
Home_page_company_name_div==link#xpath#//*[@id="company_name"]

Authorized_contact_tab==id#xpath#//a[contains(text(),'Authorized Contacts')]
Phone_system_tab1==id#xpath#//a[contains(text(),'Phone System')]
Services_link1==id#xpath#//a[contains(text(),'Services')]
Services_link==id#xpath#//a[@id='organization_nav']/following-sibling::div/div/ul/li/a[contains(text(),'Services')]
Account_Details_link==id#xpath#//a[@id='organization_nav']/following-sibling::div/div/ul/li/a[contains(text(),'Account Details')]
Accounts_link==id#xpath#//a[contains(text(),'Accounts')]
Contracts_link==id#xpath#//*[@id="operations_div"]/div/ul/li/a[contains(text(),'Contracts')]
Partitions_link==id#xpath#//*[@id="operations_div"]/div/ul/li/a[contains(text(),'Partitions')]
Primary_Partition_link==link#id#primary_partition_submenu

Users_link==link#id#phone_system_users
website_link==span#id#webSite
website_input==span#xpath#//*[@id="webSite"]/form/input
website_save_click==button#xpath#//*[contains(@type,'submit')]

Partitions==list#xpath#//*[@class="scrollable"]/li

CallRoutingTab==link#xpath#//li[@id='tab-call-routing']/a[@id='ui-id-5']
CallRoutingTab_Availability==id#xpath#//select[@id='selAvailabilityOptions']
CallRoutingTab_ConfigureMainSettings==id#xpath#//div[@id='configureMainSettingsButton']/button
CallRoutingTab_ConfigureMainSettings_AddButton==id#xpath#//div[@id='callRoutingAddNumbersHeader']/button
CallRoutingTab_ConfigureMainSettings_AddLabel1==id#xpath#//table[@id='tblCallRoutingNumbers']/tbody/tr[@class='ng-scope'][1]/td[1]/input
CallRoutingTab_ConfigureMainSettings_AddLabel2==id#xpath#//table[@id='tblCallRoutingNumbers']/tbody/tr[@class='ng-scope'][2]/td[1]/input
CallRoutingTab_ConfigureMainSettings_AddPhone1==id#xpath#//table[@id='tblCallRoutingNumbers']/tbody/tr[@class='ng-scope'][1]/td[2]/input
CallRoutingTab_ConfigureMainSettings_AddPhone2==id#xpath#//table[@id='tblCallRoutingNumbers']/tbody/tr[@class='ng-scope'][2]/td[2]/input
CallRoutingTab_ConfigureMainSettings_AddFinish==id#xpath#//button[@id='callRoutingSettingsWizard_finish']
CallRoutingTab_ConfigureMainSettings_Remove1==id#xpath#//table[@id='tblCallRoutingNumbers']/tbody/tr[2]/td[5]/button
CallRoutingTab_ConfigureMainSettings_Remove2==id#xpath#//table[@id='tblCallRoutingNumbers']/tbody/tr[3]/td[5]/button
CallRoutingTab_ConfigureMainSettings_SimRing1==id#xpath#//div[@id='cosmoCallRoutingSimRingContainer']/fieldset/div[3]/div[2]/select
CallRoutingTab_ConfigureMainSettings_SimRing2==id#xpath#//div[@id='cosmoCallRoutingSimRingContainer']/fieldset/div[3]/div[3]/select
CallRoutingTab_ConfigureMainSettings_FindMe1==id#xpath#//div[5]/div[@class='callRouting-marginTop'][1]/select
CallRoutingTab_ConfigureMainSettings_FindMe2==id#xpath#//div[5]/div[@class='callRouting-marginTop'][2]/select
CallRoutingTab_ConfigureMainSettings_Next==id#xpath#//button[@id='callRoutingSettingsWizard_next']
CallRoutingTab_ChangeFindme==id#xpath#//tbody/tr[4]/td[@class='callRoutingSummaryButtonContainer']/button
CallRoutingTab_ChangeFindme_Enabled==id#xpath#//div[@id='cosmoCallRoutingFindMeContainer']/fieldset[1]/div/div[@class='callRouting-marginTop']/span
CallRoutingTab_ChangeVoiceMailInteraction==id#xpath#//tbody/tr[5]/td[@class='callRoutingSummaryButtonContainer']/button
CallRoutingTab_NoVM==id#xpath#//div[@id='cosmoCallRoutingVoicemailContainer']/fieldset/div[1]/div[3]/input
CallRoutingTab_ExtensionForward==id#xpath#//div[@id='cosmoCallRoutingVoicemailContainer']/fieldset/div[2]/div/input
CallRoutingTab_Finish==id#xpath#//button[@id='availabilityRoutingWizard_finish']

ProgButton_Tab==id#xpath#//li[@id='tab-prog-buttons']/a[@id='ui-id-6']
ProgButton_LongLabel1==id#xpath#//div[@class='toolbar_tr_border ng-scope'][1]/div[@class='ng-scope']/div/div[@class='target-content user_prog_button_0_button']/div/div/input[1]

User_Options==link#id#userOptions
Switch_account==link#id#switch-account-text

company_name==id#id#company_name
dm_login_agree==button#id#btnContinue
Homepage_userMenuItems==link#id#userMenuItems
Homepage_logoff==link#xpath#//a[contains(text(),'Log Off')]
Homepage_stopImpersonating==link#xpath#//a[contains(text(),'Stop Impersonating')]

status_tab==tab#id#headerRow_OrderStatusName
location_tab==loc#xpath#.//*[@id='headerRow_FormattedLocationName']
order_link==id#xpath#//a[contains(text(),'Orders')]
order_id==id#xpath#//div[@id='datagrid_accountOrders']/div[5]/div/div[2]/div[1]/span/a
order_status==id#xpath#//*[@id='OrderStatus']
save_button==id#id#btnSave
ok_button==id#xpath#//*[@id="fnMessageBox_OK"]
export_button==id#id#accountOrdersExportBtn
geo_location_status==id#id#headerRow_Status
geo_location_name_field==grid#xpath#//div[@id='datagrid_accountLocations']/div[5]/div/div/div[2]
close_location_next==id#id#CloseLocationWizard_next
close_location_finish==id#id#CloseLocationWizard_finish
location_export_button==id#id#accountLocationsExportBtn
confirmation_text==id#xpath#//*[@id='divMessage']
by_pass_validation==id#id#Address_bypassValidation
close_option==id#id#ui-id-4

aob_setup_link==link#xpath#//a[@id='phone_system_nav']/following-sibling::div/div/ul/li/div/span/a[contains(text(),'Mitel Easy Setup')]
Ph_system_on_hold_music==a#xpath#//a[@id='phone_system_nav']/following-sibling::div/div/ul/li/a[contains(text(),'On Hold Music')]
phone_system_phones_menu==a#xpath#//a[@id='phone_system_nav']/following-sibling::div/div/ul/li/a[contains(text(),'Phones')]
moh_add_music_button==button#id#musicDataGridNewHoldMusic
moh_browseButton==input#id#browseButton
moh_fileUploadMusic_OK==button#id#fileUploadMusic_OK
moh_uploadFileDescription==input#id#uploadFileDescription
moh_checkbox==input#xpath#//*[@id="datagrid_musicDataGrid"]/div[5]/div/div/div[1]/input
moh_delete==button#id#musicDataGridDeleteHoldMusic
moh_headerRow_Name==input#id#headerRow_Name
moh_RenameMusicContextMenuItem==li#id#RenameMusicContextMenuItem
moh_listen==img#xpath#//img[@title='Listen']
moh_data==div#xpath#//div[@id="datagrid_musicDataGrid"]/div[5]/div/div/div[2]
moh_rename_description==input#id#description
moh_fileUpdateMusic_OK==button#id#fileUpdateMusic_OK

Phone_system_BCA_link==option#xpath#//a[contains(text(),'Bridged Call Appearances')]
BCA_Edit_Button==id#xpath#//*[@id="bcaProfilesDataGridEditButton"]
BCA_Edit_Button_Text==span#xpath#//*[@id="bcaProfilesDataGridEditButton"]/span[2]
BCA_grid_first_item==input#xpath#//*[@id="datagrid_bcaProfilesDataGrid"]/div[5]/div/div[1]/div[1]/input
BCA_Edit_window_cancel_button==id#xpath#//*[@id="btnAddEditBcaCancel"]

Home_tab1==id#xpath#//*[@id="menu"]/li[1]/a
Home_Phone_Settings_link==id#xpath#//*[@id="menu"]/li[1]/div/div[3]/ul/li[1]/a
Shared_Call_Appearance_list==span#xpath#//*[@id="SCAEnabled"]
Shared_Call_Appearance_dropdown==select#xpath#//*[@id="SCAEnabled"]/form/select
Shared_Call_Appearance_submit==id#xpath#//*[@id="SCAEnabled"]/form/button[1]
Shared_Call_Appearance_ok==id#xpath#//*[@id="fnMessageBox_OK"]
Homepage_stop_impersonating==link#xpath#//a[contains(text(),'Stop Impersonating')]

Service_Phone_name_link==a#xpath#//*[@id="datagrid_usersDataGrid"]/div[5]/div/div[2]/div[2]/a
Prog_Buttons_tab==id#xpath#//*[@id="ui-id-6"]
Prog_Buttons_IP_Phones_tab==id#xpath#//*[@id="tab-ipPhones"]/div/div[4]/div/div[1]/div[1]
IP_Phones_Type_selection==list#xpath#//*[@id="tab-ipPhones"]/div/div[4]/div/div[2]/div[2]/div/div[2]/select[1]
IP_Phones_Function_selection==list#xpath#//*[@id="tab-ipPhones"]/div/div[4]/div/div[2]/div[2]/div/div[2]/select[2]
Phone_system_user_right_click_options==id#xpath#//*[@id="usersDataGridContextMenu"]/li/a
Phone_system_user_right_click_options1==id#xpath#//*[@id="usersDataGridContextMenu"]
extension_text_box==id#xpath#//*[@id="headerRow_Extension"]
Phone_system_user_contact_name_link==id#xpath#//*[@id="datagrid_usersDataGrid"]/div[5]/div/div/div[2]/a
IP_Phones_LongLabel_textbox==input#xpath#//*[@id="tab-ipPhones"]/div/div[4]/div/div[2]/div[2]/div/div[2]/input[1]
IP_Phones_ShortLabel_textbox==input#xpath#//*[@id="tab-ipPhones"]/div/div[4]/div/div[2]/div[2]/div/div[2]/input[2]
IP_Phones_Extension_textbox==input#xpath#//*[@id="tab-ipPhones"]/div/div[4]/div/div[2]/div[2]/div/div[3]/div/div/div/input
Prog_Buttons_save_button==id#xpath#//*[@id="savebtn_4329"]
Prog_Buttons_IP_Phones_Longlabel_cell==label#xpath#//*[@id="tab-ipPhones"]/div/div[4]/div/div[1]/div[1]/div[4]/label
Users_link1==id#xpath#//*[@id="phone_system_users"]


#Profiles View
# Elements to access information in UI for 'Operations > IP IPBX - Primary Partition > Profiles'
ProfileDataGridCanvas==div#xpath#//*[@class="grid-canvas"]
selectProfileCheckbox==xpath#xpath#(//*[@id="datagrid_partitionProfilesDataGrid"]//input)
ProfilesProductDropdown==id#id#headerRow_ProfileTypeName
profilesReassignButton==id#id#partitionProfilesDataGridReAssignButton
profilesReassignNumberForm==id#id#reassignNumberForm
profilesReassignNewExtensionInputBox==id#id#reassignExtension
profilesReassignNumberFormSaveButton==id#id#reassignNumberForm_OK
profilesReassignNumberNewExtensionErrorMessage==xpath#xpath#//*[@id="reassignNumberForm"]//*[@for="reassignExtension"]

profileTableColumHeadings==id#xpath#//div[@id="datagrid_partitionProfilesDataGrid"]/div[2]/div
profilesAllButtons==xpath#xpath#//*[@id="gridContainer_partitionProfilesDataGrid"]/div[2]
ProfilesNumber==id#id#headerRow_TnFormatted
ProfilesExtension==id#id#headerRow_Extension

#On Hold Music
OnHoldMusicGridCanvas==div#xpath#//*[@class="grid-canvas"]
OnHoldMusicSearchName==id#id#headerRow_Name
OnHoldMusicFirstCheckboxId==xpath#xpath#(//*[@class="grid-canvas"]//input[@type="checkbox"])[1]
OnHoldMusicDeleteButton==id#id#musicDataGridDeleteHoldMusic
#OnHoldMusicDeleteConfirmationDialog==xpath#xpath#//*[@id="ui-id-8"]
OnHoldMusicDeleteConfirmationDialog==xpath#xpath#//*[contains(text(), 'Are you sure you want to delete the selected file')]

OnHoldMusicDeleteConfirmationYesButton==xpath#xpath#//*[@id="fnMessageBox_Yes"]
OnHoldMusicDeleteConfirmationYesButton2==xpath#xpath#(//*[@id="fnMessageBox_Yes"])[2]

OnHoldMusicAddButton==id#id#musicDataGridNewHoldMusic
OnHoldMusicAddMusicFileDescription==id#id#uploadFileDescription
OnHoldMusicAddMusicBrowseButton==id#id#browseButton
OnHoldMusicAddMusicOkButton==id#id#fileUploadMusic_OK
OnHoldMusicSearchFilenameInput==id#id#headerRow_FileName
OnHoldMusicUploadMP3FileErrorMessage==xpath#xpath#//p[contains(., "must end with a .wav extension.")]
OnHoldMusicUploadErrorMessageDialogOkButton==id#id#fnMessageBox_OK
organization_account_details==a#xpath#//*[@id="menu"]/li[3]/div/div[1]/ul/li[6]/a
organization_account_details_show==a#xpath#//*/a[contains(text(), "Show")]
organization_account_details_ac_id==span#xpath#//*[@id="connecttoken1"]/td[2]/span
organization_account_details_token==span#xpath#//*[@id="connecttoken2"]/td[2]/span
#organization_account_details1==a#xpath#//*[@id="menu"]/li[1]/div/div[1]/ul/li[6]/a
organization_account_details1==a#xpath#//div/ul/li[6]/a[contains(text(),'Account Details')]
partition_tab==li#id#tab-partitions
partition_tab_grid==div#xpath#//*[@id="datagrid_partitions"]//div[@class="grid-canvas"]

